###############################################################################
#
# IAR ELF Linker V8.20.2.14835/W32 for ARM                22/Apr/2018  14:17:17
# Copyright 2007-2017 IAR Systems AB.
#
#    Output file  =  
#        E:\文件资料\github\2018_13th_NXP_Smartcar\Smartcar_三轮\Prj\IAR\KEA128_Debug\Exe\vcan_Kinetis.out
#    Map file     =  
#        E:\文件资料\github\2018_13th_NXP_Smartcar\Smartcar_三轮\Prj\IAR\KEA128_Debug\List\vcan_Kinetis.map
#    Command line =  
#        -f C:\Users\ZHY\AppData\Local\Temp\EW80E9.tmp
#        (E:\文件资料\github\2018_13th_NXP_Smartcar\Smartcar_三轮\Prj\IAR\KEA128_Debug\Obj\control.o
#        E:\文件资料\github\2018_13th_NXP_Smartcar\Smartcar_三轮\Prj\IAR\KEA128_Debug\Obj\direction.o
#        E:\文件资料\github\2018_13th_NXP_Smartcar\Smartcar_三轮\Prj\IAR\KEA128_Debug\Obj\Font4x6_ASCII.o
#        E:\文件资料\github\2018_13th_NXP_Smartcar\Smartcar_三轮\Prj\IAR\KEA128_Debug\Obj\Font6x8_ASCII.o
#        E:\文件资料\github\2018_13th_NXP_Smartcar\Smartcar_三轮\Prj\IAR\KEA128_Debug\Obj\Font8x10_ASCII.o
#        E:\文件资料\github\2018_13th_NXP_Smartcar\Smartcar_三轮\Prj\IAR\KEA128_Debug\Obj\Font8x8_ASCII.o
#        E:\文件资料\github\2018_13th_NXP_Smartcar\Smartcar_三轮\Prj\IAR\KEA128_Debug\Obj\IIC.o
#        E:\文件资料\github\2018_13th_NXP_Smartcar\Smartcar_三轮\Prj\IAR\KEA128_Debug\Obj\KEA_adc.o
#        E:\文件资料\github\2018_13th_NXP_Smartcar\Smartcar_三轮\Prj\IAR\KEA128_Debug\Obj\KEA_ftm.o
#        E:\文件资料\github\2018_13th_NXP_Smartcar\Smartcar_三轮\Prj\IAR\KEA128_Debug\Obj\KEA_gpio.o
#        E:\文件资料\github\2018_13th_NXP_Smartcar\Smartcar_三轮\Prj\IAR\KEA128_Debug\Obj\KEA_PIT.o
#        E:\文件资料\github\2018_13th_NXP_Smartcar\Smartcar_三轮\Prj\IAR\KEA128_Debug\Obj\KEA_port.o
#        E:\文件资料\github\2018_13th_NXP_Smartcar\Smartcar_三轮\Prj\IAR\KEA128_Debug\Obj\KEA_SysTick.o
#        E:\文件资料\github\2018_13th_NXP_Smartcar\Smartcar_三轮\Prj\IAR\KEA128_Debug\Obj\KEA_uart.o
#        E:\文件资料\github\2018_13th_NXP_Smartcar\Smartcar_三轮\Prj\IAR\KEA128_Debug\Obj\KEA_wdog.o
#        E:\文件资料\github\2018_13th_NXP_Smartcar\Smartcar_三轮\Prj\IAR\KEA128_Debug\Obj\main.o
#        E:\文件资料\github\2018_13th_NXP_Smartcar\Smartcar_三轮\Prj\IAR\KEA128_Debug\Obj\misc.o
#        E:\文件资料\github\2018_13th_NXP_Smartcar\Smartcar_三轮\Prj\IAR\KEA128_Debug\Obj\MKEA128_conf.o
#        E:\文件资料\github\2018_13th_NXP_Smartcar\Smartcar_三轮\Prj\IAR\KEA128_Debug\Obj\MKEA128_it.o
#        E:\文件资料\github\2018_13th_NXP_Smartcar\Smartcar_三轮\Prj\IAR\KEA128_Debug\Obj\MPU6050.o
#        E:\文件资料\github\2018_13th_NXP_Smartcar\Smartcar_三轮\Prj\IAR\KEA128_Debug\Obj\MyOLED.o
#        E:\文件资料\github\2018_13th_NXP_Smartcar\Smartcar_三轮\Prj\IAR\KEA128_Debug\Obj\SOLGUI_Common.o
#        E:\文件资料\github\2018_13th_NXP_Smartcar\Smartcar_三轮\Prj\IAR\KEA128_Debug\Obj\SOLGUI_GBasic.o
#        E:\文件资料\github\2018_13th_NXP_Smartcar\Smartcar_三轮\Prj\IAR\KEA128_Debug\Obj\SOLGUI_Hardware.o
#        E:\文件资料\github\2018_13th_NXP_Smartcar\Smartcar_三轮\Prj\IAR\KEA128_Debug\Obj\SOLGUI_Menu.o
#        E:\文件资料\github\2018_13th_NXP_Smartcar\Smartcar_三轮\Prj\IAR\KEA128_Debug\Obj\SOLGUI_Picture.o
#        E:\文件资料\github\2018_13th_NXP_Smartcar\Smartcar_三轮\Prj\IAR\KEA128_Debug\Obj\SOLGUI_Printf.o
#        E:\文件资料\github\2018_13th_NXP_Smartcar\Smartcar_三轮\Prj\IAR\KEA128_Debug\Obj\SOLGUI_Widget.o
#        E:\文件资料\github\2018_13th_NXP_Smartcar\Smartcar_三轮\Prj\IAR\KEA128_Debug\Obj\startup_SKEAZ1284.o
#        E:\文件资料\github\2018_13th_NXP_Smartcar\Smartcar_三轮\Prj\IAR\KEA128_Debug\Obj\system_SKEAZ1284.o
#        E:\文件资料\github\2018_13th_NXP_Smartcar\Smartcar_三轮\Prj\IAR\KEA128_Debug\Obj\VCAN_ASCII.o
#        E:\文件资料\github\2018_13th_NXP_Smartcar\Smartcar_三轮\Prj\IAR\KEA128_Debug\Obj\VCAN_computer.o
#        E:\文件资料\github\2018_13th_NXP_Smartcar\Smartcar_三轮\Prj\IAR\KEA128_Debug\Obj\VCAN_key.o
#        E:\文件资料\github\2018_13th_NXP_Smartcar\Smartcar_三轮\Prj\IAR\KEA128_Debug\Obj\VCAN_key_event.o
#        E:\文件资料\github\2018_13th_NXP_Smartcar\Smartcar_三轮\Prj\IAR\KEA128_Debug\Obj\VCAN_LCD.o
#        E:\文件资料\github\2018_13th_NXP_Smartcar\Smartcar_三轮\Prj\IAR\KEA128_Debug\Obj\VCAN_LCD_CH.o
#        E:\文件资料\github\2018_13th_NXP_Smartcar\Smartcar_三轮\Prj\IAR\KEA128_Debug\Obj\VCAN_LCD_ST7735R.o
#        E:\文件资料\github\2018_13th_NXP_Smartcar\Smartcar_三轮\Prj\IAR\KEA128_Debug\Obj\VCAN_LCD_ST7735S.o
#        E:\文件资料\github\2018_13th_NXP_Smartcar\Smartcar_三轮\Prj\IAR\KEA128_Debug\Obj\VCAN_LED.o
#        E:\文件资料\github\2018_13th_NXP_Smartcar\Smartcar_三轮\Prj\IAR\KEA128_Debug\Obj\VCAN_NRF24L0.o
#        E:\文件资料\github\2018_13th_NXP_Smartcar\Smartcar_三轮\Prj\IAR\KEA128_Debug\Obj\VCAN_NRF24L0_MSG.o
#        E:\文件资料\github\2018_13th_NXP_Smartcar\Smartcar_三轮\Prj\IAR\KEA128_Debug\Obj\VCAN_TSL1401.o
#        E:\文件资料\github\2018_13th_NXP_Smartcar\Smartcar_三轮\Prj\IAR\KEA128_Debug\Obj\VCAN_UI_VAR.o
#        E:\文件资料\github\2018_13th_NXP_Smartcar\Smartcar_三轮\Prj\IAR\KEA128_Debug\Obj\vectors.o
#        --redirect _Printf=_PrintfLargeNoMb --redirect _Scanf=_ScanfLargeNoMb
#        -o
#        E:\文件资料\github\2018_13th_NXP_Smartcar\Smartcar_三轮\Prj\IAR\KEA128_Debug\Exe\vcan_Kinetis.out
#        --map
#        E:\文件资料\github\2018_13th_NXP_Smartcar\Smartcar_三轮\Prj\IAR\KEA128_Debug\List\vcan_Kinetis.map
#        --config
#        "E:\文件资料\github\2018_13th_NXP_Smartcar\Smartcar_三轮\Prj\IAR\config
#        files\vcan_ROM_KEA128.icf" --entry __iar_program_start --redirect
#        __write=__write_buffered --vfe --text_out locale)
#
###############################################################################

*******************************************************************************
*** RUNTIME MODEL ATTRIBUTES
***

CppFlavor       = *
__SystemLibrary = DLib
__dlib_version  = 6


*******************************************************************************
*** HEAP SELECTION
***

The basic heap was selected because no calls to memory allocation
functions were found in the application outside of system library
functions, and there are calls to deallocation functions in the
application.


*******************************************************************************
*** PLACEMENT SUMMARY
***

"A0":  place at 0x00004000 { ro section .intvec };
"A1":  place at 0x000040c0 { ro section .noinit };
define block CodeRelocate { section .textrw_init };
"P1":  place in [from 0x00004000 to 0x00020000] { ro, block CodeRelocate };
define block CodeRelocateRam { section .textrw };
define block CSTACK with size = 8K, alignment = 8 { };
define block HEAP with size = 0M, alignment = 8 { };
"P2":  place in [from 0x1ffff000 to 0x20003000] {
          rw, block CodeRelocateRam, block CSTACK, block HEAP };
initialize manually with packing = copy, complex ranges { section .data };

No sections matched the following patterns:

  section .textrw       in block CodeRelocateRam
  section .textrw_init  in block CodeRelocate


  Section              Kind        Address    Size  Object
  -------              ----        -------    ----  ------
"A0":                                         0xc0
  .intvec              const    0x00004000    0xc0  vectors.o [1]
                              - 0x000040c0    0xc0

"A1":                                          0x8
  .noinit              ro code  0x000040c0     0x8  startup_SKEAZ1284.o [1]
                              - 0x000040c8     0x8

"P1", part 1 of 2:                          0x52a0
  .text                ro code  0x000040c8   0x9ac  SOLGUI_Widget.o [1]
  .text                ro code  0x00004a74   0x434  SOLGUI_Menu.o [1]
  .text                ro code  0x00004ea8   0x7ea  SOLGUI_Printf.o [1]
  .text                ro code  0x00005692   0x298  SOLGUI_GBasic.o [1]
  .text                ro code  0x0000592c    0x34  IxxToDbl.o [4]
  .text                ro code  0x00005960    0xc2  DblDiv.o [4]
  .text                ro code  0x00005a22   0x184  DblMul.o [4]
  .text                ro code  0x00005ba6   0x1b4  DblAddSub.o [4]
  .text                ro code  0x00005d5c    0x52  DblToI32.o [4]
  .text                ro code  0x00005dae    0x32  DblCmpLe.o [4]
  .text                ro code  0x00005de0    0x32  DblCmpGe.o [4]
  .text                ro code  0x00005e14    0x32  FltToDbl.o [4]
  .text                ro code  0x00005e46    0x62  DblToFlt.o [4]
  .text                ro code  0x00005ea8   0x120  FltAddSub.o [4]
  .text                ro code  0x00005fc8    0xbc  SOLGUI_Common.o [1]
  .text                ro code  0x00006084    0xe0  I32DivModFast.o [5]
  .text                ro code  0x00006164    0x14  SOLGUI_Hardware.o [1]
  .text                ro code  0x00006178    0x54  ABImemset.o [5]
  .text                ro code  0x000061cc     0x2  IntDivZer.o [5]
  .text                ro code  0x000061d0   0x434  MyOLED.o [1]
  .text                ro code  0x00006604   0x150  KEA_gpio.o [1]
  .text                ro code  0x00006754    0x60  MKEA128_conf.o [1]
  .text                ro code  0x000067b4    0x80  VCAN_LED.o [1]
  .text                ro code  0x00006834    0x6c  misc.o [1]
  .text                ro code  0x000068a0   0x10c  KEA_uart.o [1]
  .text                ro code  0x000069ac    0x7c  KEA_port.o [1]
  .text                ro code  0x00006a28   0x980  control.o [1]
  .text                ro code  0x000073a8    0x7c  VCAN_key.o [1]
  .text                ro code  0x00007424   0x472  KEA_ftm.o [1]
  .text                ro code  0x00007898    0x36  IxxToFlt.o [4]
  .text                ro code  0x000078d0    0x26  FltCmpLe.o [4]
  .text                ro code  0x000078f8    0x28  FltCmpGe.o [4]
  .text                ro code  0x00007920    0x26  FltToU32.o [4]
  .text                ro code  0x00007946    0xb0  FltMul.o [4]
  .text                ro code  0x000079f8    0xa4  KEA_adc.o [1]
  .text                ro code  0x00007a9c    0xaa  FltDiv.o [4]
  .text                ro code  0x00007b48    0x3a  FltToS32.o [4]
  .data_init                    0x00007b84   0x4ac  <Block>
    Initializer bytes  const    0x00007b84   0x4ac  <for .data-1>
  .rodata              const    0x00008030   0x3b8  Font8x10_ASCII.o [1]
  .rodata              const    0x000083e8   0x350  Font6x8_ASCII.o [1]
  .rodata              const    0x00008738   0x228  MyOLED.o [1]
  .text                ro code  0x00008960   0x218  main.o [1]
  .text                ro code  0x00008b78    0x64  KEA_SysTick.o [1]
  .text                ro code  0x00008bdc    0x94  KEA_PIT.o [1]
  .text                ro code  0x00008c70   0x160  vectors.o [1]
  .text                ro code  0x00008dd0   0x12c  system_SKEAZ1284.o [1]
  .text                ro code  0x00008efc    0x54  KEA_wdog.o [1]
  .rodata              const    0x00008f50    0x58  KEA_SysTick.o [1]
  .rodata              const    0x00008fa8    0x54  KEA_adc.o [1]
  .rodata              const    0x00008ffc    0x54  KEA_ftm.o [1]
  .rodata              const    0x00009050    0x54  KEA_gpio.o [1]
  .rodata              const    0x000090a4    0x54  KEA_PIT.o [1]
  .rodata              const    0x000090f8    0x50  misc.o [1]
  .text                ro code  0x00009148    0x3c  zero_init3.o [5]
  .text                ro code  0x00009184    0x28  data_init.o [5]
  .rodata              const    0x000091ac    0x24  MKEA128_conf.o [1]
  .iar.init_table      const    0x000091d0    0x10  - Linker created -
  .text                ro code  0x000091e0    0x1e  cmain.o [5]
  .text                ro code  0x000091fe     0x4  low_level_init.o [3]
  .text                ro code  0x00009202     0x8  exit.o [3]
  .text                ro code  0x0000920c     0xa  cexit.o [5]
  .text                ro code  0x00009218     0xc  XXexit.o [5]
  .rodata              const    0x00009224    0x18  MyOLED.o [1]
  .rodata              const    0x0000923c    0x10  main.o [1]
  .rodata              const    0x0000924c    0x10  SOLGUI_Menu.o [1]
  .rodata              const    0x0000925c     0xc  KEA_port.o [1]
  .rodata              const    0x00009268     0xc  SOLGUI_Menu.o [1]
  .rodata              const    0x00009274     0xc  SOLGUI_Menu.o [1]
  .rodata              const    0x00009280     0xc  SOLGUI_Menu.o [1]
  .rodata              const    0x0000928c     0xc  SOLGUI_Menu.o [1]
  .rodata              const    0x00009298     0xc  SOLGUI_Menu.o [1]
  .rodata              const    0x000092a4     0xc  SOLGUI_Menu.o [1]
  .rodata              const    0x000092b0     0xc  SOLGUI_Menu.o [1]
  .rodata              const    0x000092bc     0xc  SOLGUI_Menu.o [1]
  .rodata              const    0x000092c8     0xc  SOLGUI_Menu.o [1]
  .rodata              const    0x000092d4     0xc  SOLGUI_Menu.o [1]
  .rodata              const    0x000092e0     0xc  SOLGUI_Menu.o [1]
  .text                ro code  0x000092ec     0xc  cstartup_M.o [5]
  .rodata              const    0x000092f8     0x8  MyOLED.o [1]
  .rodata              const    0x00009300     0x8  SOLGUI_Menu.o [1]
  .rodata              const    0x00009308     0x8  SOLGUI_Menu.o [1]
  .rodata              const    0x00009310     0x8  SOLGUI_Menu.o [1]
  .rodata              const    0x00009318     0x8  SOLGUI_Menu.o [1]
  .rodata              const    0x00009320     0x8  SOLGUI_Menu.o [1]
  .rodata              const    0x00009328     0x8  SOLGUI_Menu.o [1]
  .rodata              const    0x00009330     0x8  SOLGUI_Menu.o [1]
  .rodata              const    0x00009338     0x8  SOLGUI_Menu.o [1]
  .rodata              const    0x00009340     0x8  SOLGUI_Menu.o [1]
  .rodata              const    0x00009348     0x8  SOLGUI_Menu.o [1]
  .rodata              const    0x00009350     0x8  SOLGUI_Menu.o [1]
  .rodata              const    0x00009358     0x8  SOLGUI_Menu.o [1]
  .rodata              const    0x00009360     0x8  SOLGUI_Widget.o [1]
  .rodata              const    0x00009368     0x0  zero_init3.o [5]
                              - 0x00009368  0x52a0

"P1", part 2 of 2:                             0x0
  CodeRelocate                  0x00009368     0x0  <Block>

"P2", part 1 of 3:                           0x4ac
  .data                         0x1ffff000   0x4ac  <Block>
    .data-1                     0x1ffff000   0x4ac  <Init block>
      .data            inited   0x1ffff000     0x4  control.o [1]
      .data            inited   0x1ffff004     0x4  control.o [1]
      .data            inited   0x1ffff008     0x4  control.o [1]
      .data            inited   0x1ffff00c     0x4  control.o [1]
      .data            inited   0x1ffff010    0x1c  control.o [1]
      .data            inited   0x1ffff02c    0x1c  control.o [1]
      .data            inited   0x1ffff048    0x10  control.o [1]
      .data            inited   0x1ffff058     0x4  control.o [1]
      .data            inited   0x1ffff05c     0xc  KEA_gpio.o [1]
      .data            inited   0x1ffff068     0x4  main.o [1]
      .data            inited   0x1ffff06c     0x4  main.o [1]
      .data            inited   0x1ffff070   0x400  MyOLED.o [1]
      .data            inited   0x1ffff470     0xc  SOLGUI_Menu.o [1]
      .data            inited   0x1ffff47c     0xc  SOLGUI_Menu.o [1]
      .data            inited   0x1ffff488     0x8  SOLGUI_Printf.o [1]
      .data            inited   0x1ffff490     0x8  SOLGUI_Printf.o [1]
      .data            inited   0x1ffff498     0x4  SOLGUI_Widget.o [1]
      .data            inited   0x1ffff49c     0xc  VCAN_key.o [1]
      .data            inited   0x1ffff4a8     0x4  VCAN_LED.o [1]
                              - 0x1ffff4ac   0x4ac

"P2", part 2 of 3:                           0x4a0
  .bss                          0x1ffff4ac   0x4a0  <Block>
    .bss               zero     0x1ffff4ac     0x4  control.o [1]
    .bss               zero     0x1ffff4b0     0x4  control.o [1]
    .bss               zero     0x1ffff4b4     0x4  control.o [1]
    .bss               zero     0x1ffff4b8     0x4  control.o [1]
    .bss               zero     0x1ffff4bc     0xc  control.o [1]
    .bss               zero     0x1ffff4c8     0x4  control.o [1]
    .bss               zero     0x1ffff4cc    0x10  control.o [1]
    .bss               zero     0x1ffff4dc    0x10  control.o [1]
    .bss               zero     0x1ffff4ec     0xc  KEA_ftm.o [1]
    .bss               zero     0x1ffff4f8    0x10  main.o [1]
    .bss               zero     0x1ffff508     0x4  main.o [1]
    .bss               zero     0x1ffff50c     0x4  main.o [1]
    .bss               zero     0x1ffff510   0x400  SOLGUI_Common.o [1]
    .bss               zero     0x1ffff910     0x4  SOLGUI_Menu.o [1]
    .bss               zero     0x1ffff914     0x8  SOLGUI_Menu.o [1]
    .bss               zero     0x1ffff91c     0xc  SOLGUI_Widget.o [1]
    .bss               zero     0x1ffff928    0x10  SOLGUI_Widget.o [1]
    .bss               zero     0x1ffff938     0x4  system_SKEAZ1284.o [1]
    .bss               zero     0x1ffff93c     0x4  system_SKEAZ1284.o [1]
    .bss               zero     0x1ffff940     0x4  system_SKEAZ1284.o [1]
    .bss               zero     0x1ffff944     0x4  system_SKEAZ1284.o [1]
    .bss               zero     0x1ffff948     0x1  main.o [1]
    .bss               zero     0x1ffff949     0x1  SOLGUI_Menu.o [1]
    .bss               zero     0x1ffff94a     0x1  SOLGUI_Menu.o [1]
    .bss               zero     0x1ffff94b     0x1  SOLGUI_Widget.o [1]
                              - 0x1ffff94c   0x4a0

"P2", part 3 of 3:                             0x0
  CodeRelocateRam               0x1ffff94c     0x0  <Block>


*******************************************************************************
*** INIT TABLE
***

          Address     Size
          -------     ----
Zero (__iar_zero_init3)
    1 destination range, total size 0x4a0:
          0x1ffff4ac  0x4a0



*******************************************************************************
*** MODULE SUMMARY
***

    Module               ro code  ro data  rw data
    ------               -------  -------  -------
E:\文件资料\github\2018_13th_NXP_Smartcar\Smartcar_三轮\Prj\IAR\KEA128_Debug\Obj: [1]
    Font6x8_ASCII.o                   848
    Font8x10_ASCII.o                  952
    KEA_PIT.o                148       84
    KEA_SysTick.o            100       88
    KEA_adc.o                164       84
    KEA_ftm.o              1 138       84       12
    KEA_gpio.o               336       96       12
    KEA_port.o               124       12
    KEA_uart.o               268
    KEA_wdog.o                84
    MKEA128_conf.o            96       36
    MyOLED.o               1 076    1 608    1 024
    SOLGUI_Common.o          188             1 024
    SOLGUI_GBasic.o          664
    SOLGUI_Hardware.o         20
    SOLGUI_Menu.o          1 076      268       38
    SOLGUI_Printf.o        2 026       16       16
    SOLGUI_Widget.o        2 476       12       33
    VCAN_LED.o               128        4        4
    VCAN_key.o               124       12       12
    control.o              2 432       92      156
    main.o                   536       24       33
    misc.o                   108       80
    startup_SKEAZ1284.o        8
    system_SKEAZ1284.o       300                16
    vectors.o                352      192
    ----------------------------------------------
    Total:                13 972    4 592    2 380

command line: [2]
    ----------------------------------------------
    Total:

dl6M_tlf.a: [3]
    exit.o                     8
    low_level_init.o           4
    ----------------------------------------------
    Total:                    12

m6M_tl.a: [4]
    DblAddSub.o              436
    DblCmpGe.o                50
    DblCmpLe.o                50
    DblDiv.o                 194
    DblMul.o                 388
    DblToFlt.o                98
    DblToI32.o                82
    FltAddSub.o              288
    FltCmpGe.o                40
    FltCmpLe.o                38
    FltDiv.o                 170
    FltMul.o                 176
    FltToDbl.o                50
    FltToS32.o                58
    FltToU32.o                38
    IxxToDbl.o                52
    IxxToFlt.o                54
    ----------------------------------------------
    Total:                 2 262

rt6M_tl.a: [5]
    ABImemset.o               84
    I32DivModFast.o          224
    IntDivZer.o                2
    XXexit.o                  12
    cexit.o                   10
    cmain.o                   30
    cstartup_M.o              12
    data_init.o               40
    zero_init3.o              60
    ----------------------------------------------
    Total:                   474

    Gaps                      22
    Linker created                     16
--------------------------------------------------
    Grand Total:          16 742    4 608    2 380


*******************************************************************************
*** ENTRY LIST
***

Entry                      Address   Size  Type      Object
-----                      -------   ----  ----      ------
.bss$$Base              0x1ffff4ac          --   Gb  - Linker created -
.bss$$Limit             0x1ffff94c          --   Gb  - Linker created -
.data$$Base             0x1ffff000          --   Gb  - Linker created -
.data$$Limit            0x1ffff4ac          --   Gb  - Linker created -
.data_init$$Base        0x00007b84          --   Gb  - Linker created -
.data_init$$Limit       0x00008030          --   Gb  - Linker created -
.iar.init_table$$Base   0x000091d0          --   Gb  - Linker created -
.iar.init_table$$Limit  0x000091e0          --   Gb  - Linker created -
?main                   0x000091e1         Code  Gb  cmain.o [5]
ASSERT_FAILED_STR       0x000091ac   0x24  Data  Gb  MKEA128_conf.o [1]
CodeRelocate$$Base      0x00009368          --   Gb  - Linker created -
CodeRelocate$$Limit     0x00009368          --   Gb  - Linker created -
CodeRelocateRam$$Base   0x1ffff94c          --   Gb  - Linker created -
CodeRelocateRam$$Limit  0x1ffff94c          --   Gb  - Linker created -
Dir_PdControl           0x00006e45   0x42  Code  Gb  control.o [1]
Draw_BMP                0x00006521   0x68  Code  Gb  MyOLED.o [1]
EDIT                    0x1ffff47c    0xc  Data  Gb  SOLGUI_Menu.o [1]
Encoder_init            0x00006b5b   0x2c  Code  Gb  control.o [1]
F6x8                    0x00008738  0x228  Data  Gb  MyOLED.o [1]
FIFO_DeQueue            0x00004cbd   0x36  Code  Gb  SOLGUI_Menu.o [1]
FIFO_EnQueue            0x00004c85   0x24  Code  Gb  SOLGUI_Menu.o [1]
FIFO_Init               0x00004c5d   0x1e  Code  Gb  SOLGUI_Menu.o [1]
GPIOX                   0x1ffff05c    0xc  Data  Gb  KEA_gpio.o [1]
KEY_NUM                 0x1ffff948    0x1  Data  Gb  main.o [1]
KEY_PTxn                0x1ffff49c    0xc  Data  Gb  VCAN_key.o [1]
Key_Scan                0x00006a29   0xc8  Code  Gb  control.o [1]
LED_PTxn                0x1ffff4a8    0x4  Data  Gb  VCAN_LED.o [1]
Motor_control           0x00006b8d  0x23e  Code  Gb  control.o [1]
Motor_control::change   0x1ffff058    0x4  Data  Lc  control.o [1]
NVIC_EnableIRQ          0x00008961    0xe  Code  Lc  main.o [1]
OLED_DLY_ms             0x00006341   0x20  Code  Gb  MyOLED.o [1]
OLED_Fill               0x000062ff   0x42  Code  Gb  MyOLED.o [1]
OLED_Init               0x00006361  0x134  Code  Gb  MyOLED.o [1]
OLED_P6x8Str            0x000064a5   0x72  Code  Gb  MyOLED.o [1]
OLED_Set_Pos            0x000062cf   0x30  Code  Gb  MyOLED.o [1]
OLED_WrCmd              0x00006251   0x7e  Code  Gb  MyOLED.o [1]
OLED_WrDat              0x000061d1   0x80  Code  Gb  MyOLED.o [1]
Region$$Table$$Base     0x000091d0          --   Gb  - Linker created -
Region$$Table$$Limit    0x000091e0          --   Gb  - Linker created -
Reset_Handler           0x000040c1         Code  Gb  startup_SKEAZ1284.o [1]
SOLGUI_CSR              0x1ffff94a    0x1  Data  Gb  SOLGUI_Menu.o [1]
SOLGUI_Clean            0x00005ff9   0x16  Code  Gb  SOLGUI_Common.o [1]
SOLGUI_Cursor           0x00004113  0x2a4  Code  Gb  SOLGUI_Widget.o [1]
SOLGUI_DrawPoint        0x0000600f   0x72  Code  Gb  SOLGUI_Common.o [1]
SOLGUI_GBasic_Line      0x00005721  0x124  Code  Gb  SOLGUI_GBasic.o [1]
SOLGUI_GBasic_Rectangle
                        0x00005845   0xe6  Code  Gb  SOLGUI_GBasic.o [1]
SOLGUI_GRAM             0x1ffff510  0x400  Data  Gb  SOLGUI_Common.o [1]
SOLGUI_GetCurrentKey    0x00004ddb    0x6  Code  Gb  SOLGUI_Menu.o [1]
SOLGUI_Hardware_FillScreen
                        0x0000616d    0xc  Code  Gb  SOLGUI_Hardware.o [1]
SOLGUI_Hardware_Init    0x00006165    0x8  Code  Gb  SOLGUI_Hardware.o [1]
SOLGUI_Init             0x00005fc9   0x22  Code  Gb  SOLGUI_Common.o [1]
SOLGUI_InputKey         0x00004dcd    0xe  Code  Gb  SOLGUI_Menu.o [1]
SOLGUI_Menu_PageStage   0x00004dfd   0x50  Code  Gb  SOLGUI_Menu.o [1]
SOLGUI_Menu_SetHomePage
                        0x00004db5    0xe  Code  Gb  SOLGUI_Menu.o [1]
SOLGUI_Menu_Title       0x00004d21   0x8e  Code  Gb  SOLGUI_Menu.o [1]
SOLGUI_PutChar          0x00004eed   0xc4  Code  Gb  SOLGUI_Printf.o [1]
SOLGUI_PutString        0x00004fb1   0x3e  Code  Gb  SOLGUI_Printf.o [1]
SOLGUI_Refresh          0x00005feb    0xe  Code  Gb  SOLGUI_Common.o [1]
SOLGUI_SwitchFont       0x00004ea9   0x3a  Code  Gb  SOLGUI_Printf.o [1]
SOLGUI_Widget_GotoPage  0x000043bd   0xa6  Code  Gb  SOLGUI_Widget.o [1]
SOLGUI_Widget_OptionText
                        0x00004a05   0x4c  Code  Gb  SOLGUI_Widget.o [1]
SOLGUI_Widget_Spin      0x000044d9  0x52c  Code  Gb  SOLGUI_Widget.o [1]
SOLGUI_Widget_Spin::spin_pos
                        0x1ffff94b    0x1  Data  Lc  SOLGUI_Widget.o [1]
SOLGUI_printf           0x00005675   0x1e  Code  Gb  SOLGUI_Printf.o [1]
Senser_normalization    0x00007083   0x96  Code  Gb  control.o [1]
Sensor_init             0x00006ead   0x1c  Code  Gb  control.o [1]
Speed_PIControl         0x00006ddd   0x64  Code  Gb  control.o [1]
Speed_calulate          0x00006af1   0x6a  Code  Gb  control.o [1]
UI_MENU                 0x1ffff470    0xc  Data  Gb  SOLGUI_Menu.o [1]
_EDIT                   0x00004b17  0x146  Code  Gb  SOLGUI_Menu.o [1]
_Font6x8                0x000083e8  0x350  Data  Gb  Font6x8_ASCII.o [1]
_Font8x10               0x00008030  0x3b8  Data  Gb  Font8x10_ASCII.o [1]
_LineModes              0x00005693   0x8e  Code  Gb  SOLGUI_GBasic.o [1]
_OptionsDisplay_Judge   0x000040c9   0x32  Code  Gb  SOLGUI_Widget.o [1]
_OptionsDisplay_coorY   0x000040fb   0x18  Code  Gb  SOLGUI_Widget.o [1]
_Pow_10                 0x00004469   0x4c  Code  Gb  SOLGUI_Widget.o [1]
_UI_MENU                0x00004a75   0xa2  Code  Gb  SOLGUI_Menu.o [1]
__BOOT_STACK_ADDRESS {Abs}
                        0x20002ff8         Data  Gb  command line/config [2]
__SOLGUI_printf         0x00004fef  0x682  Code  Gb  SOLGUI_Printf.o [1]
__VECTOR_TABLE {Abs}    0x00004000         Data  Gb  command line/config [2]
__aeabi_cdcmple         0x00005daf         Code  Gb  DblCmpLe.o [4]
__aeabi_cdrcmple        0x00005de1         Code  Gb  DblCmpGe.o [4]
__aeabi_cfcmple         0x000078d1         Code  Gb  FltCmpLe.o [4]
__aeabi_cfrcmple        0x000078f9         Code  Gb  FltCmpGe.o [4]
__aeabi_d2f             0x00005e47         Code  Gb  DblToFlt.o [4]
__aeabi_d2iz            0x00005d5d         Code  Gb  DblToI32.o [4]
__aeabi_d2uiz           0x00005d81         Code  Gb  DblToI32.o [4]
__aeabi_dadd            0x00005ba7         Code  Gb  DblAddSub.o [4]
__aeabi_ddiv            0x00005961         Code  Gb  DblDiv.o [4]
__aeabi_dmul            0x00005a23         Code  Gb  DblMul.o [4]
__aeabi_dsub            0x00005c6d         Code  Gb  DblAddSub.o [4]
__aeabi_f2d             0x00005e15         Code  Gb  FltToDbl.o [4]
__aeabi_f2iz            0x00007b49         Code  Gb  FltToS32.o [4]
__aeabi_f2uiz           0x00007921         Code  Gb  FltToU32.o [4]
__aeabi_fadd            0x00005ea9         Code  Gb  FltAddSub.o [4]
__aeabi_fdiv            0x00007a9d         Code  Gb  FltDiv.o [4]
__aeabi_fmul            0x00007947         Code  Gb  FltMul.o [4]
__aeabi_fsub            0x00005f19         Code  Gb  FltAddSub.o [4]
__aeabi_i2d             0x0000594d         Code  Gb  IxxToDbl.o [4]
__aeabi_i2f             0x000078b9         Code  Gb  IxxToFlt.o [4]
__aeabi_idiv            0x000060b1         Code  Gb  I32DivModFast.o [5]
__aeabi_idiv0           0x000061cd         Code  Gb  IntDivZer.o [5]
__aeabi_idivmod         0x000060b1         Code  Gb  I32DivModFast.o [5]
__aeabi_memclr4         0x000061c9         Code  Gb  ABImemset.o [5]
__aeabi_memclr8         0x000061c9         Code  Gb  ABImemset.o [5]
__aeabi_memset          0x00006179         Code  Gb  ABImemset.o [5]
__aeabi_ui2d            0x0000592d         Code  Gb  IxxToDbl.o [4]
__aeabi_ui2f            0x00007899         Code  Gb  IxxToFlt.o [4]
__aeabi_uidiv           0x000060b7         Code  Gb  I32DivModFast.o [5]
__aeabi_uidivmod        0x000060b7         Code  Gb  I32DivModFast.o [5]
__cmain                 0x000091e1         Code  Gb  cmain.o [5]
__code_start__ {Abs}    0x000040c0         Data  Gb  command line/config [2]
__exit                  0x00009219         Code  Gb  XXexit.o [5]
__iar_Memset4_word      0x00006199         Code  Gb  ABImemset.o [5]
__iar_Memset_word       0x00006185         Code  Gb  ABImemset.o [5]
__iar_d2uiz             0x00005d85         Code  Gb  DblToI32.o [4]
__iar_data_init3        0x00009185   0x28  Code  Gb  data_init.o [5]
__iar_program_start     0x000092ed         Code  Gb  cstartup_M.o [5]
__iar_systems$$module {Abs}
                        0x00000001         Data  Gb  command line/config [2]
__iar_zero_init3        0x00009149   0x3c  Code  Gb  zero_init3.o [5]
__low_level_init        0x000091ff    0x4  Code  Gb  low_level_init.o [3]
__vector_table          0x00004000   0xc0  Data  Gb  vectors.o [1]
_call_main              0x000091ed         Code  Gb  cmain.o [5]
_exit                   0x0000920d         Code  Gb  cexit.o [5]
_fontInfo_6x8           0x1ffff488    0x8  Data  Gb  SOLGUI_Printf.o [1]
_fontInfo_8x10          0x1ffff490    0x8  Data  Gb  SOLGUI_Printf.o [1]
_key_cache              0x1ffff914    0x8  Data  Gb  SOLGUI_Menu.o [1]
_main                   0x000091fb         Code  Gb  cmain.o [5]
acmp0_irqhandler_default
                        0x00008d61    0x8  Code  Lc  vectors.o [1]
acmp1_irqhandler_default
                        0x00008d89    0x8  Code  Lc  vectors.o [1]
adc0_irqhandler_default
                        0x00008d59    0x8  Code  Lc  vectors.o [1]
adc_init                0x000079f9   0x38  Code  Gb  KEA_adc.o [1]
adc_once                0x00007a31   0x30  Code  Gb  KEA_adc.o [1]
adc_start               0x00007a61   0x20  Code  Lc  KEA_adc.o [1]
adc_value               0x1ffff4f8   0x10  Data  Gb  main.o [1]
assert_failed           0x00006755   0x26  Code  Gb  MKEA128_conf.o [1]
bus_clk_khz             0x1ffff940    0x4  Data  Gb  system_SKEAZ1284.o [1]
cal_deviation           0x00007131  0x256  Code  Gb  control.o [1]
cauc_logo               0x1ffff070  0x400  Data  Gb  MyOLED.o [1]
common_startup          0x00008e51   0x5c  Code  Gb  system_SKEAZ1284.o [1]
core_clk_khz            0x1ffff938    0x4  Data  Gb  system_SKEAZ1284.o [1]
core_clk_mhz            0x1ffff93c    0x4  Data  Gb  system_SKEAZ1284.o [1]
cur_key                 0x1ffff949    0x1  Data  Gb  SOLGUI_Menu.o [1]
current_page            0x1ffff910    0x4  Data  Gb  SOLGUI_Menu.o [1]
cursor                  0x1ffff498    0x4  Data  Gb  SOLGUI_Widget.o [1]
cursor_reg              0x1ffff91c    0xc  Data  Gb  SOLGUI_Widget.o [1]
default_isr             0x0000679d   0x18  Code  Gb  MKEA128_conf.o [1]
dir                     0x1ffff02c   0x1c  Data  Gb  control.o [1]
draw_cauc_logo          0x000065cb   0x28  Code  Gb  MyOLED.o [1]
dutyMax                 0x1ffff008    0x4  Data  Gb  control.o [1]
enter_fputc             0x0000677b   0x14  Code  Gb  MKEA128_conf.o [1]
exit                    0x00009203    0x8  Code  Gb  exit.o [3]
ftm0_irqhandler_default
                        0x00008d69    0x8  Code  Lc  vectors.o [1]
ftm1_irqhandler_default
                        0x00008d71    0x8  Code  Lc  vectors.o [1]
ftm2_irqhandler_default
                        0x00008d79    0x8  Code  Lc  vectors.o [1]
ftm_clean               0x00007891    0x6  Code  Gb  KEA_ftm.o [1]
ftm_enable_clk          0x00007557   0x26  Code  Lc  KEA_ftm.o [1]
ftm_mod                 0x1ffff4ec    0xc  Data  Lc  KEA_ftm.o [1]
ftm_port_mux            0x00007425  0x132  Code  Lc  KEA_ftm.o [1]
ftm_pulse_get           0x0000788b    0x6  Code  Gb  KEA_ftm.o [1]
ftm_pulse_init          0x00007859   0x32  Code  Gb  KEA_ftm.o [1]
ftm_pulse_mux           0x000077cd   0x82  Code  Gb  KEA_ftm.o [1]
ftm_pwm_duty            0x000076dd   0xd8  Code  Gb  KEA_ftm.o [1]
ftm_pwm_init            0x00007599  0x134  Code  Gb  KEA_ftm.o [1]
ftmre_irqhandler_default
                        0x00008d09    0x8  Code  Lc  vectors.o [1]
g_base_speed            0x1ffff000    0x4  Data  Gb  control.o [1]
g_real_speed            0x1ffff4b4    0x4  Data  Gb  control.o [1]
g_set_speed             0x1ffff004    0x4  Data  Gb  control.o [1]
get_sensor_threshold_normalization
                        0x00006fa5   0xa8  Code  Gb  control.o [1]
get_sensor_threshold_normalization::sensor_value_last
                        0x1ffff4cc   0x10  Data  Lc  control.o [1]
get_sensor_threshold_normalization::sensor_value_max
                        0x1ffff4dc   0x10  Data  Lc  control.o [1]
gpio_get                0x00006705   0x44  Code  Gb  KEA_gpio.o [1]
gpio_init               0x00006605   0xc0  Code  Gb  KEA_gpio.o [1]
gpio_turn               0x000066c5   0x40  Code  Gb  KEA_gpio.o [1]
hardfault_handler_default
                        0x00008c79    0x8  Code  Lc  vectors.o [1]
i2c0_irqhandler_default
                        0x00008d21    0x8  Code  Lc  vectors.o [1]
i2c1_irqhandler_default
                        0x00008d29    0x8  Code  Lc  vectors.o [1]
ics_init                0x00008de5   0x5a  Code  Gb  system_SKEAZ1284.o [1]
ics_irqhandler_default  0x00008da9    0x8  Code  Lc  vectors.o [1]
irq_irqhandler_default  0x00008d19    0x8  Code  Lc  vectors.o [1]
kbi0_irqhandler_default
                        0x00008d91    0x8  Code  Lc  vectors.o [1]
kbi1_irqhandler_default
                        0x00008d99    0x8  Code  Lc  vectors.o [1]
key_get                 0x00007405   0x1c  Code  Gb  VCAN_key.o [1]
key_init                0x000073a9   0x5c  Code  Gb  VCAN_key.o [1]
key_value               0x1ffff508    0x4  Data  Gb  main.o [1]
led_init                0x000067b5   0x40  Code  Gb  VCAN_LED.o [1]
led_turn                0x000067f5   0x38  Code  Gb  VCAN_LED.o [1]
left_lossline_Range     0x1ffff068    0x4  Data  Gb  main.o [1]
lose_line_deal          0x00006ed5   0xd0  Code  Gb  control.o [1]
lose_line_deal::error_add
                        0x1ffff4bc    0xc  Data  Lc  control.o [1]
lose_line_deal::loss_line_inc
                        0x1ffff4c8    0x4  Data  Lc  control.o [1]
loselinespeed           0x1ffff00c    0x4  Data  Gb  control.o [1]
loss_line               0x1ffff4b8    0x4  Data  Gb  control.o [1]
main                    0x00008a1d  0x120  Code  Gb  main.o [1]
motorEncorderL          0x1ffff4ac    0x4  Data  Gb  control.o [1]
motorEncorderR          0x1ffff4b0    0x4  Data  Gb  control.o [1]
mscan_rx_irqhandler_default
                        0x00008dc1    0x8  Code  Lc  vectors.o [1]
mscan_tx_err_wakeup_irqhandler_default
                        0x00008dc9    0x8  Code  Lc  vectors.o [1]
nmi_handler_default     0x00008c71    0x8  Code  Lc  vectors.o [1]
normalization_threshold
                        0x1ffff048   0x10  Data  Gb  control.o [1]
option_enable_list      0x1ffff928   0x10  Data  Gb  SOLGUI_Widget.o [1]
pendsv_handler_default  0x00008cd1    0x8  Code  Lc  vectors.o [1]
pit0_irq                0x0000896f   0x7c  Code  Gb  main.o [1]
pit1_irq                0x000089eb   0x30  Code  Gb  main.o [1]
pit_init                0x00008bdd   0x84  Code  Gb  KEA_PIT.o [1]
pixelC_HW_OLED_FillScreen
                        0x00006589   0x42  Code  Gb  MyOLED.o [1]
pmc_irqhandler_default  0x00008d11    0x8  Code  Lc  vectors.o [1]
port_pull               0x000069ad   0x76  Code  Gb  KEA_port.o [1]
position                0x1ffff50c    0x4  Data  Gb  main.o [1]
pwt_irqhandler_default  0x00008db9    0x8  Code  Lc  vectors.o [1]
right_lossline_Range    0x1ffff06c    0x4  Data  Gb  main.o [1]
rtc_irqhandler_default  0x00008d81    0x8  Code  Lc  vectors.o [1]
sensorValue_get         0x00007055   0x2e  Code  Gb  control.o [1]
soft_delay_ms           0x00006859   0x1a  Code  Gb  misc.o [1]
soft_delay_us           0x00006835   0x24  Code  Gb  misc.o [1]
speed                   0x1ffff010   0x1c  Data  Gb  control.o [1]
spi0_irqhandler_default
                        0x00008d31    0x8  Code  Lc  vectors.o [1]
spi1_irqhandler_default
                        0x00008d39    0x8  Code  Lc  vectors.o [1]
start                   0x00008dd1   0x14  Code  Gb  system_SKEAZ1284.o [1]
svc_handler_default     0x00008cb9    0x8  Code  Lc  vectors.o [1]
sysinit                 0x00008e3f   0x12  Code  Gb  system_SKEAZ1284.o [1]
systick_delay           0x00008b79   0x38  Code  Gb  KEA_SysTick.o [1]
systick_delay_ms        0x00008bb1   0x18  Code  Gb  KEA_SysTick.o [1]
systick_handler_default
                        0x00008cd9    0x8  Code  Lc  vectors.o [1]
timer_clk_khz           0x1ffff944    0x4  Data  Gb  system_SKEAZ1284.o [1]
uart0_irqhandler_default
                        0x00008d41    0x8  Code  Lc  vectors.o [1]
uart1_irqhandler_default
                        0x00008d49    0x8  Code  Lc  vectors.o [1]
uart2_irqhandler_default
                        0x00008d51    0x8  Code  Lc  vectors.o [1]
uart_init               0x000068a1   0xd6  Code  Gb  KEA_uart.o [1]
uart_putchar            0x00006977    0xc  Code  Gb  KEA_uart.o [1]
vector_004_default      0x00008c81    0x8  Code  Lc  vectors.o [1]
vector_005_default      0x00008c89    0x8  Code  Lc  vectors.o [1]
vector_006_default      0x00008c91    0x8  Code  Lc  vectors.o [1]
vector_007_default      0x00008c99    0x8  Code  Lc  vectors.o [1]
vector_008_default      0x00008ca1    0x8  Code  Lc  vectors.o [1]
vector_009_default      0x00008ca9    0x8  Code  Lc  vectors.o [1]
vector_010_default      0x00008cb1    0x8  Code  Lc  vectors.o [1]
vector_012_default      0x00008cc1    0x8  Code  Lc  vectors.o [1]
vector_013_default      0x00008cc9    0x8  Code  Lc  vectors.o [1]
vector_016_default      0x00008ce1    0x8  Code  Lc  vectors.o [1]
vector_017_default      0x00008ce9    0x8  Code  Lc  vectors.o [1]
vector_018_default      0x00008cf1    0x8  Code  Lc  vectors.o [1]
vector_019_default      0x00008cf9    0x8  Code  Lc  vectors.o [1]
vector_020_default      0x00008d01    0x8  Code  Lc  vectors.o [1]
vector_042_default      0x00008da1    0x8  Code  Lc  vectors.o [1]
wdog_disable            0x00008efd   0x1a  Code  Gb  KEA_wdog.o [1]
wdog_irqhandler_default
                        0x00008db1    0x8  Code  Lc  vectors.o [1]
wdog_unlock             0x00008f17   0x1c  Code  Lc  KEA_wdog.o [1]
write_vtor              0x00006873   0x20  Code  Gb  misc.o [1]


[1] = E:\文件资料\github\2018_13th_NXP_Smartcar\Smartcar_三轮\Prj\IAR\KEA128_Debug\Obj
[2] = command line
[3] = dl6M_tlf.a
[4] = m6M_tl.a
[5] = rt6M_tl.a

  16 742 bytes of readonly  code memory
   4 608 bytes of readonly  data memory
   2 380 bytes of readwrite data memory

Errors: none
Warnings: none
