###############################################################################
#
# IAR ELF Linker V8.20.2.14835/W32 for ARM                13/Apr/2018  20:44:41
# Copyright 2007-2017 IAR Systems AB.
#
#    Output file  =  
#        E:\2018·É¿¨\31.FLASH_±äÁ¿¶ÁÐ´¡¾ÍÆ¼ö¡¿\Prj\IAR\KEA128_Debug\Exe\vcan_Kinetis.out
#    Map file     =  
#        E:\2018·É¿¨\31.FLASH_±äÁ¿¶ÁÐ´¡¾ÍÆ¼ö¡¿\Prj\IAR\KEA128_Debug\List\vcan_Kinetis.map
#    Command line =  
#        -f C:\Users\Deng\AppData\Local\Temp\EWACE7.tmp
#        (E:\2018·É¿¨\31.FLASH_±äÁ¿¶ÁÐ´¡¾ÍÆ¼ö¡¿\Prj\IAR\KEA128_Debug\Obj\balance_control.o
#        E:\2018·É¿¨\31.FLASH_±äÁ¿¶ÁÐ´¡¾ÍÆ¼ö¡¿\Prj\IAR\KEA128_Debug\Obj\control.o
#        E:\2018·É¿¨\31.FLASH_±äÁ¿¶ÁÐ´¡¾ÍÆ¼ö¡¿\Prj\IAR\KEA128_Debug\Obj\dir_control.o
#        E:\2018·É¿¨\31.FLASH_±äÁ¿¶ÁÐ´¡¾ÍÆ¼ö¡¿\Prj\IAR\KEA128_Debug\Obj\Font4x6_ASCII.o
#        E:\2018·É¿¨\31.FLASH_±äÁ¿¶ÁÐ´¡¾ÍÆ¼ö¡¿\Prj\IAR\KEA128_Debug\Obj\Font6x8_ASCII.o
#        E:\2018·É¿¨\31.FLASH_±äÁ¿¶ÁÐ´¡¾ÍÆ¼ö¡¿\Prj\IAR\KEA128_Debug\Obj\Font8x10_ASCII.o
#        E:\2018·É¿¨\31.FLASH_±äÁ¿¶ÁÐ´¡¾ÍÆ¼ö¡¿\Prj\IAR\KEA128_Debug\Obj\Font8x8_ASCII.o
#        E:\2018·É¿¨\31.FLASH_±äÁ¿¶ÁÐ´¡¾ÍÆ¼ö¡¿\Prj\IAR\KEA128_Debug\Obj\IIC.o
#        E:\2018·É¿¨\31.FLASH_±äÁ¿¶ÁÐ´¡¾ÍÆ¼ö¡¿\Prj\IAR\KEA128_Debug\Obj\KEA_adc.o
#        E:\2018·É¿¨\31.FLASH_±äÁ¿¶ÁÐ´¡¾ÍÆ¼ö¡¿\Prj\IAR\KEA128_Debug\Obj\KEA_ftm.o
#        E:\2018·É¿¨\31.FLASH_±äÁ¿¶ÁÐ´¡¾ÍÆ¼ö¡¿\Prj\IAR\KEA128_Debug\Obj\KEA_gpio.o
#        E:\2018·É¿¨\31.FLASH_±äÁ¿¶ÁÐ´¡¾ÍÆ¼ö¡¿\Prj\IAR\KEA128_Debug\Obj\KEA_PIT.o
#        E:\2018·É¿¨\31.FLASH_±äÁ¿¶ÁÐ´¡¾ÍÆ¼ö¡¿\Prj\IAR\KEA128_Debug\Obj\KEA_port.o
#        E:\2018·É¿¨\31.FLASH_±äÁ¿¶ÁÐ´¡¾ÍÆ¼ö¡¿\Prj\IAR\KEA128_Debug\Obj\KEA_SysTick.o
#        E:\2018·É¿¨\31.FLASH_±äÁ¿¶ÁÐ´¡¾ÍÆ¼ö¡¿\Prj\IAR\KEA128_Debug\Obj\KEA_uart.o
#        E:\2018·É¿¨\31.FLASH_±äÁ¿¶ÁÐ´¡¾ÍÆ¼ö¡¿\Prj\IAR\KEA128_Debug\Obj\KEA_wdog.o
#        E:\2018·É¿¨\31.FLASH_±äÁ¿¶ÁÐ´¡¾ÍÆ¼ö¡¿\Prj\IAR\KEA128_Debug\Obj\main.o
#        E:\2018·É¿¨\31.FLASH_±äÁ¿¶ÁÐ´¡¾ÍÆ¼ö¡¿\Prj\IAR\KEA128_Debug\Obj\misc.o
#        E:\2018·É¿¨\31.FLASH_±äÁ¿¶ÁÐ´¡¾ÍÆ¼ö¡¿\Prj\IAR\KEA128_Debug\Obj\MKEA128_conf.o
#        E:\2018·É¿¨\31.FLASH_±äÁ¿¶ÁÐ´¡¾ÍÆ¼ö¡¿\Prj\IAR\KEA128_Debug\Obj\MKEA128_it.o
#        E:\2018·É¿¨\31.FLASH_±äÁ¿¶ÁÐ´¡¾ÍÆ¼ö¡¿\Prj\IAR\KEA128_Debug\Obj\motor_control.o
#        E:\2018·É¿¨\31.FLASH_±äÁ¿¶ÁÐ´¡¾ÍÆ¼ö¡¿\Prj\IAR\KEA128_Debug\Obj\MPU6050.o
#        E:\2018·É¿¨\31.FLASH_±äÁ¿¶ÁÐ´¡¾ÍÆ¼ö¡¿\Prj\IAR\KEA128_Debug\Obj\MyOLED.o
#        E:\2018·É¿¨\31.FLASH_±äÁ¿¶ÁÐ´¡¾ÍÆ¼ö¡¿\Prj\IAR\KEA128_Debug\Obj\sensor.o
#        E:\2018·É¿¨\31.FLASH_±äÁ¿¶ÁÐ´¡¾ÍÆ¼ö¡¿\Prj\IAR\KEA128_Debug\Obj\SOLGUI_Common.o
#        E:\2018·É¿¨\31.FLASH_±äÁ¿¶ÁÐ´¡¾ÍÆ¼ö¡¿\Prj\IAR\KEA128_Debug\Obj\SOLGUI_GBasic.o
#        E:\2018·É¿¨\31.FLASH_±äÁ¿¶ÁÐ´¡¾ÍÆ¼ö¡¿\Prj\IAR\KEA128_Debug\Obj\SOLGUI_Hardware.o
#        E:\2018·É¿¨\31.FLASH_±äÁ¿¶ÁÐ´¡¾ÍÆ¼ö¡¿\Prj\IAR\KEA128_Debug\Obj\SOLGUI_Menu.o
#        E:\2018·É¿¨\31.FLASH_±äÁ¿¶ÁÐ´¡¾ÍÆ¼ö¡¿\Prj\IAR\KEA128_Debug\Obj\SOLGUI_Picture.o
#        E:\2018·É¿¨\31.FLASH_±äÁ¿¶ÁÐ´¡¾ÍÆ¼ö¡¿\Prj\IAR\KEA128_Debug\Obj\SOLGUI_Printf.o
#        E:\2018·É¿¨\31.FLASH_±äÁ¿¶ÁÐ´¡¾ÍÆ¼ö¡¿\Prj\IAR\KEA128_Debug\Obj\SOLGUI_Widget.o
#        E:\2018·É¿¨\31.FLASH_±äÁ¿¶ÁÐ´¡¾ÍÆ¼ö¡¿\Prj\IAR\KEA128_Debug\Obj\speed_control.o
#        E:\2018·É¿¨\31.FLASH_±äÁ¿¶ÁÐ´¡¾ÍÆ¼ö¡¿\Prj\IAR\KEA128_Debug\Obj\startup_SKEAZ1284.o
#        E:\2018·É¿¨\31.FLASH_±äÁ¿¶ÁÐ´¡¾ÍÆ¼ö¡¿\Prj\IAR\KEA128_Debug\Obj\system_SKEAZ1284.o
#        E:\2018·É¿¨\31.FLASH_±äÁ¿¶ÁÐ´¡¾ÍÆ¼ö¡¿\Prj\IAR\KEA128_Debug\Obj\VCAN_ASCII.o
#        E:\2018·É¿¨\31.FLASH_±äÁ¿¶ÁÐ´¡¾ÍÆ¼ö¡¿\Prj\IAR\KEA128_Debug\Obj\VCAN_computer.o
#        E:\2018·É¿¨\31.FLASH_±äÁ¿¶ÁÐ´¡¾ÍÆ¼ö¡¿\Prj\IAR\KEA128_Debug\Obj\VCAN_key.o
#        E:\2018·É¿¨\31.FLASH_±äÁ¿¶ÁÐ´¡¾ÍÆ¼ö¡¿\Prj\IAR\KEA128_Debug\Obj\VCAN_key_event.o
#        E:\2018·É¿¨\31.FLASH_±äÁ¿¶ÁÐ´¡¾ÍÆ¼ö¡¿\Prj\IAR\KEA128_Debug\Obj\VCAN_LCD.o
#        E:\2018·É¿¨\31.FLASH_±äÁ¿¶ÁÐ´¡¾ÍÆ¼ö¡¿\Prj\IAR\KEA128_Debug\Obj\VCAN_LCD_CH.o
#        E:\2018·É¿¨\31.FLASH_±äÁ¿¶ÁÐ´¡¾ÍÆ¼ö¡¿\Prj\IAR\KEA128_Debug\Obj\VCAN_LCD_ST7735R.o
#        E:\2018·É¿¨\31.FLASH_±äÁ¿¶ÁÐ´¡¾ÍÆ¼ö¡¿\Prj\IAR\KEA128_Debug\Obj\VCAN_LCD_ST7735S.o
#        E:\2018·É¿¨\31.FLASH_±äÁ¿¶ÁÐ´¡¾ÍÆ¼ö¡¿\Prj\IAR\KEA128_Debug\Obj\VCAN_LED.o
#        E:\2018·É¿¨\31.FLASH_±äÁ¿¶ÁÐ´¡¾ÍÆ¼ö¡¿\Prj\IAR\KEA128_Debug\Obj\VCAN_NRF24L0.o
#        E:\2018·É¿¨\31.FLASH_±äÁ¿¶ÁÐ´¡¾ÍÆ¼ö¡¿\Prj\IAR\KEA128_Debug\Obj\VCAN_NRF24L0_MSG.o
#        E:\2018·É¿¨\31.FLASH_±äÁ¿¶ÁÐ´¡¾ÍÆ¼ö¡¿\Prj\IAR\KEA128_Debug\Obj\VCAN_TSL1401.o
#        E:\2018·É¿¨\31.FLASH_±äÁ¿¶ÁÐ´¡¾ÍÆ¼ö¡¿\Prj\IAR\KEA128_Debug\Obj\VCAN_UI_VAR.o
#        E:\2018·É¿¨\31.FLASH_±äÁ¿¶ÁÐ´¡¾ÍÆ¼ö¡¿\Prj\IAR\KEA128_Debug\Obj\vectors.o
#        --redirect _Printf=_PrintfLargeNoMb --redirect _Scanf=_ScanfLargeNoMb
#        -o
#        E:\2018·É¿¨\31.FLASH_±äÁ¿¶ÁÐ´¡¾ÍÆ¼ö¡¿\Prj\IAR\KEA128_Debug\Exe\vcan_Kinetis.out
#        --map
#        E:\2018·É¿¨\31.FLASH_±äÁ¿¶ÁÐ´¡¾ÍÆ¼ö¡¿\Prj\IAR\KEA128_Debug\List\vcan_Kinetis.map
#        --config
#        "E:\2018·É¿¨\31.FLASH_±äÁ¿¶ÁÐ´¡¾ÍÆ¼ö¡¿\Prj\IAR\config
#        files\vcan_ROM_KEA128.icf" --entry __iar_program_start --redirect
#        __write=__write_buffered --vfe --text_out locale)
#
###############################################################################

*******************************************************************************
*** MESSAGES
***

Warning[Lt009]: Inconsistent wchar_t size
            Font4x6_ASCII.o and 7 other objects have wchar_t size 16 bits
            balance_control.o and 52 other objects, some of them in rt6M_tl.a
                      and 4 other libraries have wchar_t size 32 bits


*******************************************************************************
*** RUNTIME MODEL ATTRIBUTES
***

CppFlavor       = *
__SystemLibrary = DLib
__dlib_version  = 6


*******************************************************************************
*** HEAP SELECTION
***

The basic heap was selected because no calls to memory allocation
functions were found in the application outside of system library
functions, and there are calls to deallocation functions in the
application.


*******************************************************************************
*** PLACEMENT SUMMARY
***

"A0":  place at 0x00004000 { ro section .intvec };
"A1":  place at 0x000040c0 { ro section .noinit };
define block CodeRelocate { section .textrw_init };
"P1":  place in [from 0x00004000 to 0x00020000] { ro, block CodeRelocate };
define block CodeRelocateRam { section .textrw };
define block CSTACK with size = 8K, alignment = 8 { };
define block HEAP with size = 0M, alignment = 8 { };
"P2":  place in [from 0x1ffff000 to 0x20003000] {
          rw, block CodeRelocateRam, block CSTACK, block HEAP };
initialize manually with packing = copy, complex ranges { section .data };

No sections matched the following patterns:

  section .textrw       in block CodeRelocateRam
  section .textrw_init  in block CodeRelocate


  Section              Kind        Address    Size  Object
  -------              ----        -------    ----  ------
"A0":                                         0xc0
  .intvec              const    0x00004000    0xc0  vectors.o [1]
                              - 0x000040c0    0xc0

"A1":                                          0x8
  .noinit              ro code  0x000040c0     0x8  startup_SKEAZ1284.o [1]
                              - 0x000040c8     0x8

"P1", part 1 of 2:                          0x4e70
  .text                ro code  0x000040c8   0x8f8  SOLGUI_Widget.o [1]
  .text                ro code  0x000049c0   0x300  SOLGUI_Menu.o [1]
  .text                ro code  0x00004cc0   0x7b4  SOLGUI_Printf.o [1]
  .text                ro code  0x00005474   0x2a4  SOLGUI_GBasic.o [1]
  .text                ro code  0x00005718    0x34  IxxToDbl.o [4]
  .text                ro code  0x0000574c    0xc2  DblDiv.o [4]
  .text                ro code  0x0000580e   0x184  DblMul.o [4]
  .text                ro code  0x00005992   0x1b4  DblAddSub.o [4]
  .text                ro code  0x00005b48    0x52  DblToI32.o [4]
  .text                ro code  0x00005b9a    0x32  DblCmpLe.o [4]
  .text                ro code  0x00005bcc    0x32  DblCmpGe.o [4]
  .text                ro code  0x00005c00    0x32  FltToDbl.o [4]
  .text                ro code  0x00005c32    0x62  DblToFlt.o [4]
  .text                ro code  0x00005c94   0x120  FltAddSub.o [4]
  .text                ro code  0x00005db4    0xbc  SOLGUI_Common.o [1]
  .text                ro code  0x00005e70    0xe0  I32DivModFast.o [5]
  .text                ro code  0x00005f50    0x14  SOLGUI_Hardware.o [1]
  .text                ro code  0x00005f64    0x50  ABImemset.o [5]
  .text                ro code  0x00005fb4     0x2  IntDivZer.o [5]
  .text                ro code  0x00005fb8   0x434  MyOLED.o [1]
  .text                ro code  0x000063ec   0x238  KEA_gpio.o [1]
  .text                ro code  0x00006624    0x60  MKEA128_conf.o [1]
  .text                ro code  0x00006684    0x80  VCAN_LED.o [1]
  .text                ro code  0x00006704    0x6c  misc.o [1]
  .text                ro code  0x00006770   0x10c  KEA_uart.o [1]
  .text                ro code  0x0000687c    0x7c  KEA_port.o [1]
  .text                ro code  0x000068f8   0x472  KEA_ftm.o [1]
  .data_init                    0x00006d6c   0x460  <Block>
    Initializer bytes  const    0x00006d6c   0x460  <for .data-1>
  .rodata              const    0x000071cc   0x3b8  Font8x10_ASCII.o [1]
  .rodata              const    0x00007584   0x350  Font6x8_ASCII.o [1]
  .text                ro code  0x000078d4   0x280  IIC.o [1]
  .rodata              const    0x00007b54   0x228  MyOLED.o [1]
  .text                ro code  0x00007d7c   0x1e0  main.o [1]
  .text                ro code  0x00007f5c   0x1ce  control.o [1]
  .text                ro code  0x0000812c    0xa0  MPU6050.o [1]
  .text                ro code  0x000081cc   0x174  sensor.o [1]
  .text                ro code  0x00008340    0x4c  balance_control.o [1]
  .text                ro code  0x0000838c    0x3a  FltToS32.o [4]
  .text                ro code  0x000083c8    0xa4  motor_control.o [1]
  .text                ro code  0x0000846c    0x60  dir_control.o [1]
  .text                ro code  0x000084cc    0x7c  VCAN_key.o [1]
  .text                ro code  0x00008548    0x64  KEA_SysTick.o [1]
  .text                ro code  0x000085ac    0x94  KEA_PIT.o [1]
  .text                ro code  0x00008640    0xa4  KEA_adc.o [1]
  .text                ro code  0x000086e4    0x36  IxxToFlt.o [4]
  .text                ro code  0x0000871a    0xb0  FltMul.o [4]
  .text                ro code  0x000087ca    0xc0  sqrt.o [4]
  .text                ro code  0x0000888a    0xaa  FltDiv.o [4]
  .text                ro code  0x00008934   0x160  vectors.o [1]
  .text                ro code  0x00008a94   0x12c  system_SKEAZ1284.o [1]
  .text                ro code  0x00008bc0    0x54  KEA_wdog.o [1]
  .rodata              const    0x00008c14    0x48  KEA_SysTick.o [1]
  .rodata              const    0x00008c5c    0x44  KEA_adc.o [1]
  .rodata              const    0x00008ca0    0x44  KEA_ftm.o [1]
  .rodata              const    0x00008ce4    0x44  KEA_gpio.o [1]
  .rodata              const    0x00008d28    0x44  KEA_PIT.o [1]
  .rodata              const    0x00008d6c    0x40  misc.o [1]
  .text                ro code  0x00008dac    0x3c  zero_init3.o [5]
  .text                ro code  0x00008de8    0x28  data_init.o [5]
  .rodata              const    0x00008e10    0x24  MKEA128_conf.o [1]
  .iar.init_table      const    0x00008e34    0x10  - Linker created -
  .text                ro code  0x00008e44    0x1e  cmain.o [5]
  .text                ro code  0x00008e62     0x4  low_level_init.o [3]
  .text                ro code  0x00008e66     0x8  exit.o [3]
  .text                ro code  0x00008e70     0xa  cexit.o [5]
  .text                ro code  0x00008e7c     0xc  XXexit.o [5]
  .rodata              const    0x00008e88    0x18  MyOLED.o [1]
  .rodata              const    0x00008ea0     0xc  KEA_port.o [1]
  .rodata              const    0x00008eac     0xc  SOLGUI_Menu.o [1]
  .rodata              const    0x00008eb8     0xc  SOLGUI_Menu.o [1]
  .rodata              const    0x00008ec4     0xc  SOLGUI_Menu.o [1]
  .rodata              const    0x00008ed0     0xc  SOLGUI_Menu.o [1]
  .rodata              const    0x00008edc     0xc  SOLGUI_Menu.o [1]
  .rodata              const    0x00008ee8     0xc  SOLGUI_Menu.o [1]
  .text                ro code  0x00008ef4     0xc  cstartup_M.o [5]
  .rodata              const    0x00008f00     0x8  MyOLED.o [1]
  .rodata              const    0x00008f08     0x8  SOLGUI_Menu.o [1]
  .rodata              const    0x00008f10     0x8  SOLGUI_Menu.o [1]
  .rodata              const    0x00008f18     0x8  SOLGUI_Menu.o [1]
  .rodata              const    0x00008f20     0x8  SOLGUI_Menu.o [1]
  .rodata              const    0x00008f28     0x8  SOLGUI_Menu.o [1]
  .rodata              const    0x00008f30     0x8  SOLGUI_Widget.o [1]
  .rodata              const    0x00008f38     0x0  zero_init3.o [5]
                              - 0x00008f38  0x4e70

"P1", part 2 of 2:                             0x0
  CodeRelocate                  0x00008f38     0x0  <Block>

"P2", part 1 of 3:                           0x460
  .data                         0x1ffff000   0x460  <Block>
    .data-1                     0x1ffff000   0x460  <Init block>
      .data            inited   0x1ffff000     0x4  balance_control.o [1]
      .data            inited   0x1ffff004     0x4  balance_control.o [1]
      .data            inited   0x1ffff008     0x4  dir_control.o [1]
      .data            inited   0x1ffff00c     0x4  dir_control.o [1]
      .data            inited   0x1ffff010     0xc  KEA_gpio.o [1]
      .data            inited   0x1ffff01c   0x400  MyOLED.o [1]
      .data            inited   0x1ffff41c     0x4  sensor.o [1]
      .data            inited   0x1ffff420     0x4  sensor.o [1]
      .data            inited   0x1ffff424     0x4  sensor.o [1]
      .data            inited   0x1ffff428     0x4  sensor.o [1]
      .data            inited   0x1ffff42c     0x4  sensor.o [1]
      .data            inited   0x1ffff430     0xc  SOLGUI_Menu.o [1]
      .data            inited   0x1ffff43c     0x8  SOLGUI_Printf.o [1]
      .data            inited   0x1ffff444     0x8  SOLGUI_Printf.o [1]
      .data            inited   0x1ffff44c     0x4  SOLGUI_Widget.o [1]
      .data            inited   0x1ffff450     0xc  VCAN_key.o [1]
      .data            inited   0x1ffff45c     0x4  VCAN_LED.o [1]
                              - 0x1ffff460   0x460

"P2", part 2 of 3:                           0x4b0
  .bss                          0x1ffff460   0x4b0  <Block>
    .bss               zero     0x1ffff460     0x4  balance_control.o [1]
    .bss               zero     0x1ffff464     0x4  control.o [1]
    .bss               zero     0x1ffff468     0x4  control.o [1]
    .bss               zero     0x1ffff46c     0x4  control.o [1]
    .bss               zero     0x1ffff470     0x4  dir_control.o [1]
    .bss               zero     0x1ffff474     0x4  dir_control.o [1]
    .bss               zero     0x1ffff478     0x4  dir_control.o [1]
    .bss               zero     0x1ffff47c     0xc  KEA_ftm.o [1]
    .bss               zero     0x1ffff488    0x10  main.o [1]
    .bss               zero     0x1ffff498     0x4  main.o [1]
    .bss               zero     0x1ffff49c    0x10  main.o [1]
    .bss               zero     0x1ffff4ac     0x4  sensor.o [1]
    .bss               zero     0x1ffff4b0     0x4  sensor.o [1]
    .bss               zero     0x1ffff4b4     0x4  sensor.o [1]
    .bss               zero     0x1ffff4b8     0x4  sensor.o [1]
    .bss               zero     0x1ffff4bc     0x4  sensor.o [1]
    .bss               zero     0x1ffff4c0     0x4  sensor.o [1]
    .bss               zero     0x1ffff4c4     0x4  sensor.o [1]
    .bss               zero     0x1ffff4c8     0x4  sensor.o [1]
    .bss               zero     0x1ffff4cc     0x4  sensor.o [1]
    .bss               zero     0x1ffff4d0   0x400  SOLGUI_Common.o [1]
    .bss               zero     0x1ffff8d0     0x4  SOLGUI_Menu.o [1]
    .bss               zero     0x1ffff8d4     0x8  SOLGUI_Menu.o [1]
    .bss               zero     0x1ffff8dc     0xc  SOLGUI_Widget.o [1]
    .bss               zero     0x1ffff8e8    0x10  SOLGUI_Widget.o [1]
    .bss               zero     0x1ffff8f8     0x4  system_SKEAZ1284.o [1]
    .bss               zero     0x1ffff8fc     0x4  system_SKEAZ1284.o [1]
    .bss               zero     0x1ffff900     0x4  system_SKEAZ1284.o [1]
    .bss               zero     0x1ffff904     0x4  system_SKEAZ1284.o [1]
    .bss               zero     0x1ffff908     0x2  MPU6050.o [1]
    .bss               zero     0x1ffff90a     0x2  MPU6050.o [1]
    .bss               zero     0x1ffff90c     0x1  main.o [1]
    .bss               zero     0x1ffff90d     0x1  SOLGUI_Menu.o [1]
    .bss               zero     0x1ffff90e     0x1  SOLGUI_Menu.o [1]
    .bss               zero     0x1ffff90f     0x1  SOLGUI_Widget.o [1]
                              - 0x1ffff910   0x4b0

"P2", part 3 of 3:                             0x0
  CodeRelocateRam               0x1ffff910     0x0  <Block>


*******************************************************************************
*** INIT TABLE
***

          Address     Size
          -------     ----
Zero (__iar_zero_init3)
    1 destination range, total size 0x4b0:
          0x1ffff460  0x4b0



*******************************************************************************
*** MODULE SUMMARY
***

    Module               ro code  ro data  rw data
    ------               -------  -------  -------
E:\2018·É¿¨\31.FLASH_±äÁ¿¶ÁÐ´¡¾ÍÆ¼ö¡¿\Prj\IAR\KEA128_Debug\Obj: [1]
    Font6x8_ASCII.o                   848
    Font8x10_ASCII.o                  952
    IIC.o                    640
    KEA_PIT.o                148       68
    KEA_SysTick.o            100       72
    KEA_adc.o                164       68
    KEA_ftm.o              1 138       68       12
    KEA_gpio.o               568       80       12
    KEA_port.o               124       12
    KEA_uart.o               268
    KEA_wdog.o                84
    MKEA128_conf.o            96       36
    MPU6050.o                160                 4
    MyOLED.o               1 076    1 608    1 024
    SOLGUI_Common.o          188             1 024
    SOLGUI_GBasic.o          676
    SOLGUI_Hardware.o         20
    SOLGUI_Menu.o            768      124       26
    SOLGUI_Printf.o        1 972       16       16
    SOLGUI_Widget.o        2 296       12       33
    VCAN_LED.o               128        4        4
    VCAN_key.o               124       12       12
    balance_control.o         76        8       12
    control.o                462                12
    dir_control.o             96        8       20
    main.o                   480                37
    misc.o                   108       64
    motor_control.o          164
    sensor.o                 372       20       56
    startup_SKEAZ1284.o        8
    system_SKEAZ1284.o       300                16
    vectors.o                352      192
    ----------------------------------------------
    Total:                13 156    4 272    2 320

command line: [2]
    ----------------------------------------------
    Total:

dl6M_tlf.a: [3]
    exit.o                     8
    low_level_init.o           4
    ----------------------------------------------
    Total:                    12

m6M_tl.a: [4]
    DblAddSub.o              436
    DblCmpGe.o                50
    DblCmpLe.o                50
    DblDiv.o                 194
    DblMul.o                 388
    DblToFlt.o                98
    DblToI32.o                82
    FltAddSub.o              288
    FltDiv.o                 170
    FltMul.o                 176
    FltToDbl.o                50
    FltToS32.o                58
    IxxToDbl.o                52
    IxxToFlt.o                54
    sqrt.o                   192
    ----------------------------------------------
    Total:                 2 338

rt6M_tl.a: [5]
    ABImemset.o               80
    I32DivModFast.o          224
    IntDivZer.o                2
    XXexit.o                  12
    cexit.o                   10
    cmain.o                   30
    cstartup_M.o              12
    data_init.o               40
    zero_init3.o              60
    ----------------------------------------------
    Total:                   470

    Gaps                      14
    Linker created                     16
--------------------------------------------------
    Grand Total:          15 990    4 288    2 320


*******************************************************************************
*** ENTRY LIST
***

Entry                      Address   Size  Type      Object
-----                      -------   ----  ----      ------
.bss$$Base              0x1ffff460          --   Gb  - Linker created -
.bss$$Limit             0x1ffff910          --   Gb  - Linker created -
.data$$Base             0x1ffff000          --   Gb  - Linker created -
.data$$Limit            0x1ffff460          --   Gb  - Linker created -
.data_init$$Base        0x00006d6c          --   Gb  - Linker created -
.data_init$$Limit       0x000071cc          --   Gb  - Linker created -
.iar.init_table$$Base   0x00008e34          --   Gb  - Linker created -
.iar.init_table$$Limit  0x00008e44          --   Gb  - Linker created -
?main                   0x00008e45         Code  Gb  cmain.o [5]
ADC_deal                0x000080d5   0x56  Code  Gb  control.o [1]
ASSERT_FAILED_STR       0x00008e10   0x24  Data  Gb  MKEA128_conf.o [1]
AngleAccel              0x1ffff4b4    0x4  Data  Gb  sensor.o [1]
AngleSpeed              0x1ffff4ac    0x4  Data  Gb  sensor.o [1]
BalanceControl          0x00008341   0x4c  Code  Gb  balance_control.o [1]
Balance_Kd              0x1ffff004    0x4  Data  Gb  balance_control.o [1]
Balance_Kp              0x1ffff000    0x4  Data  Gb  balance_control.o [1]
Balance_Out             0x1ffff460    0x4  Data  Gb  balance_control.o [1]
CodeRelocate$$Base      0x00008f38          --   Gb  - Linker created -
CodeRelocate$$Limit     0x00008f38          --   Gb  - Linker created -
CodeRelocateRam$$Base   0x1ffff910          --   Gb  - Linker created -
CodeRelocateRam$$Limit  0x1ffff910          --   Gb  - Linker created -
DirErr                  0x1ffff470    0x4  Data  Gb  dir_control.o [1]
DirErrLast              0x1ffff474    0x4  Data  Gb  dir_control.o [1]
DirKd                   0x1ffff00c    0x4  Data  Gb  dir_control.o [1]
DirKp                   0x1ffff008    0x4  Data  Gb  dir_control.o [1]
DirOut                  0x1ffff478    0x4  Data  Gb  dir_control.o [1]
Dir_Control             0x0000846d   0x60  Code  Gb  dir_control.o [1]
Draw_BMP                0x00006309   0x68  Code  Gb  MyOLED.o [1]
Encoder_init            0x00008091   0x2c  Code  Gb  control.o [1]
F6x8                    0x00007b54  0x228  Data  Gb  MyOLED.o [1]
FIFO_DeQueue            0x00004b0b   0x36  Code  Gb  SOLGUI_Menu.o [1]
FIFO_EnQueue            0x00004ae7   0x24  Code  Gb  SOLGUI_Menu.o [1]
FIFO_Init               0x00004ac9   0x1e  Code  Gb  SOLGUI_Menu.o [1]
GPIOX                   0x1ffff010    0xc  Data  Gb  KEA_gpio.o [1]
Get_AccData             0x0000817b   0x24  Code  Gb  MPU6050.o [1]
Get_Gyro                0x0000819f   0x24  Code  Gb  MPU6050.o [1]
I2C_SendACK             0x00007941   0x44  Code  Gb  IIC.o [1]
IIC_init                0x00007b2d   0x28  Code  Gb  IIC.o [1]
IIC_start               0x000078e5   0x2c  Code  Gb  IIC.o [1]
IIC_stop                0x00007911   0x30  Code  Gb  IIC.o [1]
InitMPU6050             0x0000812d   0x4e  Code  Gb  MPU6050.o [1]
KEY_NUM                 0x1ffff90c    0x1  Data  Gb  main.o [1]
KEY_PTxn                0x1ffff450    0xc  Data  Gb  VCAN_key.o [1]
KalmanFilter            0x000081cd  0x174  Code  Gb  sensor.o [1]
KalmanFilter::Posterior_Convariance
                        0x1ffff4cc    0x4  Data  Lc  sensor.o [1]
KalmanFilter::Posterior_Estimation
                        0x1ffff4c4    0x4  Data  Lc  sensor.o [1]
KalmanFilter::Priori_Convariance
                        0x1ffff4c8    0x4  Data  Lc  sensor.o [1]
KalmanFilter::Priori_Estimation
                        0x1ffff4c0    0x4  Data  Lc  sensor.o [1]
KalmanGain              0x1ffff420    0x4  Data  Gb  sensor.o [1]
Key_Scan                0x00007f5d   0xc8  Code  Gb  control.o [1]
LED_PTxn                0x1ffff45c    0x4  Data  Gb  VCAN_LED.o [1]
Left_Motor_Control      0x00008415   0x4c  Code  Gb  motor_control.o [1]
NVIC_EnableIRQ          0x00007d7d    0xe  Code  Lc  main.o [1]
OLED_DLY_ms             0x00006129   0x20  Code  Gb  MyOLED.o [1]
OLED_Fill               0x000060e7   0x42  Code  Gb  MyOLED.o [1]
OLED_Init               0x00006149  0x134  Code  Gb  MyOLED.o [1]
OLED_P6x8Str            0x0000628d   0x72  Code  Gb  MyOLED.o [1]
OLED_Set_Pos            0x000060b7   0x30  Code  Gb  MyOLED.o [1]
OLED_WrCmd              0x00006039   0x7e  Code  Gb  MyOLED.o [1]
OLED_WrDat              0x00005fb9   0x80  Code  Gb  MyOLED.o [1]
Peried                  0x1ffff41c    0x4  Data  Gb  sensor.o [1]
Q                       0x1ffff424    0x4  Data  Gb  sensor.o [1]
R                       0x1ffff428    0x4  Data  Gb  sensor.o [1]
Region$$Table$$Base     0x00008e34          --   Gb  - Linker created -
Region$$Table$$Limit    0x00008e44          --   Gb  - Linker created -
Reset_Handler           0x000040c1         Code  Gb  startup_SKEAZ1284.o [1]
Right_Motor_Control     0x000083c9   0x4c  Code  Gb  motor_control.o [1]
SCCB_WaitAck            0x00007985   0x58  Code  Lc  IIC.o [1]
SOLGUI_CSR              0x1ffff90e    0x1  Data  Gb  SOLGUI_Menu.o [1]
SOLGUI_Clean            0x00005de5   0x16  Code  Gb  SOLGUI_Common.o [1]
SOLGUI_Cursor           0x00004113  0x2a4  Code  Gb  SOLGUI_Widget.o [1]
SOLGUI_DrawPoint        0x00005dfb   0x72  Code  Gb  SOLGUI_Common.o [1]
SOLGUI_GBasic_Line      0x00005501  0x132  Code  Gb  SOLGUI_GBasic.o [1]
SOLGUI_GBasic_Rectangle
                        0x00005633   0xe6  Code  Gb  SOLGUI_GBasic.o [1]
SOLGUI_GRAM             0x1ffff4d0  0x400  Data  Gb  SOLGUI_Common.o [1]
SOLGUI_GetCurrentKey    0x00004beb    0x6  Code  Gb  SOLGUI_Menu.o [1]
SOLGUI_Hardware_FillScreen
                        0x00005f59    0xc  Code  Gb  SOLGUI_Hardware.o [1]
SOLGUI_Hardware_Init    0x00005f51    0x8  Code  Gb  SOLGUI_Hardware.o [1]
SOLGUI_Init             0x00005db5   0x22  Code  Gb  SOLGUI_Common.o [1]
SOLGUI_InputKey         0x00004bdd    0xe  Code  Gb  SOLGUI_Menu.o [1]
SOLGUI_Menu_PageStage   0x00004bf5   0x50  Code  Gb  SOLGUI_Menu.o [1]
SOLGUI_Menu_SetHomePage
                        0x00004bcf    0xe  Code  Gb  SOLGUI_Menu.o [1]
SOLGUI_Menu_Title       0x00004b41   0x8e  Code  Gb  SOLGUI_Menu.o [1]
SOLGUI_PutChar          0x00004d01   0xc2  Code  Gb  SOLGUI_Printf.o [1]
SOLGUI_PutString        0x00004dc3   0x38  Code  Gb  SOLGUI_Printf.o [1]
SOLGUI_Refresh          0x00005dd7    0xe  Code  Gb  SOLGUI_Common.o [1]
SOLGUI_SwitchFont       0x00004cc1   0x36  Code  Gb  SOLGUI_Printf.o [1]
SOLGUI_Widget_OptionText
                        0x00004951   0x4c  Code  Gb  SOLGUI_Widget.o [1]
SOLGUI_Widget_Spin      0x00004425  0x52c  Code  Gb  SOLGUI_Widget.o [1]
SOLGUI_Widget_Spin::spin_pos
                        0x1ffff90f    0x1  Data  Lc  SOLGUI_Widget.o [1]
SOLGUI_printf           0x00005451   0x24  Code  Gb  SOLGUI_Printf.o [1]
Speed_calulate          0x00008025   0x6c  Code  Gb  control.o [1]
UI_MENU                 0x1ffff430    0xc  Data  Gb  SOLGUI_Menu.o [1]
_Font6x8                0x00007584  0x350  Data  Gb  Font6x8_ASCII.o [1]
_Font8x10               0x000071cc  0x3b8  Data  Gb  Font8x10_ASCII.o [1]
_LineModes              0x00005475   0x8c  Code  Gb  SOLGUI_GBasic.o [1]
_OptionsDisplay_Judge   0x000040c9   0x32  Code  Gb  SOLGUI_Widget.o [1]
_OptionsDisplay_coorY   0x000040fb   0x18  Code  Gb  SOLGUI_Widget.o [1]
_Pow_10                 0x000043bd   0x4c  Code  Gb  SOLGUI_Widget.o [1]
_UI_MENU                0x000049c1  0x108  Code  Gb  SOLGUI_Menu.o [1]
__BOOT_STACK_ADDRESS {Abs}
                        0x20002ff8         Data  Gb  command line/config [2]
__SOLGUI_printf         0x00004dfb  0x652  Code  Gb  SOLGUI_Printf.o [1]
__VECTOR_TABLE {Abs}    0x00004000         Data  Gb  command line/config [2]
__aeabi_cdcmple         0x00005b9b         Code  Gb  DblCmpLe.o [4]
__aeabi_cdrcmple        0x00005bcd         Code  Gb  DblCmpGe.o [4]
__aeabi_d2f             0x00005c33         Code  Gb  DblToFlt.o [4]
__aeabi_d2iz            0x00005b49         Code  Gb  DblToI32.o [4]
__aeabi_d2uiz           0x00005b6d         Code  Gb  DblToI32.o [4]
__aeabi_dadd            0x00005993         Code  Gb  DblAddSub.o [4]
__aeabi_ddiv            0x0000574d         Code  Gb  DblDiv.o [4]
__aeabi_dmul            0x0000580f         Code  Gb  DblMul.o [4]
__aeabi_dsub            0x00005a59         Code  Gb  DblAddSub.o [4]
__aeabi_f2d             0x00005c01         Code  Gb  FltToDbl.o [4]
__aeabi_f2iz            0x0000838d         Code  Gb  FltToS32.o [4]
__aeabi_fadd            0x00005c95         Code  Gb  FltAddSub.o [4]
__aeabi_fdiv            0x0000888b         Code  Gb  FltDiv.o [4]
__aeabi_fmul            0x0000871b         Code  Gb  FltMul.o [4]
__aeabi_fsub            0x00005d05         Code  Gb  FltAddSub.o [4]
__aeabi_i2d             0x00005739         Code  Gb  IxxToDbl.o [4]
__aeabi_i2f             0x00008705         Code  Gb  IxxToFlt.o [4]
__aeabi_idiv            0x00005e9d         Code  Gb  I32DivModFast.o [5]
__aeabi_idiv0           0x00005fb5         Code  Gb  IntDivZer.o [5]
__aeabi_idivmod         0x00005e9d         Code  Gb  I32DivModFast.o [5]
__aeabi_memset          0x00005f65         Code  Gb  ABImemset.o [5]
__aeabi_ui2d            0x00005719         Code  Gb  IxxToDbl.o [4]
__aeabi_ui2f            0x000086e5         Code  Gb  IxxToFlt.o [4]
__aeabi_uidiv           0x00005ea3         Code  Gb  I32DivModFast.o [5]
__aeabi_uidivmod        0x00005ea3         Code  Gb  I32DivModFast.o [5]
__cmain                 0x00008e45         Code  Gb  cmain.o [5]
__code_start__ {Abs}    0x000040c0         Data  Gb  command line/config [2]
__exit                  0x00008e7d         Code  Gb  XXexit.o [5]
__iar_Memset4_word      0x00005f85         Code  Gb  ABImemset.o [5]
__iar_Memset_word       0x00005f71         Code  Gb  ABImemset.o [5]
__iar_d2uiz             0x00005b71         Code  Gb  DblToI32.o [4]
__iar_data_init3        0x00008de9   0x28  Code  Gb  data_init.o [5]
__iar_program_start     0x00008ef5         Code  Gb  cstartup_M.o [5]
__iar_sqrt64            0x000087cb         Code  Gb  sqrt.o [4]
__iar_systems$$module {Abs}
                        0x00000001         Data  Gb  command line/config [2]
__iar_zero_init3        0x00008dad   0x3c  Code  Gb  zero_init3.o [5]
__low_level_init        0x00008e63    0x4  Code  Gb  low_level_init.o [3]
__vector_table          0x00004000   0xc0  Data  Gb  vectors.o [1]
_call_main              0x00008e51         Code  Gb  cmain.o [5]
_exit                   0x00008e71         Code  Gb  cexit.o [5]
_fontInfo_6x8           0x1ffff43c    0x8  Data  Gb  SOLGUI_Printf.o [1]
_fontInfo_8x10          0x1ffff444    0x8  Data  Gb  SOLGUI_Printf.o [1]
_key_cache              0x1ffff8d4    0x8  Data  Gb  SOLGUI_Menu.o [1]
_main                   0x00008e5f         Code  Gb  cmain.o [5]
acmp0_irqhandler_default
                        0x00008a25    0x8  Code  Lc  vectors.o [1]
acmp1_irqhandler_default
                        0x00008a4d    0x8  Code  Lc  vectors.o [1]
adc0_irqhandler_default
                        0x00008a1d    0x8  Code  Lc  vectors.o [1]
adc_init                0x00008641   0x38  Code  Gb  KEA_adc.o [1]
adc_once                0x00008679   0x30  Code  Gb  KEA_adc.o [1]
adc_start               0x000086a9   0x20  Code  Lc  KEA_adc.o [1]
adc_value               0x1ffff488   0x10  Data  Gb  main.o [1]
angle_offset            0x1ffff42c    0x4  Data  Gb  sensor.o [1]
assert_failed           0x00006625   0x26  Code  Gb  MKEA128_conf.o [1]
bus_clk_khz             0x1ffff900    0x4  Data  Gb  system_SKEAZ1284.o [1]
cauc_logo               0x1ffff01c  0x400  Data  Gb  MyOLED.o [1]
common_startup          0x00008b15   0x5c  Code  Gb  system_SKEAZ1284.o [1]
core_clk_khz            0x1ffff8f8    0x4  Data  Gb  system_SKEAZ1284.o [1]
core_clk_mhz            0x1ffff8fc    0x4  Data  Gb  system_SKEAZ1284.o [1]
cur_key                 0x1ffff90d    0x1  Data  Gb  SOLGUI_Menu.o [1]
current_page            0x1ffff8d0    0x4  Data  Gb  SOLGUI_Menu.o [1]
cursor                  0x1ffff44c    0x4  Data  Gb  SOLGUI_Widget.o [1]
cursor_reg              0x1ffff8dc    0xc  Data  Gb  SOLGUI_Widget.o [1]
default_isr             0x0000666d   0x18  Code  Gb  MKEA128_conf.o [1]
draw_cauc_logo          0x000063b3   0x28  Code  Gb  MyOLED.o [1]
enter_fputc             0x0000664b   0x14  Code  Gb  MKEA128_conf.o [1]
exit                    0x00008e67    0x8  Code  Gb  exit.o [3]
ftm0_irqhandler_default
                        0x00008a2d    0x8  Code  Lc  vectors.o [1]
ftm1_irqhandler_default
                        0x00008a35    0x8  Code  Lc  vectors.o [1]
ftm2_irqhandler_default
                        0x00008a3d    0x8  Code  Lc  vectors.o [1]
ftm_clean               0x00006d65    0x6  Code  Gb  KEA_ftm.o [1]
ftm_enable_clk          0x00006a2b   0x26  Code  Lc  KEA_ftm.o [1]
ftm_mod                 0x1ffff47c    0xc  Data  Lc  KEA_ftm.o [1]
ftm_port_mux            0x000068f9  0x132  Code  Lc  KEA_ftm.o [1]
ftm_pulse_get           0x00006d5f    0x6  Code  Gb  KEA_ftm.o [1]
ftm_pulse_init          0x00006d2d   0x32  Code  Gb  KEA_ftm.o [1]
ftm_pulse_mux           0x00006ca1   0x82  Code  Gb  KEA_ftm.o [1]
ftm_pwm_duty            0x00006bb1   0xd8  Code  Gb  KEA_ftm.o [1]
ftm_pwm_init            0x00006a6d  0x134  Code  Gb  KEA_ftm.o [1]
ftmre_irqhandler_default
                        0x000089cd    0x8  Code  Lc  vectors.o [1]
g_AngleOfCar            0x1ffff4bc    0x4  Data  Gb  sensor.o [1]
g_real_speed            0x1ffff46c    0x4  Data  Gb  control.o [1]
gpio_ddr                0x000064ad   0x62  Code  Gb  KEA_gpio.o [1]
gpio_get                0x000065d7   0x44  Code  Gb  KEA_gpio.o [1]
gpio_init               0x000063ed   0xc0  Code  Gb  KEA_gpio.o [1]
gpio_set                0x0000650f   0x88  Code  Gb  KEA_gpio.o [1]
gpio_turn               0x00006597   0x40  Code  Gb  KEA_gpio.o [1]
hardfault_handler_default
                        0x0000893d    0x8  Code  Lc  vectors.o [1]
i2c0_irqhandler_default
                        0x000089e5    0x8  Code  Lc  vectors.o [1]
i2c1_irqhandler_default
                        0x000089ed    0x8  Code  Lc  vectors.o [1]
ics_init                0x00008aa9   0x5a  Code  Gb  system_SKEAZ1284.o [1]
ics_irqhandler_default  0x00008a6d    0x8  Code  Lc  vectors.o [1]
irq_irqhandler_default  0x000089dd    0x8  Code  Lc  vectors.o [1]
kbi0_irqhandler_default
                        0x00008a55    0x8  Code  Lc  vectors.o [1]
kbi1_irqhandler_default
                        0x00008a5d    0x8  Code  Lc  vectors.o [1]
key_get                 0x00008529   0x1c  Code  Gb  VCAN_key.o [1]
key_init                0x000084cd   0x5c  Code  Gb  VCAN_key.o [1]
key_value               0x1ffff498    0x4  Data  Gb  main.o [1]
led_init                0x00006685   0x40  Code  Gb  VCAN_LED.o [1]
led_turn                0x000066c5   0x38  Code  Gb  VCAN_LED.o [1]
main                    0x00007dfd  0x132  Code  Gb  main.o [1]
motorEncorderL          0x1ffff464    0x4  Data  Gb  control.o [1]
motorEncorderR          0x1ffff468    0x4  Data  Gb  control.o [1]
mpu_acc_y               0x1ffff90a    0x2  Data  Gb  MPU6050.o [1]
mpu_gyro_y              0x1ffff908    0x2  Data  Gb  MPU6050.o [1]
mscan_rx_irqhandler_default
                        0x00008a85    0x8  Code  Lc  vectors.o [1]
mscan_tx_err_wakeup_irqhandler_default
                        0x00008a8d    0x8  Code  Lc  vectors.o [1]
nmi_handler_default     0x00008935    0x8  Code  Lc  vectors.o [1]
offset_AngleAccel       0x1ffff4b8    0x4  Data  Gb  sensor.o [1]
offset_AngleSpeed       0x1ffff4b0    0x4  Data  Gb  sensor.o [1]
option_enable_list      0x1ffff8e8   0x10  Data  Gb  SOLGUI_Widget.o [1]
pendsv_handler_default  0x00008995    0x8  Code  Lc  vectors.o [1]
pit0_irq                0x00007d8b   0x46  Code  Gb  main.o [1]
pit1_irq                0x00007dd1   0x2a  Code  Gb  main.o [1]
pit_init                0x000085ad   0x84  Code  Gb  KEA_PIT.o [1]
pixelC_HW_OLED_FillScreen
                        0x00006371   0x42  Code  Gb  MyOLED.o [1]
pmc_irqhandler_default  0x000089d5    0x8  Code  Lc  vectors.o [1]
port_pull               0x0000687d   0x76  Code  Gb  KEA_port.o [1]
pwt_irqhandler_default  0x00008a7d    0x8  Code  Lc  vectors.o [1]
read_ch                 0x00007a25   0x7c  Code  Gb  IIC.o [1]
rtc_irqhandler_default  0x00008a45    0x8  Code  Lc  vectors.o [1]
send_ch                 0x000079dd   0x48  Code  Gb  IIC.o [1]
simiic_delay            0x000078d5   0x10  Code  Gb  IIC.o [1]
simiic_read_regs        0x00007acb   0x62  Code  Gb  IIC.o [1]
simiic_write_reg        0x00007aa1   0x2a  Code  Gb  IIC.o [1]
soft_delay_ms           0x00006729   0x1a  Code  Gb  misc.o [1]
soft_delay_us           0x00006705   0x24  Code  Gb  misc.o [1]
spi0_irqhandler_default
                        0x000089f5    0x8  Code  Lc  vectors.o [1]
spi1_irqhandler_default
                        0x000089fd    0x8  Code  Lc  vectors.o [1]
sqrt                    0x000087cb         Code  Gb  sqrt.o [4]
sqrtl                   0x000087cb         Code  Gb  sqrt.o [4]
start                   0x00008a95   0x14  Code  Gb  system_SKEAZ1284.o [1]
svc_handler_default     0x0000897d    0x8  Code  Lc  vectors.o [1]
sysinit                 0x00008b03   0x12  Code  Gb  system_SKEAZ1284.o [1]
systick_delay           0x00008549   0x38  Code  Gb  KEA_SysTick.o [1]
systick_delay_ms        0x00008581   0x18  Code  Gb  KEA_SysTick.o [1]
systick_handler_default
                        0x0000899d    0x8  Code  Lc  vectors.o [1]
timer_clk_khz           0x1ffff904    0x4  Data  Gb  system_SKEAZ1284.o [1]
uart0_irqhandler_default
                        0x00008a05    0x8  Code  Lc  vectors.o [1]
uart1_irqhandler_default
                        0x00008a0d    0x8  Code  Lc  vectors.o [1]
uart2_irqhandler_default
                        0x00008a15    0x8  Code  Lc  vectors.o [1]
uart_init               0x00006771   0xd6  Code  Gb  KEA_uart.o [1]
uart_putchar            0x00006847    0xc  Code  Gb  KEA_uart.o [1]
vcan_send_buff          0x1ffff49c   0x10  Data  Gb  main.o [1]
vector_004_default      0x00008945    0x8  Code  Lc  vectors.o [1]
vector_005_default      0x0000894d    0x8  Code  Lc  vectors.o [1]
vector_006_default      0x00008955    0x8  Code  Lc  vectors.o [1]
vector_007_default      0x0000895d    0x8  Code  Lc  vectors.o [1]
vector_008_default      0x00008965    0x8  Code  Lc  vectors.o [1]
vector_009_default      0x0000896d    0x8  Code  Lc  vectors.o [1]
vector_010_default      0x00008975    0x8  Code  Lc  vectors.o [1]
vector_012_default      0x00008985    0x8  Code  Lc  vectors.o [1]
vector_013_default      0x0000898d    0x8  Code  Lc  vectors.o [1]
vector_016_default      0x000089a5    0x8  Code  Lc  vectors.o [1]
vector_017_default      0x000089ad    0x8  Code  Lc  vectors.o [1]
vector_018_default      0x000089b5    0x8  Code  Lc  vectors.o [1]
vector_019_default      0x000089bd    0x8  Code  Lc  vectors.o [1]
vector_020_default      0x000089c5    0x8  Code  Lc  vectors.o [1]
vector_042_default      0x00008a65    0x8  Code  Lc  vectors.o [1]
wdog_disable            0x00008bc1   0x1a  Code  Gb  KEA_wdog.o [1]
wdog_irqhandler_default
                        0x00008a75    0x8  Code  Lc  vectors.o [1]
wdog_unlock             0x00008bdb   0x1c  Code  Lc  KEA_wdog.o [1]
write_vtor              0x00006743   0x20  Code  Gb  misc.o [1]


[1] = E:\2018·É¿¨\31.FLASH_±äÁ¿¶ÁÐ´¡¾ÍÆ¼ö¡¿\Prj\IAR\KEA128_Debug\Obj
[2] = command line
[3] = dl6M_tlf.a
[4] = m6M_tl.a
[5] = rt6M_tl.a

  15 990 bytes of readonly  code memory
   4 288 bytes of readonly  data memory
   2 320 bytes of readwrite data memory

Errors: none
Warnings: 1
