###############################################################################
#
# IAR ELF Linker V8.20.2.14835/W32 for ARM                17/Jul/2018  21:27:53
# Copyright 2007-2017 IAR Systems AB.
#
#    Output file  =  
#        E:\文件资料\github\2018_13th_NXP_Smartcar\Smartcar_直立\Prj\IAR\KEA128_Debug\Exe\vcan_Kinetis.out
#    Map file     =  
#        E:\文件资料\github\2018_13th_NXP_Smartcar\Smartcar_直立\Prj\IAR\KEA128_Debug\List\vcan_Kinetis.map
#    Command line =  
#        -f C:\Users\ZHY\AppData\Local\Temp\EW4D5B.tmp
#        (E:\文件资料\github\2018_13th_NXP_Smartcar\Smartcar_直立\Prj\IAR\KEA128_Debug\Obj\Attitude_Calculation.o
#        E:\文件资料\github\2018_13th_NXP_Smartcar\Smartcar_直立\Prj\IAR\KEA128_Debug\Obj\balance_control.o
#        E:\文件资料\github\2018_13th_NXP_Smartcar\Smartcar_直立\Prj\IAR\KEA128_Debug\Obj\BMX055.o
#        E:\文件资料\github\2018_13th_NXP_Smartcar\Smartcar_直立\Prj\IAR\KEA128_Debug\Obj\control.o
#        E:\文件资料\github\2018_13th_NXP_Smartcar\Smartcar_直立\Prj\IAR\KEA128_Debug\Obj\dir_control.o
#        E:\文件资料\github\2018_13th_NXP_Smartcar\Smartcar_直立\Prj\IAR\KEA128_Debug\Obj\Font4x6_ASCII.o
#        E:\文件资料\github\2018_13th_NXP_Smartcar\Smartcar_直立\Prj\IAR\KEA128_Debug\Obj\Font6x8_ASCII.o
#        E:\文件资料\github\2018_13th_NXP_Smartcar\Smartcar_直立\Prj\IAR\KEA128_Debug\Obj\Font8x10_ASCII.o
#        E:\文件资料\github\2018_13th_NXP_Smartcar\Smartcar_直立\Prj\IAR\KEA128_Debug\Obj\Font8x8_ASCII.o
#        E:\文件资料\github\2018_13th_NXP_Smartcar\Smartcar_直立\Prj\IAR\KEA128_Debug\Obj\IIC.o
#        E:\文件资料\github\2018_13th_NXP_Smartcar\Smartcar_直立\Prj\IAR\KEA128_Debug\Obj\KEA_adc.o
#        E:\文件资料\github\2018_13th_NXP_Smartcar\Smartcar_直立\Prj\IAR\KEA128_Debug\Obj\KEA_ftm.o
#        E:\文件资料\github\2018_13th_NXP_Smartcar\Smartcar_直立\Prj\IAR\KEA128_Debug\Obj\KEA_gpio.o
#        E:\文件资料\github\2018_13th_NXP_Smartcar\Smartcar_直立\Prj\IAR\KEA128_Debug\Obj\KEA_PIT.o
#        E:\文件资料\github\2018_13th_NXP_Smartcar\Smartcar_直立\Prj\IAR\KEA128_Debug\Obj\KEA_port.o
#        E:\文件资料\github\2018_13th_NXP_Smartcar\Smartcar_直立\Prj\IAR\KEA128_Debug\Obj\KEA_SysTick.o
#        E:\文件资料\github\2018_13th_NXP_Smartcar\Smartcar_直立\Prj\IAR\KEA128_Debug\Obj\KEA_uart.o
#        E:\文件资料\github\2018_13th_NXP_Smartcar\Smartcar_直立\Prj\IAR\KEA128_Debug\Obj\KEA_wdog.o
#        E:\文件资料\github\2018_13th_NXP_Smartcar\Smartcar_直立\Prj\IAR\KEA128_Debug\Obj\main.o
#        E:\文件资料\github\2018_13th_NXP_Smartcar\Smartcar_直立\Prj\IAR\KEA128_Debug\Obj\misc.o
#        E:\文件资料\github\2018_13th_NXP_Smartcar\Smartcar_直立\Prj\IAR\KEA128_Debug\Obj\MKEA128_conf.o
#        E:\文件资料\github\2018_13th_NXP_Smartcar\Smartcar_直立\Prj\IAR\KEA128_Debug\Obj\MKEA128_it.o
#        E:\文件资料\github\2018_13th_NXP_Smartcar\Smartcar_直立\Prj\IAR\KEA128_Debug\Obj\motor_control.o
#        E:\文件资料\github\2018_13th_NXP_Smartcar\Smartcar_直立\Prj\IAR\KEA128_Debug\Obj\MPU6050.o
#        E:\文件资料\github\2018_13th_NXP_Smartcar\Smartcar_直立\Prj\IAR\KEA128_Debug\Obj\myiic.o
#        E:\文件资料\github\2018_13th_NXP_Smartcar\Smartcar_直立\Prj\IAR\KEA128_Debug\Obj\MyOLED.o
#        E:\文件资料\github\2018_13th_NXP_Smartcar\Smartcar_直立\Prj\IAR\KEA128_Debug\Obj\sensor.o
#        E:\文件资料\github\2018_13th_NXP_Smartcar\Smartcar_直立\Prj\IAR\KEA128_Debug\Obj\SOLGUI_Common.o
#        E:\文件资料\github\2018_13th_NXP_Smartcar\Smartcar_直立\Prj\IAR\KEA128_Debug\Obj\SOLGUI_GBasic.o
#        E:\文件资料\github\2018_13th_NXP_Smartcar\Smartcar_直立\Prj\IAR\KEA128_Debug\Obj\SOLGUI_Hardware.o
#        E:\文件资料\github\2018_13th_NXP_Smartcar\Smartcar_直立\Prj\IAR\KEA128_Debug\Obj\SOLGUI_Menu.o
#        E:\文件资料\github\2018_13th_NXP_Smartcar\Smartcar_直立\Prj\IAR\KEA128_Debug\Obj\SOLGUI_Picture.o
#        E:\文件资料\github\2018_13th_NXP_Smartcar\Smartcar_直立\Prj\IAR\KEA128_Debug\Obj\SOLGUI_Printf.o
#        E:\文件资料\github\2018_13th_NXP_Smartcar\Smartcar_直立\Prj\IAR\KEA128_Debug\Obj\SOLGUI_Widget.o
#        E:\文件资料\github\2018_13th_NXP_Smartcar\Smartcar_直立\Prj\IAR\KEA128_Debug\Obj\speed_control.o
#        E:\文件资料\github\2018_13th_NXP_Smartcar\Smartcar_直立\Prj\IAR\KEA128_Debug\Obj\startup_SKEAZ1284.o
#        E:\文件资料\github\2018_13th_NXP_Smartcar\Smartcar_直立\Prj\IAR\KEA128_Debug\Obj\system_SKEAZ1284.o
#        E:\文件资料\github\2018_13th_NXP_Smartcar\Smartcar_直立\Prj\IAR\KEA128_Debug\Obj\VCAN_ASCII.o
#        E:\文件资料\github\2018_13th_NXP_Smartcar\Smartcar_直立\Prj\IAR\KEA128_Debug\Obj\VCAN_computer.o
#        E:\文件资料\github\2018_13th_NXP_Smartcar\Smartcar_直立\Prj\IAR\KEA128_Debug\Obj\VCAN_key.o
#        E:\文件资料\github\2018_13th_NXP_Smartcar\Smartcar_直立\Prj\IAR\KEA128_Debug\Obj\VCAN_key_event.o
#        E:\文件资料\github\2018_13th_NXP_Smartcar\Smartcar_直立\Prj\IAR\KEA128_Debug\Obj\VCAN_LCD.o
#        E:\文件资料\github\2018_13th_NXP_Smartcar\Smartcar_直立\Prj\IAR\KEA128_Debug\Obj\VCAN_LCD_CH.o
#        E:\文件资料\github\2018_13th_NXP_Smartcar\Smartcar_直立\Prj\IAR\KEA128_Debug\Obj\VCAN_LCD_ST7735R.o
#        E:\文件资料\github\2018_13th_NXP_Smartcar\Smartcar_直立\Prj\IAR\KEA128_Debug\Obj\VCAN_LCD_ST7735S.o
#        E:\文件资料\github\2018_13th_NXP_Smartcar\Smartcar_直立\Prj\IAR\KEA128_Debug\Obj\VCAN_LED.o
#        E:\文件资料\github\2018_13th_NXP_Smartcar\Smartcar_直立\Prj\IAR\KEA128_Debug\Obj\VCAN_NRF24L0.o
#        E:\文件资料\github\2018_13th_NXP_Smartcar\Smartcar_直立\Prj\IAR\KEA128_Debug\Obj\VCAN_NRF24L0_MSG.o
#        E:\文件资料\github\2018_13th_NXP_Smartcar\Smartcar_直立\Prj\IAR\KEA128_Debug\Obj\VCAN_TSL1401.o
#        E:\文件资料\github\2018_13th_NXP_Smartcar\Smartcar_直立\Prj\IAR\KEA128_Debug\Obj\VCAN_UI_VAR.o
#        E:\文件资料\github\2018_13th_NXP_Smartcar\Smartcar_直立\Prj\IAR\KEA128_Debug\Obj\vectors.o
#        --redirect _Printf=_PrintfLargeNoMb --redirect _Scanf=_ScanfLargeNoMb
#        -o
#        E:\文件资料\github\2018_13th_NXP_Smartcar\Smartcar_直立\Prj\IAR\KEA128_Debug\Exe\vcan_Kinetis.out
#        --map
#        E:\文件资料\github\2018_13th_NXP_Smartcar\Smartcar_直立\Prj\IAR\KEA128_Debug\List\vcan_Kinetis.map
#        --config
#        "E:\文件资料\github\2018_13th_NXP_Smartcar\Smartcar_直立\Prj\IAR\config
#        files\vcan_ROM_KEA128.icf" --entry __iar_program_start --redirect
#        __write=__write_buffered --vfe --text_out locale)
#
###############################################################################

*******************************************************************************
*** RUNTIME MODEL ATTRIBUTES
***

CppFlavor       = *
__SystemLibrary = DLib
__dlib_version  = 6


*******************************************************************************
*** HEAP SELECTION
***

The basic heap was selected because no calls to memory allocation
functions were found in the application outside of system library
functions, and there are calls to deallocation functions in the
application.


*******************************************************************************
*** PLACEMENT SUMMARY
***

"A0":  place at 0x00004000 { ro section .intvec };
"A1":  place at 0x000040c0 { ro section .noinit };
define block CodeRelocate { section .textrw_init };
"P1":  place in [from 0x00004000 to 0x00020000] { ro, block CodeRelocate };
define block CodeRelocateRam { section .textrw };
define block CSTACK with size = 8K, alignment = 8 { };
define block HEAP with size = 0M, alignment = 8 { };
"P2":  place in [from 0x1ffff000 to 0x20003000] {
          rw, block CodeRelocateRam, block CSTACK, block HEAP };
initialize manually with packing = copy, complex ranges { section .data };

No sections matched the following patterns:

  section .textrw       in block CodeRelocateRam
  section .textrw_init  in block CodeRelocate


  Section              Kind        Address    Size  Object
  -------              ----        -------    ----  ------
"A0":                                         0xc0
  .intvec              const    0x00004000    0xc0  vectors.o [1]
                              - 0x000040c0    0xc0

"A1":                                          0x8
  .noinit              ro code  0x000040c0     0x8  startup_SKEAZ1284.o [1]
                              - 0x000040c8     0x8

"P1", part 1 of 2:                          0x53ec
  .text                ro code  0x000040c8   0xa54  SOLGUI_Widget.o [1]
  .text                ro code  0x00004b1c   0x4c8  SOLGUI_Menu.o [1]
  .text                ro code  0x00004fe4   0x7ea  SOLGUI_Printf.o [1]
  .text                ro code  0x000057ce   0x298  SOLGUI_GBasic.o [1]
  .text                ro code  0x00005a68    0x34  IxxToDbl.o [4]
  .text                ro code  0x00005a9c    0xc2  DblDiv.o [4]
  .text                ro code  0x00005b5e   0x184  DblMul.o [4]
  .text                ro code  0x00005ce2   0x1b4  DblAddSub.o [4]
  .text                ro code  0x00005e98    0x52  DblToI32.o [4]
  .text                ro code  0x00005eea    0x32  DblCmpLe.o [4]
  .text                ro code  0x00005f1c    0x32  DblCmpGe.o [4]
  .text                ro code  0x00005f50    0x32  FltToDbl.o [4]
  .text                ro code  0x00005f82    0x62  DblToFlt.o [4]
  .text                ro code  0x00005fe4   0x120  FltAddSub.o [4]
  .text                ro code  0x00006104    0xbc  SOLGUI_Common.o [1]
  .text                ro code  0x000061c0    0xe0  I32DivModFast.o [5]
  .text                ro code  0x000062a0    0x14  SOLGUI_Hardware.o [1]
  .text                ro code  0x000062b4    0x50  ABImemset.o [5]
  .text                ro code  0x00006304     0x2  IntDivZer.o [5]
  .text                ro code  0x00006308   0x434  MyOLED.o [1]
  .text                ro code  0x0000673c   0x150  KEA_gpio.o [1]
  .text                ro code  0x0000688c    0x60  MKEA128_conf.o [1]
  .text                ro code  0x000068ec    0x80  VCAN_LED.o [1]
  .text                ro code  0x0000696c    0x6c  misc.o [1]
  .text                ro code  0x000069d8   0x10c  KEA_uart.o [1]
  .text                ro code  0x00006ae4    0x7c  KEA_port.o [1]
  .data_init                    0x00006b60   0x480  <Block>
    Initializer bytes  const    0x00006b60   0x480  <for .data-1>
  .text                ro code  0x00006fe0   0x472  KEA_ftm.o [1]
  .rodata              const    0x00007454   0x3b8  Font8x10_ASCII.o [1]
  .text                ro code  0x0000780c   0x3b8  main.o [1]
  .text                ro code  0x00007bc4   0x308  dir_control.o [1]
  .text                ro code  0x00007ecc   0x1a4  control.o [1]
  .text                ro code  0x00008070   0x308  speed_control.o [1]
  .text                ro code  0x00008378    0x3a  FltToS32.o [4]
  .text                ro code  0x000083b4    0xa4  motor_control.o [1]
  .text                ro code  0x00008458    0x28  FltCmpGe.o [4]
  .text                ro code  0x00008480    0x7c  VCAN_key.o [1]
  .text                ro code  0x000084fc    0x64  KEA_SysTick.o [1]
  .text                ro code  0x00008560    0x94  KEA_PIT.o [1]
  .text                ro code  0x000085f4    0xde  KEA_adc.o [1]
  .text                ro code  0x000086d4    0x36  IxxToFlt.o [4]
  .text                ro code  0x0000870c    0x26  FltCmpLe.o [4]
  .text                ro code  0x00008732    0xaa  FltDiv.o [4]
  .text                ro code  0x000087dc    0xb0  FltMul.o [4]
  .rodata              const    0x0000888c   0x350  Font6x8_ASCII.o [1]
  .rodata              const    0x00008bdc   0x228  MyOLED.o [1]
  .text                ro code  0x00008e04   0x160  vectors.o [1]
  .text                ro code  0x00008f64   0x12c  system_SKEAZ1284.o [1]
  .text                ro code  0x00009090    0x54  KEA_wdog.o [1]
  .rodata              const    0x000090e4    0x58  KEA_SysTick.o [1]
  .rodata              const    0x0000913c    0x54  KEA_adc.o [1]
  .rodata              const    0x00009190    0x54  KEA_ftm.o [1]
  .rodata              const    0x000091e4    0x54  KEA_gpio.o [1]
  .rodata              const    0x00009238    0x54  KEA_PIT.o [1]
  .rodata              const    0x0000928c    0x50  misc.o [1]
  .text                ro code  0x000092dc    0x3c  zero_init3.o [5]
  .text                ro code  0x00009318    0x28  data_init.o [5]
  .rodata              const    0x00009340    0x24  MKEA128_conf.o [1]
  .iar.init_table      const    0x00009364    0x10  - Linker created -
  .text                ro code  0x00009374    0x1e  cmain.o [5]
  .text                ro code  0x00009392     0x4  low_level_init.o [3]
  .text                ro code  0x00009396     0x8  exit.o [3]
  .text                ro code  0x000093a0     0xa  cexit.o [5]
  .text                ro code  0x000093ac     0xc  XXexit.o [5]
  .rodata              const    0x000093b8    0x18  MyOLED.o [1]
  .rodata              const    0x000093d0     0xc  KEA_port.o [1]
  .rodata              const    0x000093dc     0xc  SOLGUI_Menu.o [1]
  .rodata              const    0x000093e8     0xc  SOLGUI_Menu.o [1]
  .rodata              const    0x000093f4     0xc  SOLGUI_Menu.o [1]
  .rodata              const    0x00009400     0xc  SOLGUI_Menu.o [1]
  .rodata              const    0x0000940c     0xc  SOLGUI_Menu.o [1]
  .rodata              const    0x00009418     0xc  SOLGUI_Menu.o [1]
  .rodata              const    0x00009424     0xc  SOLGUI_Menu.o [1]
  .rodata              const    0x00009430     0xc  SOLGUI_Menu.o [1]
  .rodata              const    0x0000943c     0xc  SOLGUI_Menu.o [1]
  .rodata              const    0x00009448     0xc  SOLGUI_Menu.o [1]
  .rodata              const    0x00009454     0xc  SOLGUI_Menu.o [1]
  .text                ro code  0x00009460     0xc  cstartup_M.o [5]
  .rodata              const    0x0000946c     0x8  MyOLED.o [1]
  .rodata              const    0x00009474     0x8  SOLGUI_Menu.o [1]
  .rodata              const    0x0000947c     0x8  SOLGUI_Menu.o [1]
  .rodata              const    0x00009484     0x8  SOLGUI_Menu.o [1]
  .rodata              const    0x0000948c     0x8  SOLGUI_Menu.o [1]
  .rodata              const    0x00009494     0x8  SOLGUI_Menu.o [1]
  .rodata              const    0x0000949c     0x8  SOLGUI_Menu.o [1]
  .rodata              const    0x000094a4     0x8  SOLGUI_Menu.o [1]
  .rodata              const    0x000094ac     0x8  SOLGUI_Widget.o [1]
  .rodata              const    0x000094b4     0x0  zero_init3.o [5]
                              - 0x000094b4  0x53ec

"P1", part 2 of 2:                             0x0
  CodeRelocate                  0x000094b4     0x0  <Block>

"P2", part 1 of 3:                           0x480
  .data                         0x1ffff000   0x480  <Block>
    .data-1                     0x1ffff000   0x480  <Init block>
      .data            inited   0x1ffff000     0x4  balance_control.o [1]
      .data            inited   0x1ffff004     0x4  balance_control.o [1]
      .data            inited   0x1ffff008     0x4  control.o [1]
      .data            inited   0x1ffff00c     0x4  dir_control.o [1]
      .data            inited   0x1ffff010     0x4  dir_control.o [1]
      .data            inited   0x1ffff014     0x4  dir_control.o [1]
      .data            inited   0x1ffff018     0x4  dir_control.o [1]
      .data            inited   0x1ffff01c     0x4  dir_control.o [1]
      .data            inited   0x1ffff020     0x4  dir_control.o [1]
      .data            inited   0x1ffff024     0xc  KEA_gpio.o [1]
      .data            inited   0x1ffff030     0x4  main.o [1]
      .data            inited   0x1ffff034   0x400  MyOLED.o [1]
      .data            inited   0x1ffff434     0xc  SOLGUI_Menu.o [1]
      .data            inited   0x1ffff440     0xc  SOLGUI_Menu.o [1]
      .data            inited   0x1ffff44c     0x8  SOLGUI_Printf.o [1]
      .data            inited   0x1ffff454     0x8  SOLGUI_Printf.o [1]
      .data            inited   0x1ffff45c     0x4  SOLGUI_Widget.o [1]
      .data            inited   0x1ffff460     0x4  speed_control.o [1]
      .data            inited   0x1ffff464     0x4  speed_control.o [1]
      .data            inited   0x1ffff468     0x4  speed_control.o [1]
      .data            inited   0x1ffff46c     0x4  speed_control.o [1]
      .data            inited   0x1ffff470     0xc  VCAN_key.o [1]
      .data            inited   0x1ffff47c     0x4  VCAN_LED.o [1]
                              - 0x1ffff480   0x480

"P2", part 2 of 3:                           0x514
  .bss                          0x1ffff480   0x514  <Block>
    .bss               zero     0x1ffff480     0x4  balance_control.o [1]
    .bss               zero     0x1ffff484     0x4  control.o [1]
    .bss               zero     0x1ffff488     0x4  control.o [1]
    .bss               zero     0x1ffff48c     0x4  control.o [1]
    .bss               zero     0x1ffff490     0x4  dir_control.o [1]
    .bss               zero     0x1ffff494     0x4  dir_control.o [1]
    .bss               zero     0x1ffff498    0x28  dir_control.o [1]
    .bss               zero     0x1ffff4c0     0x4  dir_control.o [1]
    .bss               zero     0x1ffff4c4    0x14  dir_control.o [1]
    .bss               zero     0x1ffff4d8     0xc  KEA_ftm.o [1]
    .bss               zero     0x1ffff4e4    0x14  main.o [1]
    .bss               zero     0x1ffff4f8    0x10  main.o [1]
    .bss               zero     0x1ffff508     0x4  main.o [1]
    .bss               zero     0x1ffff50c    0x10  main.o [1]
    .bss               zero     0x1ffff51c     0x4  main.o [1]
    .bss               zero     0x1ffff520   0x400  SOLGUI_Common.o [1]
    .bss               zero     0x1ffff920     0x4  SOLGUI_Menu.o [1]
    .bss               zero     0x1ffff924     0x8  SOLGUI_Menu.o [1]
    .bss               zero     0x1ffff92c     0xc  SOLGUI_Widget.o [1]
    .bss               zero     0x1ffff938    0x10  SOLGUI_Widget.o [1]
    .bss               zero     0x1ffff948     0x4  speed_control.o [1]
    .bss               zero     0x1ffff94c     0x4  speed_control.o [1]
    .bss               zero     0x1ffff950    0x14  speed_control.o [1]
    .bss               zero     0x1ffff964     0x4  speed_control.o [1]
    .bss               zero     0x1ffff968     0x4  speed_control.o [1]
    .bss               zero     0x1ffff96c     0x4  speed_control.o [1]
    .bss               zero     0x1ffff970     0x4  speed_control.o [1]
    .bss               zero     0x1ffff974     0x4  speed_control.o [1]
    .bss               zero     0x1ffff978     0x4  speed_control.o [1]
    .bss               zero     0x1ffff97c     0x4  speed_control.o [1]
    .bss               zero     0x1ffff980     0x4  system_SKEAZ1284.o [1]
    .bss               zero     0x1ffff984     0x4  system_SKEAZ1284.o [1]
    .bss               zero     0x1ffff988     0x4  system_SKEAZ1284.o [1]
    .bss               zero     0x1ffff98c     0x4  system_SKEAZ1284.o [1]
    .bss               zero     0x1ffff990     0x1  main.o [1]
    .bss               zero     0x1ffff991     0x1  SOLGUI_Menu.o [1]
    .bss               zero     0x1ffff992     0x1  SOLGUI_Menu.o [1]
    .bss               zero     0x1ffff993     0x1  SOLGUI_Widget.o [1]
                              - 0x1ffff994   0x514

"P2", part 3 of 3:                             0x0
  CodeRelocateRam               0x1ffff994     0x0  <Block>


*******************************************************************************
*** INIT TABLE
***

          Address     Size
          -------     ----
Zero (__iar_zero_init3)
    1 destination range, total size 0x514:
          0x1ffff480  0x514



*******************************************************************************
*** MODULE SUMMARY
***

    Module               ro code  ro data  rw data
    ------               -------  -------  -------
E:\文件资料\github\2018_13th_NXP_Smartcar\Smartcar_直立\Prj\IAR\KEA128_Debug\Obj: [1]
    Font6x8_ASCII.o                   848
    Font8x10_ASCII.o                  952
    KEA_PIT.o                148       84
    KEA_SysTick.o            100       88
    KEA_adc.o                222       84
    KEA_ftm.o              1 138       84       12
    KEA_gpio.o               336       96       12
    KEA_port.o               124       12
    KEA_uart.o               268
    KEA_wdog.o                84
    MKEA128_conf.o            96       36
    MyOLED.o               1 076    1 608    1 024
    SOLGUI_Common.o          188             1 024
    SOLGUI_GBasic.o          664
    SOLGUI_Hardware.o         20
    SOLGUI_Menu.o          1 224      212       38
    SOLGUI_Printf.o        2 026       16       16
    SOLGUI_Widget.o        2 644       12       33
    VCAN_LED.o               128        4        4
    VCAN_key.o               124       12       12
    balance_control.o                   8       12
    control.o                420        4       16
    dir_control.o            776       24       96
    main.o                   952        4       65
    misc.o                   108       80
    motor_control.o          164
    speed_control.o          776       16       72
    startup_SKEAZ1284.o        8
    system_SKEAZ1284.o       300                16
    vectors.o                352      192
    ----------------------------------------------
    Total:                14 466    4 476    2 452

command line: [2]
    ----------------------------------------------
    Total:

dl6M_tlf.a: [3]
    exit.o                     8
    low_level_init.o           4
    ----------------------------------------------
    Total:                    12

m6M_tl.a: [4]
    DblAddSub.o              436
    DblCmpGe.o                50
    DblCmpLe.o                50
    DblDiv.o                 194
    DblMul.o                 388
    DblToFlt.o                98
    DblToI32.o                82
    FltAddSub.o              288
    FltCmpGe.o                40
    FltCmpLe.o                38
    FltDiv.o                 170
    FltMul.o                 176
    FltToDbl.o                50
    FltToS32.o                58
    IxxToDbl.o                52
    IxxToFlt.o                54
    ----------------------------------------------
    Total:                 2 224

rt6M_tl.a: [5]
    ABImemset.o               80
    I32DivModFast.o          224
    IntDivZer.o                2
    XXexit.o                  12
    cexit.o                   10
    cmain.o                   30
    cstartup_M.o              12
    data_init.o               40
    zero_init3.o              60
    ----------------------------------------------
    Total:                   470

    Gaps                      18        2
    Linker created                     16
--------------------------------------------------
    Grand Total:          17 190    4 494    2 452


*******************************************************************************
*** ENTRY LIST
***

Entry                      Address   Size  Type      Object
-----                      -------   ----  ----      ------
.bss$$Base              0x1ffff480          --   Gb  - Linker created -
.bss$$Limit             0x1ffff994          --   Gb  - Linker created -
.data$$Base             0x1ffff000          --   Gb  - Linker created -
.data$$Limit            0x1ffff480          --   Gb  - Linker created -
.data_init$$Base        0x00006b60          --   Gb  - Linker created -
.data_init$$Limit       0x00006fe0          --   Gb  - Linker created -
.iar.init_table$$Base   0x00009364          --   Gb  - Linker created -
.iar.init_table$$Limit  0x00009374          --   Gb  - Linker created -
?main                   0x00009375         Code  Gb  cmain.o [5]
ASSERT_FAILED_STR       0x00009340   0x24  Data  Gb  MKEA128_conf.o [1]
Balance_Kd              0x1ffff004    0x4  Data  Gb  balance_control.o [1]
Balance_Kp              0x1ffff000    0x4  Data  Gb  balance_control.o [1]
Balance_Out             0x1ffff480    0x4  Data  Gb  balance_control.o [1]
CalSpeedError           0x00008071  0x18e  Code  Gb  speed_control.o [1]
CalSpeedError::speed_filter
                        0x1ffff97c    0x4  Data  Lc  speed_control.o [1]
CalSpeedError::speed_old
                        0x1ffff978    0x4  Data  Lc  speed_control.o [1]
CodeRelocate$$Base      0x000094b4          --   Gb  - Linker created -
CodeRelocate$$Limit     0x000094b4          --   Gb  - Linker created -
CodeRelocateRam$$Base   0x1ffff994          --   Gb  - Linker created -
CodeRelocateRam$$Limit  0x1ffff994          --   Gb  - Linker created -
DirErr                  0x1ffff490    0x4  Data  Gb  dir_control.o [1]
DirErrList              0x1ffff498   0x28  Data  Gb  dir_control.o [1]
DirKd                   0x1ffff010    0x4  Data  Gb  dir_control.o [1]
DirKp                   0x1ffff00c    0x4  Data  Gb  dir_control.o [1]
DirOut                  0x1ffff494    0x4  Data  Gb  dir_control.o [1]
Dir_Control             0x00007e19   0x68  Code  Gb  dir_control.o [1]
Draw_BMP                0x00006659   0x68  Code  Gb  MyOLED.o [1]
Encoder_init            0x0000802d   0x2c  Code  Gb  control.o [1]
ExpectSpeed             0x1ffff460    0x4  Data  Gb  speed_control.o [1]
F6x8                    0x00008bdc  0x228  Data  Gb  MyOLED.o [1]
FIFO_DeQueue            0x00004e05   0x36  Code  Gb  SOLGUI_Menu.o [1]
FIFO_EnQueue            0x00004dd5   0x24  Code  Gb  SOLGUI_Menu.o [1]
FIFO_Init               0x00004da5   0x1e  Code  Gb  SOLGUI_Menu.o [1]
Flag_SpeedControl       0x1ffff974    0x4  Data  Gb  speed_control.o [1]
GPIOX                   0x1ffff024    0xc  Data  Gb  KEA_gpio.o [1]
Get_ADC_Err             0x00007bc5  0x250  Code  Gb  dir_control.o [1]
Get_ADC_Err::g_fDirectionErrorTemp
                        0x1ffff4c4   0x14  Data  Lc  dir_control.o [1]
KEY_NUM                 0x1ffff990    0x1  Data  Gb  main.o [1]
KEY_PTxn                0x1ffff470    0xc  Data  Gb  VCAN_key.o [1]
Key_Scan                0x00007ecd   0xc8  Code  Gb  control.o [1]
LED_PTxn                0x1ffff47c    0x4  Data  Gb  VCAN_LED.o [1]
Left_Motor_Control      0x00008401   0x4c  Code  Gb  motor_control.o [1]
NVIC_EnableIRQ          0x0000780d    0xe  Code  Lc  main.o [1]
OLED_DLY_ms             0x00006479   0x20  Code  Gb  MyOLED.o [1]
OLED_Fill               0x00006437   0x42  Code  Gb  MyOLED.o [1]
OLED_Init               0x00006499  0x134  Code  Gb  MyOLED.o [1]
OLED_P6x8Str            0x000065dd   0x72  Code  Gb  MyOLED.o [1]
OLED_Set_Pos            0x00006407   0x30  Code  Gb  MyOLED.o [1]
OLED_WrCmd              0x00006389   0x7e  Code  Gb  MyOLED.o [1]
OLED_WrDat              0x00006309   0x80  Code  Gb  MyOLED.o [1]
RealSpeed               0x1ffff948    0x4  Data  Gb  speed_control.o [1]
Region$$Table$$Base     0x00009364          --   Gb  - Linker created -
Region$$Table$$Limit    0x00009374          --   Gb  - Linker created -
Reset_Handler           0x000040c1         Code  Gb  startup_SKEAZ1284.o [1]
Right_Motor_Control     0x000083b5   0x4c  Code  Gb  motor_control.o [1]
SOLGUI_CSR              0x1ffff992    0x1  Data  Gb  SOLGUI_Menu.o [1]
SOLGUI_Clean            0x00006135   0x16  Code  Gb  SOLGUI_Common.o [1]
SOLGUI_Cursor           0x00004113  0x2a4  Code  Gb  SOLGUI_Widget.o [1]
SOLGUI_DrawPoint        0x0000614b   0x72  Code  Gb  SOLGUI_Common.o [1]
SOLGUI_GBasic_Line      0x0000585d  0x124  Code  Gb  SOLGUI_GBasic.o [1]
SOLGUI_GBasic_Rectangle
                        0x00005981   0xe6  Code  Gb  SOLGUI_GBasic.o [1]
SOLGUI_GRAM             0x1ffff520  0x400  Data  Gb  SOLGUI_Common.o [1]
SOLGUI_GetCurrentKey    0x00004f27    0x6  Code  Gb  SOLGUI_Menu.o [1]
SOLGUI_Hardware_FillScreen
                        0x000062a9    0xc  Code  Gb  SOLGUI_Hardware.o [1]
SOLGUI_Hardware_Init    0x000062a1    0x8  Code  Gb  SOLGUI_Hardware.o [1]
SOLGUI_Init             0x00006105   0x22  Code  Gb  SOLGUI_Common.o [1]
SOLGUI_InputKey         0x00004f19    0xe  Code  Gb  SOLGUI_Menu.o [1]
SOLGUI_Menu_PageStage   0x00004f39   0x50  Code  Gb  SOLGUI_Menu.o [1]
SOLGUI_Menu_SetHomePage
                        0x00004f01    0xe  Code  Gb  SOLGUI_Menu.o [1]
SOLGUI_Menu_Title       0x00004e6d   0x8e  Code  Gb  SOLGUI_Menu.o [1]
SOLGUI_PutChar          0x00005029   0xc4  Code  Gb  SOLGUI_Printf.o [1]
SOLGUI_PutString        0x000050ed   0x3e  Code  Gb  SOLGUI_Printf.o [1]
SOLGUI_Refresh          0x00006127    0xe  Code  Gb  SOLGUI_Common.o [1]
SOLGUI_SwitchFont       0x00004fe5   0x3a  Code  Gb  SOLGUI_Printf.o [1]
SOLGUI_Widget_Button    0x00004a51   0xa2  Code  Gb  SOLGUI_Widget.o [1]
SOLGUI_Widget_GotoPage  0x000043bd   0xa6  Code  Gb  SOLGUI_Widget.o [1]
SOLGUI_Widget_OptionText
                        0x00004a05   0x4c  Code  Gb  SOLGUI_Widget.o [1]
SOLGUI_Widget_Spin      0x000044d9  0x52c  Code  Gb  SOLGUI_Widget.o [1]
SOLGUI_Widget_Spin::spin_pos
                        0x1ffff993    0x1  Data  Lc  SOLGUI_Widget.o [1]
SOLGUI_printf           0x000057b1   0x1e  Code  Gb  SOLGUI_Printf.o [1]
SpeedControl            0x0000820d   0xbe  Code  Gb  speed_control.o [1]
SpeedControlOut         0x000082dd   0x34  Code  Gb  speed_control.o [1]
SpeedErr                0x1ffff94c    0x4  Data  Gb  speed_control.o [1]
SpeedErrorTemp          0x1ffff950   0x14  Data  Gb  speed_control.o [1]
SpeedOut                0x1ffff964    0x4  Data  Gb  speed_control.o [1]
SpeedOutNew             0x1ffff968    0x4  Data  Gb  speed_control.o [1]
SpeedOutOld             0x1ffff96c    0x4  Data  Gb  speed_control.o [1]
Speed_Ki                0x1ffff468    0x4  Data  Gb  speed_control.o [1]
Speed_Kp                0x1ffff464    0x4  Data  Gb  speed_control.o [1]
Speed_calulate          0x00007f95   0x6c  Code  Gb  control.o [1]
Speed_i                 0x1ffff970    0x4  Data  Gb  speed_control.o [1]
UI_Debug                0x1ffff440    0xc  Data  Gb  SOLGUI_Menu.o [1]
UI_MENU                 0x1ffff434    0xc  Data  Gb  SOLGUI_Menu.o [1]
_Font6x8                0x0000888c  0x350  Data  Gb  Font6x8_ASCII.o [1]
_Font8x10               0x00007454  0x3b8  Data  Gb  Font8x10_ASCII.o [1]
_LineModes              0x000057cf   0x8e  Code  Gb  SOLGUI_GBasic.o [1]
_OptionsDisplay_Judge   0x000040c9   0x32  Code  Gb  SOLGUI_Widget.o [1]
_OptionsDisplay_coorY   0x000040fb   0x18  Code  Gb  SOLGUI_Widget.o [1]
_Pow_10                 0x00004469   0x4c  Code  Gb  SOLGUI_Widget.o [1]
_UI_Debug               0x00004cb9   0xe4  Code  Gb  SOLGUI_Menu.o [1]
_UI_MENU                0x00004b1d  0x178  Code  Gb  SOLGUI_Menu.o [1]
__BOOT_STACK_ADDRESS {Abs}
                        0x20002ff8         Data  Gb  command line/config [2]
__SOLGUI_printf         0x0000512b  0x682  Code  Gb  SOLGUI_Printf.o [1]
__VECTOR_TABLE {Abs}    0x00004000         Data  Gb  command line/config [2]
__aeabi_cdcmple         0x00005eeb         Code  Gb  DblCmpLe.o [4]
__aeabi_cdrcmple        0x00005f1d         Code  Gb  DblCmpGe.o [4]
__aeabi_cfcmple         0x0000870d         Code  Gb  FltCmpLe.o [4]
__aeabi_cfrcmple        0x00008459         Code  Gb  FltCmpGe.o [4]
__aeabi_d2f             0x00005f83         Code  Gb  DblToFlt.o [4]
__aeabi_d2iz            0x00005e99         Code  Gb  DblToI32.o [4]
__aeabi_d2uiz           0x00005ebd         Code  Gb  DblToI32.o [4]
__aeabi_dadd            0x00005ce3         Code  Gb  DblAddSub.o [4]
__aeabi_ddiv            0x00005a9d         Code  Gb  DblDiv.o [4]
__aeabi_dmul            0x00005b5f         Code  Gb  DblMul.o [4]
__aeabi_dsub            0x00005da9         Code  Gb  DblAddSub.o [4]
__aeabi_f2d             0x00005f51         Code  Gb  FltToDbl.o [4]
__aeabi_f2iz            0x00008379         Code  Gb  FltToS32.o [4]
__aeabi_fadd            0x00005fe5         Code  Gb  FltAddSub.o [4]
__aeabi_fdiv            0x00008733         Code  Gb  FltDiv.o [4]
__aeabi_fmul            0x000087dd         Code  Gb  FltMul.o [4]
__aeabi_fsub            0x00006055         Code  Gb  FltAddSub.o [4]
__aeabi_i2d             0x00005a89         Code  Gb  IxxToDbl.o [4]
__aeabi_i2f             0x000086f5         Code  Gb  IxxToFlt.o [4]
__aeabi_idiv            0x000061ed         Code  Gb  I32DivModFast.o [5]
__aeabi_idiv0           0x00006305         Code  Gb  IntDivZer.o [5]
__aeabi_idivmod         0x000061ed         Code  Gb  I32DivModFast.o [5]
__aeabi_memset          0x000062b5         Code  Gb  ABImemset.o [5]
__aeabi_ui2d            0x00005a69         Code  Gb  IxxToDbl.o [4]
__aeabi_ui2f            0x000086d5         Code  Gb  IxxToFlt.o [4]
__aeabi_uidiv           0x000061f3         Code  Gb  I32DivModFast.o [5]
__aeabi_uidivmod        0x000061f3         Code  Gb  I32DivModFast.o [5]
__cmain                 0x00009375         Code  Gb  cmain.o [5]
__code_start__ {Abs}    0x000040c0         Data  Gb  command line/config [2]
__exit                  0x000093ad         Code  Gb  XXexit.o [5]
__iar_Memset4_word      0x000062d5         Code  Gb  ABImemset.o [5]
__iar_Memset_word       0x000062c1         Code  Gb  ABImemset.o [5]
__iar_d2uiz             0x00005ec1         Code  Gb  DblToI32.o [4]
__iar_data_init3        0x00009319   0x28  Code  Gb  data_init.o [5]
__iar_program_start     0x00009461         Code  Gb  cstartup_M.o [5]
__iar_systems$$module {Abs}
                        0x00000001         Data  Gb  command line/config [2]
__iar_zero_init3        0x000092dd   0x3c  Code  Gb  zero_init3.o [5]
__low_level_init        0x00009393    0x4  Code  Gb  low_level_init.o [3]
__vector_table          0x00004000   0xc0  Data  Gb  vectors.o [1]
_call_main              0x00009381         Code  Gb  cmain.o [5]
_exit                   0x000093a1         Code  Gb  cexit.o [5]
_fontInfo_6x8           0x1ffff44c    0x8  Data  Gb  SOLGUI_Printf.o [1]
_fontInfo_8x10          0x1ffff454    0x8  Data  Gb  SOLGUI_Printf.o [1]
_key_cache              0x1ffff924    0x8  Data  Gb  SOLGUI_Menu.o [1]
_main                   0x0000938f         Code  Gb  cmain.o [5]
acmp0_irqhandler_default
                        0x00008ef5    0x8  Code  Lc  vectors.o [1]
acmp1_irqhandler_default
                        0x00008f1d    0x8  Code  Lc  vectors.o [1]
ad_ave                  0x00008699   0x3a  Code  Gb  KEA_adc.o [1]
adc0_irqhandler_default
                        0x00008eed    0x8  Code  Lc  vectors.o [1]
adc_init                0x000085f5   0x38  Code  Gb  KEA_adc.o [1]
adc_once                0x0000862d   0x30  Code  Gb  KEA_adc.o [1]
adc_start               0x0000865d   0x20  Code  Lc  KEA_adc.o [1]
adc_value               0x1ffff4f8   0x10  Data  Gb  main.o [1]
assert_failed           0x0000688d   0x26  Code  Gb  MKEA128_conf.o [1]
bInCircle               0x1ffff4c0    0x4  Data  Gb  dir_control.o [1]
beep                    0x00008001   0x2c  Code  Gb  control.o [1]
bus_clk_khz             0x1ffff988    0x4  Data  Gb  system_SKEAZ1284.o [1]
cauc_logo               0x1ffff034  0x400  Data  Gb  MyOLED.o [1]
cicle_value             0x1ffff018    0x4  Data  Gb  dir_control.o [1]
ciclehigh               0x1ffff020    0x4  Data  Gb  dir_control.o [1]
ciclelow                0x1ffff01c    0x4  Data  Gb  dir_control.o [1]
common_startup          0x00008fe5   0x5c  Code  Gb  system_SKEAZ1284.o [1]
core_clk_khz            0x1ffff980    0x4  Data  Gb  system_SKEAZ1284.o [1]
core_clk_mhz            0x1ffff984    0x4  Data  Gb  system_SKEAZ1284.o [1]
cur_key                 0x1ffff991    0x1  Data  Gb  SOLGUI_Menu.o [1]
current_page            0x1ffff920    0x4  Data  Gb  SOLGUI_Menu.o [1]
cursor                  0x1ffff45c    0x4  Data  Gb  SOLGUI_Widget.o [1]
cursor_reg              0x1ffff92c    0xc  Data  Gb  SOLGUI_Widget.o [1]
data                    0x1ffff4e4   0x14  Data  Gb  main.o [1]
default_isr             0x000068d5   0x18  Code  Gb  MKEA128_conf.o [1]
draw_cauc_logo          0x00006703   0x28  Code  Gb  MyOLED.o [1]
enCircle                0x1ffff014    0x4  Data  Gb  dir_control.o [1]
enter_fputc             0x000068b3   0x14  Code  Gb  MKEA128_conf.o [1]
exit                    0x00009397    0x8  Code  Gb  exit.o [3]
flag_run                0x1ffff030    0x4  Data  Gb  main.o [1]
flash_loaddata          0x00007b01   0x68  Code  Gb  main.o [1]
flash_savedata          0x00007a91   0x4e  Code  Gb  main.o [1]
flash_saveinit          0x00007a3b   0x4e  Code  Gb  main.o [1]
ftm0_irqhandler_default
                        0x00008efd    0x8  Code  Lc  vectors.o [1]
ftm1_irqhandler_default
                        0x00008f05    0x8  Code  Lc  vectors.o [1]
ftm2_irqhandler_default
                        0x00008f0d    0x8  Code  Lc  vectors.o [1]
ftm_clean               0x0000744d    0x6  Code  Gb  KEA_ftm.o [1]
ftm_enable_clk          0x00007113   0x26  Code  Lc  KEA_ftm.o [1]
ftm_mod                 0x1ffff4d8    0xc  Data  Lc  KEA_ftm.o [1]
ftm_port_mux            0x00006fe1  0x132  Code  Lc  KEA_ftm.o [1]
ftm_pulse_get           0x00007447    0x6  Code  Gb  KEA_ftm.o [1]
ftm_pulse_init          0x00007415   0x32  Code  Gb  KEA_ftm.o [1]
ftm_pulse_mux           0x00007389   0x82  Code  Gb  KEA_ftm.o [1]
ftm_pwm_duty            0x00007299   0xd8  Code  Gb  KEA_ftm.o [1]
ftm_pwm_init            0x00007155  0x134  Code  Gb  KEA_ftm.o [1]
ftmre_irqhandler_default
                        0x00008e9d    0x8  Code  Lc  vectors.o [1]
g_real_speed            0x1ffff48c    0x4  Data  Gb  control.o [1]
gpio_get                0x0000683d   0x44  Code  Gb  KEA_gpio.o [1]
gpio_init               0x0000673d   0xc0  Code  Gb  KEA_gpio.o [1]
gpio_turn               0x000067fd   0x40  Code  Gb  KEA_gpio.o [1]
hardfault_handler_default
                        0x00008e0d    0x8  Code  Lc  vectors.o [1]
i2c0_irqhandler_default
                        0x00008eb5    0x8  Code  Lc  vectors.o [1]
i2c1_irqhandler_default
                        0x00008ebd    0x8  Code  Lc  vectors.o [1]
ics_init                0x00008f79   0x5a  Code  Gb  system_SKEAZ1284.o [1]
ics_irqhandler_default  0x00008f3d    0x8  Code  Lc  vectors.o [1]
irq_irqhandler_default  0x00008ead    0x8  Code  Lc  vectors.o [1]
kbi0_irqhandler_default
                        0x00008f25    0x8  Code  Lc  vectors.o [1]
kbi1_irqhandler_default
                        0x00008f2d    0x8  Code  Lc  vectors.o [1]
key_get                 0x000084dd   0x1c  Code  Gb  VCAN_key.o [1]
key_init                0x00008481   0x5c  Code  Gb  VCAN_key.o [1]
key_value               0x1ffff508    0x4  Data  Gb  main.o [1]
led_init                0x000068ed   0x40  Code  Gb  VCAN_LED.o [1]
led_turn                0x0000692d   0x38  Code  Gb  VCAN_LED.o [1]
main                    0x00007901  0x13a  Code  Gb  main.o [1]
motorEncorderL          0x1ffff484    0x4  Data  Gb  control.o [1]
motorEncorderR          0x1ffff488    0x4  Data  Gb  control.o [1]
mscan_rx_irqhandler_default
                        0x00008f55    0x8  Code  Lc  vectors.o [1]
mscan_tx_err_wakeup_irqhandler_default
                        0x00008f5d    0x8  Code  Lc  vectors.o [1]
nmi_handler_default     0x00008e05    0x8  Code  Lc  vectors.o [1]
option_enable_list      0x1ffff938   0x10  Data  Gb  SOLGUI_Widget.o [1]
pendsv_handler_default  0x00008e65    0x8  Code  Lc  vectors.o [1]
pit0_irq                0x0000781b   0xaa  Code  Gb  main.o [1]
pit0_irq::index         0x1ffff51c    0x4  Data  Lc  main.o [1]
pit1_irq                0x000078c5   0x3a  Code  Gb  main.o [1]
pit_init                0x00008561   0x84  Code  Gb  KEA_PIT.o [1]
pixelC_HW_OLED_FillScreen
                        0x000066c1   0x42  Code  Gb  MyOLED.o [1]
pmc_irqhandler_default  0x00008ea5    0x8  Code  Lc  vectors.o [1]
port_pull               0x00006ae5   0x76  Code  Gb  KEA_port.o [1]
pwt_irqhandler_default  0x00008f4d    0x8  Code  Lc  vectors.o [1]
rtc_irqhandler_default  0x00008f15    0x8  Code  Lc  vectors.o [1]
soft_delay_ms           0x00006991   0x1a  Code  Gb  misc.o [1]
soft_delay_us           0x0000696d   0x24  Code  Gb  misc.o [1]
speedMax                0x1ffff008    0x4  Data  Gb  control.o [1]
speed_adjust            0x1ffff46c    0x4  Data  Gb  speed_control.o [1]
spi0_irqhandler_default
                        0x00008ec5    0x8  Code  Lc  vectors.o [1]
spi1_irqhandler_default
                        0x00008ecd    0x8  Code  Lc  vectors.o [1]
start                   0x00008f65   0x14  Code  Gb  system_SKEAZ1284.o [1]
svc_handler_default     0x00008e4d    0x8  Code  Lc  vectors.o [1]
sysinit                 0x00008fd3   0x12  Code  Gb  system_SKEAZ1284.o [1]
systick_delay           0x000084fd   0x38  Code  Gb  KEA_SysTick.o [1]
systick_delay_ms        0x00008535   0x18  Code  Gb  KEA_SysTick.o [1]
systick_handler_default
                        0x00008e6d    0x8  Code  Lc  vectors.o [1]
timer_clk_khz           0x1ffff98c    0x4  Data  Gb  system_SKEAZ1284.o [1]
uart0_irqhandler_default
                        0x00008ed5    0x8  Code  Lc  vectors.o [1]
uart1_irqhandler_default
                        0x00008edd    0x8  Code  Lc  vectors.o [1]
uart2_irqhandler_default
                        0x00008ee5    0x8  Code  Lc  vectors.o [1]
uart_init               0x000069d9   0xd6  Code  Gb  KEA_uart.o [1]
uart_putchar            0x00006aaf    0xc  Code  Gb  KEA_uart.o [1]
vcan_send_buff          0x1ffff50c   0x10  Data  Gb  main.o [1]
vector_004_default      0x00008e15    0x8  Code  Lc  vectors.o [1]
vector_005_default      0x00008e1d    0x8  Code  Lc  vectors.o [1]
vector_006_default      0x00008e25    0x8  Code  Lc  vectors.o [1]
vector_007_default      0x00008e2d    0x8  Code  Lc  vectors.o [1]
vector_008_default      0x00008e35    0x8  Code  Lc  vectors.o [1]
vector_009_default      0x00008e3d    0x8  Code  Lc  vectors.o [1]
vector_010_default      0x00008e45    0x8  Code  Lc  vectors.o [1]
vector_012_default      0x00008e55    0x8  Code  Lc  vectors.o [1]
vector_013_default      0x00008e5d    0x8  Code  Lc  vectors.o [1]
vector_016_default      0x00008e75    0x8  Code  Lc  vectors.o [1]
vector_017_default      0x00008e7d    0x8  Code  Lc  vectors.o [1]
vector_018_default      0x00008e85    0x8  Code  Lc  vectors.o [1]
vector_019_default      0x00008e8d    0x8  Code  Lc  vectors.o [1]
vector_020_default      0x00008e95    0x8  Code  Lc  vectors.o [1]
vector_042_default      0x00008f35    0x8  Code  Lc  vectors.o [1]
wdog_disable            0x00009091   0x1a  Code  Gb  KEA_wdog.o [1]
wdog_irqhandler_default
                        0x00008f45    0x8  Code  Lc  vectors.o [1]
wdog_unlock             0x000090ab   0x1c  Code  Lc  KEA_wdog.o [1]
write_vtor              0x000069ab   0x20  Code  Gb  misc.o [1]


[1] = E:\文件资料\github\2018_13th_NXP_Smartcar\Smartcar_直立\Prj\IAR\KEA128_Debug\Obj
[2] = command line
[3] = dl6M_tlf.a
[4] = m6M_tl.a
[5] = rt6M_tl.a

  17 190 bytes of readonly  code memory
   4 494 bytes of readonly  data memory
   2 452 bytes of readwrite data memory

Errors: none
Warnings: none
