###############################################################################
#
# IAR ELF Linker V8.20.2.14835/W32 for ARM                17/Apr/2018  19:27:13
# Copyright 2007-2017 IAR Systems AB.
#
#    Output file  =  
#        E:\2018飞卡\smart_car\2018_13th_NXP_Smartcar\Smartcar_直立\Prj\IAR\KEA128_Debug\Exe\vcan_Kinetis.out
#    Map file     =  
#        E:\2018飞卡\smart_car\2018_13th_NXP_Smartcar\Smartcar_直立\Prj\IAR\KEA128_Debug\List\vcan_Kinetis.map
#    Command line =  
#        -f C:\Users\Deng\AppData\Local\Temp\EW87A0.tmp
#        (E:\2018飞卡\smart_car\2018_13th_NXP_Smartcar\Smartcar_直立\Prj\IAR\KEA128_Debug\Obj\balance_control.o
#        E:\2018飞卡\smart_car\2018_13th_NXP_Smartcar\Smartcar_直立\Prj\IAR\KEA128_Debug\Obj\control.o
#        E:\2018飞卡\smart_car\2018_13th_NXP_Smartcar\Smartcar_直立\Prj\IAR\KEA128_Debug\Obj\dir_control.o
#        E:\2018飞卡\smart_car\2018_13th_NXP_Smartcar\Smartcar_直立\Prj\IAR\KEA128_Debug\Obj\Font4x6_ASCII.o
#        E:\2018飞卡\smart_car\2018_13th_NXP_Smartcar\Smartcar_直立\Prj\IAR\KEA128_Debug\Obj\Font6x8_ASCII.o
#        E:\2018飞卡\smart_car\2018_13th_NXP_Smartcar\Smartcar_直立\Prj\IAR\KEA128_Debug\Obj\Font8x10_ASCII.o
#        E:\2018飞卡\smart_car\2018_13th_NXP_Smartcar\Smartcar_直立\Prj\IAR\KEA128_Debug\Obj\Font8x8_ASCII.o
#        E:\2018飞卡\smart_car\2018_13th_NXP_Smartcar\Smartcar_直立\Prj\IAR\KEA128_Debug\Obj\IIC.o
#        E:\2018飞卡\smart_car\2018_13th_NXP_Smartcar\Smartcar_直立\Prj\IAR\KEA128_Debug\Obj\KEA_adc.o
#        E:\2018飞卡\smart_car\2018_13th_NXP_Smartcar\Smartcar_直立\Prj\IAR\KEA128_Debug\Obj\KEA_ftm.o
#        E:\2018飞卡\smart_car\2018_13th_NXP_Smartcar\Smartcar_直立\Prj\IAR\KEA128_Debug\Obj\KEA_gpio.o
#        E:\2018飞卡\smart_car\2018_13th_NXP_Smartcar\Smartcar_直立\Prj\IAR\KEA128_Debug\Obj\KEA_PIT.o
#        E:\2018飞卡\smart_car\2018_13th_NXP_Smartcar\Smartcar_直立\Prj\IAR\KEA128_Debug\Obj\KEA_port.o
#        E:\2018飞卡\smart_car\2018_13th_NXP_Smartcar\Smartcar_直立\Prj\IAR\KEA128_Debug\Obj\KEA_SysTick.o
#        E:\2018飞卡\smart_car\2018_13th_NXP_Smartcar\Smartcar_直立\Prj\IAR\KEA128_Debug\Obj\KEA_uart.o
#        E:\2018飞卡\smart_car\2018_13th_NXP_Smartcar\Smartcar_直立\Prj\IAR\KEA128_Debug\Obj\KEA_wdog.o
#        E:\2018飞卡\smart_car\2018_13th_NXP_Smartcar\Smartcar_直立\Prj\IAR\KEA128_Debug\Obj\main.o
#        E:\2018飞卡\smart_car\2018_13th_NXP_Smartcar\Smartcar_直立\Prj\IAR\KEA128_Debug\Obj\misc.o
#        E:\2018飞卡\smart_car\2018_13th_NXP_Smartcar\Smartcar_直立\Prj\IAR\KEA128_Debug\Obj\MKEA128_conf.o
#        E:\2018飞卡\smart_car\2018_13th_NXP_Smartcar\Smartcar_直立\Prj\IAR\KEA128_Debug\Obj\MKEA128_it.o
#        E:\2018飞卡\smart_car\2018_13th_NXP_Smartcar\Smartcar_直立\Prj\IAR\KEA128_Debug\Obj\motor_control.o
#        E:\2018飞卡\smart_car\2018_13th_NXP_Smartcar\Smartcar_直立\Prj\IAR\KEA128_Debug\Obj\MPU6050.o
#        E:\2018飞卡\smart_car\2018_13th_NXP_Smartcar\Smartcar_直立\Prj\IAR\KEA128_Debug\Obj\MyOLED.o
#        E:\2018飞卡\smart_car\2018_13th_NXP_Smartcar\Smartcar_直立\Prj\IAR\KEA128_Debug\Obj\sensor.o
#        E:\2018飞卡\smart_car\2018_13th_NXP_Smartcar\Smartcar_直立\Prj\IAR\KEA128_Debug\Obj\SOLGUI_Common.o
#        E:\2018飞卡\smart_car\2018_13th_NXP_Smartcar\Smartcar_直立\Prj\IAR\KEA128_Debug\Obj\SOLGUI_GBasic.o
#        E:\2018飞卡\smart_car\2018_13th_NXP_Smartcar\Smartcar_直立\Prj\IAR\KEA128_Debug\Obj\SOLGUI_Hardware.o
#        E:\2018飞卡\smart_car\2018_13th_NXP_Smartcar\Smartcar_直立\Prj\IAR\KEA128_Debug\Obj\SOLGUI_Menu.o
#        E:\2018飞卡\smart_car\2018_13th_NXP_Smartcar\Smartcar_直立\Prj\IAR\KEA128_Debug\Obj\SOLGUI_Picture.o
#        E:\2018飞卡\smart_car\2018_13th_NXP_Smartcar\Smartcar_直立\Prj\IAR\KEA128_Debug\Obj\SOLGUI_Printf.o
#        E:\2018飞卡\smart_car\2018_13th_NXP_Smartcar\Smartcar_直立\Prj\IAR\KEA128_Debug\Obj\SOLGUI_Widget.o
#        E:\2018飞卡\smart_car\2018_13th_NXP_Smartcar\Smartcar_直立\Prj\IAR\KEA128_Debug\Obj\speed_control.o
#        E:\2018飞卡\smart_car\2018_13th_NXP_Smartcar\Smartcar_直立\Prj\IAR\KEA128_Debug\Obj\startup_SKEAZ1284.o
#        E:\2018飞卡\smart_car\2018_13th_NXP_Smartcar\Smartcar_直立\Prj\IAR\KEA128_Debug\Obj\system_SKEAZ1284.o
#        E:\2018飞卡\smart_car\2018_13th_NXP_Smartcar\Smartcar_直立\Prj\IAR\KEA128_Debug\Obj\VCAN_ASCII.o
#        E:\2018飞卡\smart_car\2018_13th_NXP_Smartcar\Smartcar_直立\Prj\IAR\KEA128_Debug\Obj\VCAN_computer.o
#        E:\2018飞卡\smart_car\2018_13th_NXP_Smartcar\Smartcar_直立\Prj\IAR\KEA128_Debug\Obj\VCAN_key.o
#        E:\2018飞卡\smart_car\2018_13th_NXP_Smartcar\Smartcar_直立\Prj\IAR\KEA128_Debug\Obj\VCAN_key_event.o
#        E:\2018飞卡\smart_car\2018_13th_NXP_Smartcar\Smartcar_直立\Prj\IAR\KEA128_Debug\Obj\VCAN_LCD.o
#        E:\2018飞卡\smart_car\2018_13th_NXP_Smartcar\Smartcar_直立\Prj\IAR\KEA128_Debug\Obj\VCAN_LCD_CH.o
#        E:\2018飞卡\smart_car\2018_13th_NXP_Smartcar\Smartcar_直立\Prj\IAR\KEA128_Debug\Obj\VCAN_LCD_ST7735R.o
#        E:\2018飞卡\smart_car\2018_13th_NXP_Smartcar\Smartcar_直立\Prj\IAR\KEA128_Debug\Obj\VCAN_LCD_ST7735S.o
#        E:\2018飞卡\smart_car\2018_13th_NXP_Smartcar\Smartcar_直立\Prj\IAR\KEA128_Debug\Obj\VCAN_LED.o
#        E:\2018飞卡\smart_car\2018_13th_NXP_Smartcar\Smartcar_直立\Prj\IAR\KEA128_Debug\Obj\VCAN_NRF24L0.o
#        E:\2018飞卡\smart_car\2018_13th_NXP_Smartcar\Smartcar_直立\Prj\IAR\KEA128_Debug\Obj\VCAN_NRF24L0_MSG.o
#        E:\2018飞卡\smart_car\2018_13th_NXP_Smartcar\Smartcar_直立\Prj\IAR\KEA128_Debug\Obj\VCAN_TSL1401.o
#        E:\2018飞卡\smart_car\2018_13th_NXP_Smartcar\Smartcar_直立\Prj\IAR\KEA128_Debug\Obj\VCAN_UI_VAR.o
#        E:\2018飞卡\smart_car\2018_13th_NXP_Smartcar\Smartcar_直立\Prj\IAR\KEA128_Debug\Obj\vectors.o
#        --redirect _Printf=_PrintfLargeNoMb --redirect _Scanf=_ScanfLargeNoMb
#        -o
#        E:\2018飞卡\smart_car\2018_13th_NXP_Smartcar\Smartcar_直立\Prj\IAR\KEA128_Debug\Exe\vcan_Kinetis.out
#        --map
#        E:\2018飞卡\smart_car\2018_13th_NXP_Smartcar\Smartcar_直立\Prj\IAR\KEA128_Debug\List\vcan_Kinetis.map
#        --config
#        "E:\2018飞卡\smart_car\2018_13th_NXP_Smartcar\Smartcar_直立\Prj\IAR\config
#        files\vcan_ROM_KEA128.icf" --entry __iar_program_start --redirect
#        __write=__write_buffered --vfe --text_out locale)
#
###############################################################################

*******************************************************************************
*** RUNTIME MODEL ATTRIBUTES
***

CppFlavor       = *
__SystemLibrary = DLib
__dlib_version  = 6


*******************************************************************************
*** HEAP SELECTION
***

The basic heap was selected because no calls to memory allocation
functions were found in the application outside of system library
functions, and there are calls to deallocation functions in the
application.


*******************************************************************************
*** PLACEMENT SUMMARY
***

"A0":  place at 0x00004000 { ro section .intvec };
"A1":  place at 0x000040c0 { ro section .noinit };
define block CodeRelocate { section .textrw_init };
"P1":  place in [from 0x00004000 to 0x00020000] { ro, block CodeRelocate };
define block CodeRelocateRam { section .textrw };
define block CSTACK with size = 8K, alignment = 8 { };
define block HEAP with size = 0M, alignment = 8 { };
"P2":  place in [from 0x1ffff000 to 0x20003000] {
          rw, block CodeRelocateRam, block CSTACK, block HEAP };
initialize manually with packing = copy, complex ranges { section .data };

No sections matched the following patterns:

  section .textrw       in block CodeRelocateRam
  section .textrw_init  in block CodeRelocate


  Section              Kind        Address    Size  Object
  -------              ----        -------    ----  ------
"A0":                                         0xc0
  .intvec              const    0x00004000    0xc0  vectors.o [1]
                              - 0x000040c0    0xc0

"A1":                                          0x8
  .noinit              ro code  0x000040c0     0x8  startup_SKEAZ1284.o [1]
                              - 0x000040c8     0x8

"P1", part 1 of 2:                          0x5428
  .text                ro code  0x000040c8   0x8f8  SOLGUI_Widget.o [1]
  .text                ro code  0x000049c0   0x3ac  SOLGUI_Menu.o [1]
  .text                ro code  0x00004d6c   0x7ea  SOLGUI_Printf.o [1]
  .text                ro code  0x00005556   0x298  SOLGUI_GBasic.o [1]
  .rodata              const    0x000057ee     0x2  VCAN_computer.o [1]
  .text                ro code  0x000057f0    0x34  IxxToDbl.o [4]
  .text                ro code  0x00005824    0xc2  DblDiv.o [4]
  .text                ro code  0x000058e6   0x184  DblMul.o [4]
  .text                ro code  0x00005a6a   0x1b4  DblAddSub.o [4]
  .rodata              const    0x00005c1e     0x2  VCAN_computer.o [1]
  .text                ro code  0x00005c20    0x52  DblToI32.o [4]
  .text                ro code  0x00005c72    0x32  DblCmpLe.o [4]
  .text                ro code  0x00005ca4    0x32  DblCmpGe.o [4]
  .text                ro code  0x00005cd8    0x32  FltToDbl.o [4]
  .text                ro code  0x00005d0a    0x62  DblToFlt.o [4]
  .text                ro code  0x00005d6c   0x120  FltAddSub.o [4]
  .text                ro code  0x00005e8c    0xbc  SOLGUI_Common.o [1]
  .text                ro code  0x00005f48    0xe0  I32DivModFast.o [5]
  .text                ro code  0x00006028    0x14  SOLGUI_Hardware.o [1]
  .text                ro code  0x0000603c    0x50  ABImemset.o [5]
  .text                ro code  0x0000608c     0x2  IntDivZer.o [5]
  .text                ro code  0x00006090   0x434  MyOLED.o [1]
  .text                ro code  0x000064c4   0x238  KEA_gpio.o [1]
  .text                ro code  0x000066fc    0x60  MKEA128_conf.o [1]
  .text                ro code  0x0000675c    0x80  VCAN_LED.o [1]
  .text                ro code  0x000067dc    0x6c  misc.o [1]
  .text                ro code  0x00006848   0x12c  KEA_uart.o [1]
  .text                ro code  0x00006974    0x7c  KEA_port.o [1]
  .text                ro code  0x000069f0   0x472  KEA_ftm.o [1]
  .data_init                    0x00006e64   0x46c  <Block>
    Initializer bytes  const    0x00006e64   0x46c  <for .data-1>
  .rodata              const    0x000072d0   0x3b8  Font8x10_ASCII.o [1]
  .rodata              const    0x00007688   0x350  Font6x8_ASCII.o [1]
  .text                ro code  0x000079d8   0x280  IIC.o [1]
  .text                ro code  0x00007c58   0x280  main.o [1]
  .text                ro code  0x00007ed8    0xf0  MPU6050.o [1]
  .text                ro code  0x00007fc8   0x180  sensor.o [1]
  .text                ro code  0x00008148    0xa8  dir_control.o [1]
  .text                ro code  0x000081f0   0x1ce  control.o [1]
  .text                ro code  0x000083c0   0x1bc  speed_control.o [1]
  .text                ro code  0x0000857c    0x3a  FltToS32.o [4]
  .text                ro code  0x000085b8    0xa4  motor_control.o [1]
  .text                ro code  0x0000865c   0x100  balance_control.o [1]
  .text                ro code  0x0000875c    0x7c  VCAN_key.o [1]
  .text                ro code  0x000087d8    0x64  KEA_SysTick.o [1]
  .text                ro code  0x0000883c    0x94  KEA_PIT.o [1]
  .text                ro code  0x000088d0    0xa4  KEA_adc.o [1]
  .text                ro code  0x00008974    0x48  VCAN_computer.o [1]
  .text                ro code  0x000089bc    0x36  IxxToFlt.o [4]
  .text                ro code  0x000089f2    0xb0  FltMul.o [4]
  .text                ro code  0x00008aa2    0xc0  sqrt.o [4]
  .text                ro code  0x00008b62    0xaa  FltDiv.o [4]
  .text                ro code  0x00008c0c    0x28  FltCmpGe.o [4]
  .text                ro code  0x00008c34    0x26  FltCmpLe.o [4]
  .rodata              const    0x00008c5c   0x228  MyOLED.o [1]
  .text                ro code  0x00008e84   0x160  vectors.o [1]
  .text                ro code  0x00008fe4   0x12c  system_SKEAZ1284.o [1]
  .text                ro code  0x00009110    0x54  KEA_wdog.o [1]
  .rodata              const    0x00009164    0x58  KEA_SysTick.o [1]
  .rodata              const    0x000091bc    0x54  KEA_adc.o [1]
  .rodata              const    0x00009210    0x54  KEA_ftm.o [1]
  .rodata              const    0x00009264    0x54  KEA_gpio.o [1]
  .rodata              const    0x000092b8    0x54  KEA_PIT.o [1]
  .rodata              const    0x0000930c    0x50  misc.o [1]
  .text                ro code  0x0000935c    0x3c  zero_init3.o [5]
  .text                ro code  0x00009398    0x28  data_init.o [5]
  .rodata              const    0x000093c0    0x24  MKEA128_conf.o [1]
  .iar.init_table      const    0x000093e4    0x10  - Linker created -
  .text                ro code  0x000093f4    0x1e  cmain.o [5]
  .text                ro code  0x00009412     0x4  low_level_init.o [3]
  .text                ro code  0x00009416     0x8  exit.o [3]
  .text                ro code  0x00009420     0xa  cexit.o [5]
  .text                ro code  0x0000942c     0xc  XXexit.o [5]
  .rodata              const    0x00009438    0x18  MyOLED.o [1]
  .rodata              const    0x00009450     0xc  KEA_port.o [1]
  .rodata              const    0x0000945c     0xc  SOLGUI_Menu.o [1]
  .rodata              const    0x00009468     0xc  SOLGUI_Menu.o [1]
  .rodata              const    0x00009474     0xc  SOLGUI_Menu.o [1]
  .rodata              const    0x00009480     0xc  SOLGUI_Menu.o [1]
  .text                ro code  0x0000948c     0xc  cstartup_M.o [5]
  .rodata              const    0x00009498     0x8  MyOLED.o [1]
  .rodata              const    0x000094a0     0x8  SOLGUI_Menu.o [1]
  .rodata              const    0x000094a8     0x8  SOLGUI_Menu.o [1]
  .rodata              const    0x000094b0     0x8  SOLGUI_Menu.o [1]
  .rodata              const    0x000094b8     0x8  SOLGUI_Menu.o [1]
  .rodata              const    0x000094c0     0x8  SOLGUI_Menu.o [1]
  .rodata              const    0x000094c8     0x8  SOLGUI_Menu.o [1]
  .rodata              const    0x000094d0     0x8  SOLGUI_Menu.o [1]
  .rodata              const    0x000094d8     0x8  SOLGUI_Menu.o [1]
  .rodata              const    0x000094e0     0x8  SOLGUI_Menu.o [1]
  .rodata              const    0x000094e8     0x8  SOLGUI_Widget.o [1]
  .rodata              const    0x000094f0     0x0  zero_init3.o [5]
                              - 0x000094f0  0x5428

"P1", part 2 of 2:                             0x0
  CodeRelocate                  0x000094f0     0x0  <Block>

"P2", part 1 of 3:                           0x46c
  .data                         0x1ffff000   0x46c  <Block>
    .data-1                     0x1ffff000   0x46c  <Init block>
      .data            inited   0x1ffff000     0x4  balance_control.o [1]
      .data            inited   0x1ffff004     0x4  balance_control.o [1]
      .data            inited   0x1ffff008     0x4  balance_control.o [1]
      .data            inited   0x1ffff00c     0x4  dir_control.o [1]
      .data            inited   0x1ffff010     0x4  dir_control.o [1]
      .data            inited   0x1ffff014     0xc  KEA_gpio.o [1]
      .data            inited   0x1ffff020     0x4  main.o [1]
      .data            inited   0x1ffff024   0x400  MyOLED.o [1]
      .data            inited   0x1ffff424     0x4  sensor.o [1]
      .data            inited   0x1ffff428     0x4  sensor.o [1]
      .data            inited   0x1ffff42c     0x4  sensor.o [1]
      .data            inited   0x1ffff430     0x4  sensor.o [1]
      .data            inited   0x1ffff434     0x4  sensor.o [1]
      .data            inited   0x1ffff438     0xc  SOLGUI_Menu.o [1]
      .data            inited   0x1ffff444     0x8  SOLGUI_Printf.o [1]
      .data            inited   0x1ffff44c     0x8  SOLGUI_Printf.o [1]
      .data            inited   0x1ffff454     0x4  SOLGUI_Widget.o [1]
      .data            inited   0x1ffff458     0x4  speed_control.o [1]
      .data            inited   0x1ffff45c     0xc  VCAN_key.o [1]
      .data            inited   0x1ffff468     0x4  VCAN_LED.o [1]
                              - 0x1ffff46c   0x46c

"P2", part 2 of 3:                           0x52c
  .bss                          0x1ffff46c   0x52c  <Block>
    .bss               zero     0x1ffff46c     0x4  balance_control.o [1]
    .bss               zero     0x1ffff470     0x4  balance_control.o [1]
    .bss               zero     0x1ffff474     0x4  balance_control.o [1]
    .bss               zero     0x1ffff478     0x4  balance_control.o [1]
    .bss               zero     0x1ffff47c     0x4  balance_control.o [1]
    .bss               zero     0x1ffff480     0x4  balance_control.o [1]
    .bss               zero     0x1ffff484     0x4  control.o [1]
    .bss               zero     0x1ffff488     0x4  control.o [1]
    .bss               zero     0x1ffff48c     0x4  control.o [1]
    .bss               zero     0x1ffff490     0x4  dir_control.o [1]
    .bss               zero     0x1ffff494     0x4  dir_control.o [1]
    .bss               zero     0x1ffff498    0x28  dir_control.o [1]
    .bss               zero     0x1ffff4c0     0xc  KEA_ftm.o [1]
    .bss               zero     0x1ffff4cc    0x10  main.o [1]
    .bss               zero     0x1ffff4dc     0x4  main.o [1]
    .bss               zero     0x1ffff4e0    0x10  main.o [1]
    .bss               zero     0x1ffff4f0     0x4  main.o [1]
    .bss               zero     0x1ffff4f4     0x4  sensor.o [1]
    .bss               zero     0x1ffff4f8     0x4  sensor.o [1]
    .bss               zero     0x1ffff4fc     0x4  sensor.o [1]
    .bss               zero     0x1ffff500     0x4  sensor.o [1]
    .bss               zero     0x1ffff504     0x4  sensor.o [1]
    .bss               zero     0x1ffff508     0x4  sensor.o [1]
    .bss               zero     0x1ffff50c     0x4  sensor.o [1]
    .bss               zero     0x1ffff510     0x4  sensor.o [1]
    .bss               zero     0x1ffff514     0x4  sensor.o [1]
    .bss               zero     0x1ffff518   0x400  SOLGUI_Common.o [1]
    .bss               zero     0x1ffff918     0x4  SOLGUI_Menu.o [1]
    .bss               zero     0x1ffff91c     0x8  SOLGUI_Menu.o [1]
    .bss               zero     0x1ffff924     0xc  SOLGUI_Widget.o [1]
    .bss               zero     0x1ffff930    0x10  SOLGUI_Widget.o [1]
    .bss               zero     0x1ffff940     0x4  speed_control.o [1]
    .bss               zero     0x1ffff944     0x4  speed_control.o [1]
    .bss               zero     0x1ffff948     0x4  speed_control.o [1]
    .bss               zero     0x1ffff94c    0x14  speed_control.o [1]
    .bss               zero     0x1ffff960     0x4  speed_control.o [1]
    .bss               zero     0x1ffff964     0x4  speed_control.o [1]
    .bss               zero     0x1ffff968     0x4  speed_control.o [1]
    .bss               zero     0x1ffff96c     0x4  speed_control.o [1]
    .bss               zero     0x1ffff970     0x4  speed_control.o [1]
    .bss               zero     0x1ffff974     0x4  speed_control.o [1]
    .bss               zero     0x1ffff978     0x4  system_SKEAZ1284.o [1]
    .bss               zero     0x1ffff97c     0x4  system_SKEAZ1284.o [1]
    .bss               zero     0x1ffff980     0x4  system_SKEAZ1284.o [1]
    .bss               zero     0x1ffff984     0x4  system_SKEAZ1284.o [1]
    .bss               zero     0x1ffff988     0x2  MPU6050.o [1]
    .bss               zero     0x1ffff98a     0x2  MPU6050.o [1]
    .bss               zero     0x1ffff98c     0x2  MPU6050.o [1]
    .bss               zero     0x1ffff98e     0x2  MPU6050.o [1]
    .bss               zero     0x1ffff990     0x2  MPU6050.o [1]
    .bss               zero     0x1ffff992     0x2  MPU6050.o [1]
    .bss               zero     0x1ffff994     0x1  main.o [1]
    .bss               zero     0x1ffff995     0x1  SOLGUI_Menu.o [1]
    .bss               zero     0x1ffff996     0x1  SOLGUI_Menu.o [1]
    .bss               zero     0x1ffff997     0x1  SOLGUI_Widget.o [1]
                              - 0x1ffff998   0x52c

"P2", part 3 of 3:                             0x0
  CodeRelocateRam               0x1ffff998     0x0  <Block>


*******************************************************************************
*** INIT TABLE
***

          Address     Size
          -------     ----
Zero (__iar_zero_init3)
    1 destination range, total size 0x52c:
          0x1ffff46c  0x52c



*******************************************************************************
*** MODULE SUMMARY
***

    Module               ro code  ro data  rw data
    ------               -------  -------  -------
E:\2018飞卡\smart_car\2018_13th_NXP_Smartcar\Smartcar_直立\Prj\IAR\KEA128_Debug\Obj: [1]
    Font6x8_ASCII.o                   848
    Font8x10_ASCII.o                  952
    IIC.o                    640
    KEA_PIT.o                148       84
    KEA_SysTick.o            100       88
    KEA_adc.o                164       84
    KEA_ftm.o              1 138       84       12
    KEA_gpio.o               568       96       12
    KEA_port.o               124       12
    KEA_uart.o               300
    KEA_wdog.o                84
    MKEA128_conf.o            96       36
    MPU6050.o                240                12
    MyOLED.o               1 076    1 608    1 024
    SOLGUI_Common.o          188             1 024
    SOLGUI_GBasic.o          664
    SOLGUI_Hardware.o         20
    SOLGUI_Menu.o            940      132       26
    SOLGUI_Printf.o        2 026       16       16
    SOLGUI_Widget.o        2 296       12       33
    VCAN_LED.o               128        4        4
    VCAN_computer.o           72        4
    VCAN_key.o               124       12       12
    balance_control.o        256       12       36
    control.o                462                12
    dir_control.o            168        8       56
    main.o                   640        4       45
    misc.o                   108       80
    motor_control.o          164
    sensor.o                 384       20       56
    speed_control.o          444        4       60
    startup_SKEAZ1284.o        8
    system_SKEAZ1284.o       300                16
    vectors.o                352      192
    ----------------------------------------------
    Total:                14 422    4 392    2 456

command line: [2]
    ----------------------------------------------
    Total:

dl6M_tlf.a: [3]
    exit.o                     8
    low_level_init.o           4
    ----------------------------------------------
    Total:                    12

m6M_tl.a: [4]
    DblAddSub.o              436
    DblCmpGe.o                50
    DblCmpLe.o                50
    DblDiv.o                 194
    DblMul.o                 388
    DblToFlt.o                98
    DblToI32.o                82
    FltAddSub.o              288
    FltCmpGe.o                40
    FltCmpLe.o                38
    FltDiv.o                 170
    FltMul.o                 176
    FltToDbl.o                50
    FltToS32.o                58
    IxxToDbl.o                52
    IxxToFlt.o                54
    sqrt.o                   192
    ----------------------------------------------
    Total:                 2 416

rt6M_tl.a: [5]
    ABImemset.o               80
    I32DivModFast.o          224
    IntDivZer.o                2
    XXexit.o                  12
    cexit.o                   10
    cmain.o                   30
    cstartup_M.o              12
    data_init.o               40
    zero_init3.o              60
    ----------------------------------------------
    Total:                   470

    Gaps                      12        2
    Linker created                     16
--------------------------------------------------
    Grand Total:          17 332    4 410    2 456


*******************************************************************************
*** ENTRY LIST
***

Entry                      Address   Size  Type      Object
-----                      -------   ----  ----      ------
.bss$$Base              0x1ffff46c          --   Gb  - Linker created -
.bss$$Limit             0x1ffff998          --   Gb  - Linker created -
.data$$Base             0x1ffff000          --   Gb  - Linker created -
.data$$Limit            0x1ffff46c          --   Gb  - Linker created -
.data_init$$Base        0x00006e64          --   Gb  - Linker created -
.data_init$$Limit       0x000072d0          --   Gb  - Linker created -
.iar.init_table$$Base   0x000093e4          --   Gb  - Linker created -
.iar.init_table$$Limit  0x000093f4          --   Gb  - Linker created -
?main                   0x000093f5         Code  Gb  cmain.o [5]
ADC_deal                0x00008369   0x56  Code  Gb  control.o [1]
ASSERT_FAILED_STR       0x000093c0   0x24  Data  Gb  MKEA128_conf.o [1]
AngleAccel              0x1ffff4fc    0x4  Data  Gb  sensor.o [1]
AngleSpeed              0x1ffff4f4    0x4  Data  Gb  sensor.o [1]
BalanceControl          0x0000865d  0x100  Code  Gb  balance_control.o [1]
BalanceControl::index   0x1ffff480    0x4  Data  Lc  balance_control.o [1]
Balance_Inside_Err      0x1ffff478    0x4  Data  Gb  balance_control.o [1]
Balance_Inside_Kd       0x1ffff470    0x4  Data  Gb  balance_control.o [1]
Balance_Inside_Kp       0x1ffff008    0x4  Data  Gb  balance_control.o [1]
Balance_Inside_LastErr  0x1ffff47c    0x4  Data  Gb  balance_control.o [1]
Balance_Inside_Out      0x1ffff474    0x4  Data  Gb  balance_control.o [1]
Balance_Kd              0x1ffff004    0x4  Data  Gb  balance_control.o [1]
Balance_Kp              0x1ffff000    0x4  Data  Gb  balance_control.o [1]
Balance_Out             0x1ffff46c    0x4  Data  Gb  balance_control.o [1]
CalSpeedError           0x000083c1   0xbe  Code  Gb  speed_control.o [1]
CalSpeedError::SpeedFilter
                        0x1ffff974    0x4  Data  Lc  speed_control.o [1]
CalSpeedError::fSpeedOld
                        0x1ffff970    0x4  Data  Lc  speed_control.o [1]
CodeRelocate$$Base      0x000094f0          --   Gb  - Linker created -
CodeRelocate$$Limit     0x000094f0          --   Gb  - Linker created -
CodeRelocateRam$$Base   0x1ffff998          --   Gb  - Linker created -
CodeRelocateRam$$Limit  0x1ffff998          --   Gb  - Linker created -
DirErr                  0x1ffff490    0x4  Data  Gb  dir_control.o [1]
DirErrList              0x1ffff498   0x28  Data  Gb  dir_control.o [1]
DirKd                   0x1ffff010    0x4  Data  Gb  dir_control.o [1]
DirKp                   0x1ffff00c    0x4  Data  Gb  dir_control.o [1]
DirOut                  0x1ffff494    0x4  Data  Gb  dir_control.o [1]
Dir_Control             0x00008149   0xa8  Code  Gb  dir_control.o [1]
Draw_BMP                0x000063e1   0x68  Code  Gb  MyOLED.o [1]
Encoder_init            0x00008325   0x2c  Code  Gb  control.o [1]
ExpectSpeed             0x1ffff944    0x4  Data  Gb  speed_control.o [1]
F6x8                    0x00008c5c  0x228  Data  Gb  MyOLED.o [1]
FIFO_DeQueue            0x00004b93   0x36  Code  Gb  SOLGUI_Menu.o [1]
FIFO_EnQueue            0x00004b6f   0x24  Code  Gb  SOLGUI_Menu.o [1]
FIFO_Init               0x00004b51   0x1e  Code  Gb  SOLGUI_Menu.o [1]
Flag_SpeedControl       0x1ffff96c    0x4  Data  Gb  speed_control.o [1]
GPIOX                   0x1ffff014    0xc  Data  Gb  KEA_gpio.o [1]
Get_AccData             0x00007f27   0x44  Code  Gb  MPU6050.o [1]
Get_Gyro                0x00007f6b   0x44  Code  Gb  MPU6050.o [1]
I2C_SendACK             0x00007a45   0x44  Code  Gb  IIC.o [1]
IIC_init                0x00007c31   0x28  Code  Gb  IIC.o [1]
IIC_start               0x000079e9   0x2c  Code  Gb  IIC.o [1]
IIC_stop                0x00007a15   0x30  Code  Gb  IIC.o [1]
InitMPU6050             0x00007ed9   0x4e  Code  Gb  MPU6050.o [1]
KEY_NUM                 0x1ffff994    0x1  Data  Gb  main.o [1]
KEY_PTxn                0x1ffff45c    0xc  Data  Gb  VCAN_key.o [1]
KalmanFilter            0x00007fc9  0x180  Code  Gb  sensor.o [1]
KalmanFilter::Posterior_Convariance
                        0x1ffff514    0x4  Data  Lc  sensor.o [1]
KalmanFilter::Posterior_Estimation
                        0x1ffff50c    0x4  Data  Lc  sensor.o [1]
KalmanFilter::Priori_Convariance
                        0x1ffff510    0x4  Data  Lc  sensor.o [1]
KalmanFilter::Priori_Estimation
                        0x1ffff508    0x4  Data  Lc  sensor.o [1]
KalmanGain              0x1ffff428    0x4  Data  Gb  sensor.o [1]
Key_Scan                0x000081f1   0xc8  Code  Gb  control.o [1]
LED_PTxn                0x1ffff468    0x4  Data  Gb  VCAN_LED.o [1]
Left_Motor_Control      0x00008605   0x4c  Code  Gb  motor_control.o [1]
NVIC_EnableIRQ          0x00007c59    0xe  Code  Lc  main.o [1]
OLED_DLY_ms             0x00006201   0x20  Code  Gb  MyOLED.o [1]
OLED_Fill               0x000061bf   0x42  Code  Gb  MyOLED.o [1]
OLED_Init               0x00006221  0x134  Code  Gb  MyOLED.o [1]
OLED_P6x8Str            0x00006365   0x72  Code  Gb  MyOLED.o [1]
OLED_Set_Pos            0x0000618f   0x30  Code  Gb  MyOLED.o [1]
OLED_WrCmd              0x00006111   0x7e  Code  Gb  MyOLED.o [1]
OLED_WrDat              0x00006091   0x80  Code  Gb  MyOLED.o [1]
Peried                  0x1ffff424    0x4  Data  Gb  sensor.o [1]
Q                       0x1ffff42c    0x4  Data  Gb  sensor.o [1]
R                       0x1ffff430    0x4  Data  Gb  sensor.o [1]
RealSpeed               0x1ffff940    0x4  Data  Gb  speed_control.o [1]
Region$$Table$$Base     0x000093e4          --   Gb  - Linker created -
Region$$Table$$Limit    0x000093f4          --   Gb  - Linker created -
Reset_Handler           0x000040c1         Code  Gb  startup_SKEAZ1284.o [1]
Right_Motor_Control     0x000085b9   0x4c  Code  Gb  motor_control.o [1]
SCCB_WaitAck            0x00007a89   0x58  Code  Lc  IIC.o [1]
SOLGUI_CSR              0x1ffff996    0x1  Data  Gb  SOLGUI_Menu.o [1]
SOLGUI_Clean            0x00005ebd   0x16  Code  Gb  SOLGUI_Common.o [1]
SOLGUI_Cursor           0x00004113  0x2a4  Code  Gb  SOLGUI_Widget.o [1]
SOLGUI_DrawPoint        0x00005ed3   0x72  Code  Gb  SOLGUI_Common.o [1]
SOLGUI_GBasic_Line      0x000055e5  0x124  Code  Gb  SOLGUI_GBasic.o [1]
SOLGUI_GBasic_Rectangle
                        0x00005709   0xe6  Code  Gb  SOLGUI_GBasic.o [1]
SOLGUI_GRAM             0x1ffff518  0x400  Data  Gb  SOLGUI_Common.o [1]
SOLGUI_GetCurrentKey    0x00004c93    0x6  Code  Gb  SOLGUI_Menu.o [1]
SOLGUI_Hardware_FillScreen
                        0x00006031    0xc  Code  Gb  SOLGUI_Hardware.o [1]
SOLGUI_Hardware_Init    0x00006029    0x8  Code  Gb  SOLGUI_Hardware.o [1]
SOLGUI_Init             0x00005e8d   0x22  Code  Gb  SOLGUI_Common.o [1]
SOLGUI_InputKey         0x00004c85    0xe  Code  Gb  SOLGUI_Menu.o [1]
SOLGUI_Menu_PageStage   0x00004cb5   0x50  Code  Gb  SOLGUI_Menu.o [1]
SOLGUI_Menu_SetHomePage
                        0x00004c71    0xe  Code  Gb  SOLGUI_Menu.o [1]
SOLGUI_Menu_Title       0x00004bdd   0x8e  Code  Gb  SOLGUI_Menu.o [1]
SOLGUI_PutChar          0x00004db1   0xc4  Code  Gb  SOLGUI_Printf.o [1]
SOLGUI_PutString        0x00004e75   0x3e  Code  Gb  SOLGUI_Printf.o [1]
SOLGUI_Refresh          0x00005eaf    0xe  Code  Gb  SOLGUI_Common.o [1]
SOLGUI_SwitchFont       0x00004d6d   0x3a  Code  Gb  SOLGUI_Printf.o [1]
SOLGUI_Widget_OptionText
                        0x00004951   0x4c  Code  Gb  SOLGUI_Widget.o [1]
SOLGUI_Widget_Spin      0x00004425  0x52c  Code  Gb  SOLGUI_Widget.o [1]
SOLGUI_Widget_Spin::spin_pos
                        0x1ffff997    0x1  Data  Lc  SOLGUI_Widget.o [1]
SOLGUI_printf           0x00005539   0x1e  Code  Gb  SOLGUI_Printf.o [1]
SpeedControl            0x0000847f   0x70  Code  Gb  speed_control.o [1]
SpeedControlOut         0x000084ef   0x34  Code  Gb  speed_control.o [1]
SpeedErr                0x1ffff948    0x4  Data  Gb  speed_control.o [1]
SpeedErrorTemp          0x1ffff94c   0x14  Data  Gb  speed_control.o [1]
SpeedOut                0x1ffff960    0x4  Data  Gb  speed_control.o [1]
SpeedOutNew             0x1ffff964    0x4  Data  Gb  speed_control.o [1]
SpeedOutOld             0x1ffff968    0x4  Data  Gb  speed_control.o [1]
Speed_Kp                0x1ffff458    0x4  Data  Gb  speed_control.o [1]
Speed_calulate          0x000082b9   0x6c  Code  Gb  control.o [1]
UI_MENU                 0x1ffff438    0xc  Data  Gb  SOLGUI_Menu.o [1]
_Font6x8                0x00007688  0x350  Data  Gb  Font6x8_ASCII.o [1]
_Font8x10               0x000072d0  0x3b8  Data  Gb  Font8x10_ASCII.o [1]
_LineModes              0x00005557   0x8e  Code  Gb  SOLGUI_GBasic.o [1]
_OptionsDisplay_Judge   0x000040c9   0x32  Code  Gb  SOLGUI_Widget.o [1]
_OptionsDisplay_coorY   0x000040fb   0x18  Code  Gb  SOLGUI_Widget.o [1]
_Pow_10                 0x000043bd   0x4c  Code  Gb  SOLGUI_Widget.o [1]
_UI_MENU                0x000049c1  0x190  Code  Gb  SOLGUI_Menu.o [1]
__BOOT_STACK_ADDRESS {Abs}
                        0x20002ff8         Data  Gb  command line/config [2]
__SOLGUI_printf         0x00004eb3  0x682  Code  Gb  SOLGUI_Printf.o [1]
__VECTOR_TABLE {Abs}    0x00004000         Data  Gb  command line/config [2]
__aeabi_cdcmple         0x00005c73         Code  Gb  DblCmpLe.o [4]
__aeabi_cdrcmple        0x00005ca5         Code  Gb  DblCmpGe.o [4]
__aeabi_cfcmple         0x00008c35         Code  Gb  FltCmpLe.o [4]
__aeabi_cfrcmple        0x00008c0d         Code  Gb  FltCmpGe.o [4]
__aeabi_d2f             0x00005d0b         Code  Gb  DblToFlt.o [4]
__aeabi_d2iz            0x00005c21         Code  Gb  DblToI32.o [4]
__aeabi_d2uiz           0x00005c45         Code  Gb  DblToI32.o [4]
__aeabi_dadd            0x00005a6b         Code  Gb  DblAddSub.o [4]
__aeabi_ddiv            0x00005825         Code  Gb  DblDiv.o [4]
__aeabi_dmul            0x000058e7         Code  Gb  DblMul.o [4]
__aeabi_dsub            0x00005b31         Code  Gb  DblAddSub.o [4]
__aeabi_f2d             0x00005cd9         Code  Gb  FltToDbl.o [4]
__aeabi_f2iz            0x0000857d         Code  Gb  FltToS32.o [4]
__aeabi_fadd            0x00005d6d         Code  Gb  FltAddSub.o [4]
__aeabi_fdiv            0x00008b63         Code  Gb  FltDiv.o [4]
__aeabi_fmul            0x000089f3         Code  Gb  FltMul.o [4]
__aeabi_fsub            0x00005ddd         Code  Gb  FltAddSub.o [4]
__aeabi_i2d             0x00005811         Code  Gb  IxxToDbl.o [4]
__aeabi_i2f             0x000089dd         Code  Gb  IxxToFlt.o [4]
__aeabi_idiv            0x00005f75         Code  Gb  I32DivModFast.o [5]
__aeabi_idiv0           0x0000608d         Code  Gb  IntDivZer.o [5]
__aeabi_idivmod         0x00005f75         Code  Gb  I32DivModFast.o [5]
__aeabi_memset          0x0000603d         Code  Gb  ABImemset.o [5]
__aeabi_ui2d            0x000057f1         Code  Gb  IxxToDbl.o [4]
__aeabi_ui2f            0x000089bd         Code  Gb  IxxToFlt.o [4]
__aeabi_uidiv           0x00005f7b         Code  Gb  I32DivModFast.o [5]
__aeabi_uidivmod        0x00005f7b         Code  Gb  I32DivModFast.o [5]
__cmain                 0x000093f5         Code  Gb  cmain.o [5]
__code_start__ {Abs}    0x000040c0         Data  Gb  command line/config [2]
__exit                  0x0000942d         Code  Gb  XXexit.o [5]
__iar_Memset4_word      0x0000605d         Code  Gb  ABImemset.o [5]
__iar_Memset_word       0x00006049         Code  Gb  ABImemset.o [5]
__iar_d2uiz             0x00005c49         Code  Gb  DblToI32.o [4]
__iar_data_init3        0x00009399   0x28  Code  Gb  data_init.o [5]
__iar_program_start     0x0000948d         Code  Gb  cstartup_M.o [5]
__iar_sqrt64            0x00008aa3         Code  Gb  sqrt.o [4]
__iar_systems$$module {Abs}
                        0x00000001         Data  Gb  command line/config [2]
__iar_zero_init3        0x0000935d   0x3c  Code  Gb  zero_init3.o [5]
__low_level_init        0x00009413    0x4  Code  Gb  low_level_init.o [3]
__vector_table          0x00004000   0xc0  Data  Gb  vectors.o [1]
_call_main              0x00009401         Code  Gb  cmain.o [5]
_exit                   0x00009421         Code  Gb  cexit.o [5]
_fontInfo_6x8           0x1ffff444    0x8  Data  Gb  SOLGUI_Printf.o [1]
_fontInfo_8x10          0x1ffff44c    0x8  Data  Gb  SOLGUI_Printf.o [1]
_key_cache              0x1ffff91c    0x8  Data  Gb  SOLGUI_Menu.o [1]
_main                   0x0000940f         Code  Gb  cmain.o [5]
acmp0_irqhandler_default
                        0x00008f75    0x8  Code  Lc  vectors.o [1]
acmp1_irqhandler_default
                        0x00008f9d    0x8  Code  Lc  vectors.o [1]
adc0_irqhandler_default
                        0x00008f6d    0x8  Code  Lc  vectors.o [1]
adc_init                0x000088d1   0x38  Code  Gb  KEA_adc.o [1]
adc_once                0x00008909   0x30  Code  Gb  KEA_adc.o [1]
adc_start               0x00008939   0x20  Code  Lc  KEA_adc.o [1]
adc_value               0x1ffff4cc   0x10  Data  Gb  main.o [1]
angle_offset            0x1ffff434    0x4  Data  Gb  sensor.o [1]
assert_failed           0x000066fd   0x26  Code  Gb  MKEA128_conf.o [1]
bus_clk_khz             0x1ffff980    0x4  Data  Gb  system_SKEAZ1284.o [1]
cauc_logo               0x1ffff024  0x400  Data  Gb  MyOLED.o [1]
common_startup          0x00009065   0x5c  Code  Gb  system_SKEAZ1284.o [1]
core_clk_khz            0x1ffff978    0x4  Data  Gb  system_SKEAZ1284.o [1]
core_clk_mhz            0x1ffff97c    0x4  Data  Gb  system_SKEAZ1284.o [1]
cur_key                 0x1ffff995    0x1  Data  Gb  SOLGUI_Menu.o [1]
current_page            0x1ffff918    0x4  Data  Gb  SOLGUI_Menu.o [1]
cursor                  0x1ffff454    0x4  Data  Gb  SOLGUI_Widget.o [1]
cursor_reg              0x1ffff924    0xc  Data  Gb  SOLGUI_Widget.o [1]
default_isr             0x00006745   0x18  Code  Gb  MKEA128_conf.o [1]
draw_cauc_logo          0x0000648b   0x28  Code  Gb  MyOLED.o [1]
enter_fputc             0x00006723   0x14  Code  Gb  MKEA128_conf.o [1]
exit                    0x00009417    0x8  Code  Gb  exit.o [3]
flag_run                0x1ffff020    0x4  Data  Gb  main.o [1]
ftm0_irqhandler_default
                        0x00008f7d    0x8  Code  Lc  vectors.o [1]
ftm1_irqhandler_default
                        0x00008f85    0x8  Code  Lc  vectors.o [1]
ftm2_irqhandler_default
                        0x00008f8d    0x8  Code  Lc  vectors.o [1]
ftm_clean               0x00006e5d    0x6  Code  Gb  KEA_ftm.o [1]
ftm_enable_clk          0x00006b23   0x26  Code  Lc  KEA_ftm.o [1]
ftm_mod                 0x1ffff4c0    0xc  Data  Lc  KEA_ftm.o [1]
ftm_port_mux            0x000069f1  0x132  Code  Lc  KEA_ftm.o [1]
ftm_pulse_get           0x00006e57    0x6  Code  Gb  KEA_ftm.o [1]
ftm_pulse_init          0x00006e25   0x32  Code  Gb  KEA_ftm.o [1]
ftm_pulse_mux           0x00006d99   0x82  Code  Gb  KEA_ftm.o [1]
ftm_pwm_duty            0x00006ca9   0xd8  Code  Gb  KEA_ftm.o [1]
ftm_pwm_init            0x00006b65  0x134  Code  Gb  KEA_ftm.o [1]
ftmre_irqhandler_default
                        0x00008f1d    0x8  Code  Lc  vectors.o [1]
g_AngleOfCar            0x1ffff504    0x4  Data  Gb  sensor.o [1]
g_real_speed            0x1ffff48c    0x4  Data  Gb  control.o [1]
gpio_ddr                0x00006585   0x62  Code  Gb  KEA_gpio.o [1]
gpio_get                0x000066af   0x44  Code  Gb  KEA_gpio.o [1]
gpio_init               0x000064c5   0xc0  Code  Gb  KEA_gpio.o [1]
gpio_set                0x000065e7   0x88  Code  Gb  KEA_gpio.o [1]
gpio_turn               0x0000666f   0x40  Code  Gb  KEA_gpio.o [1]
hardfault_handler_default
                        0x00008e8d    0x8  Code  Lc  vectors.o [1]
i2c0_irqhandler_default
                        0x00008f35    0x8  Code  Lc  vectors.o [1]
i2c1_irqhandler_default
                        0x00008f3d    0x8  Code  Lc  vectors.o [1]
ics_init                0x00008ff9   0x5a  Code  Gb  system_SKEAZ1284.o [1]
ics_irqhandler_default  0x00008fbd    0x8  Code  Lc  vectors.o [1]
irq_irqhandler_default  0x00008f2d    0x8  Code  Lc  vectors.o [1]
kbi0_irqhandler_default
                        0x00008fa5    0x8  Code  Lc  vectors.o [1]
kbi1_irqhandler_default
                        0x00008fad    0x8  Code  Lc  vectors.o [1]
key_get                 0x000087b9   0x1c  Code  Gb  VCAN_key.o [1]
key_init                0x0000875d   0x5c  Code  Gb  VCAN_key.o [1]
key_value               0x1ffff4dc    0x4  Data  Gb  main.o [1]
led_init                0x0000675d   0x40  Code  Gb  VCAN_LED.o [1]
led_turn                0x0000679d   0x38  Code  Gb  VCAN_LED.o [1]
main                    0x00007d41  0x15c  Code  Gb  main.o [1]
motorEncorderL          0x1ffff484    0x4  Data  Gb  control.o [1]
motorEncorderR          0x1ffff488    0x4  Data  Gb  control.o [1]
mpu_acc_x               0x1ffff98e    0x2  Data  Gb  MPU6050.o [1]
mpu_acc_y               0x1ffff990    0x2  Data  Gb  MPU6050.o [1]
mpu_acc_z               0x1ffff992    0x2  Data  Gb  MPU6050.o [1]
mpu_gyro_x              0x1ffff988    0x2  Data  Gb  MPU6050.o [1]
mpu_gyro_y              0x1ffff98a    0x2  Data  Gb  MPU6050.o [1]
mpu_gyro_z              0x1ffff98c    0x2  Data  Gb  MPU6050.o [1]
mscan_rx_irqhandler_default
                        0x00008fd5    0x8  Code  Lc  vectors.o [1]
mscan_tx_err_wakeup_irqhandler_default
                        0x00008fdd    0x8  Code  Lc  vectors.o [1]
nmi_handler_default     0x00008e85    0x8  Code  Lc  vectors.o [1]
offset_AngleAccel       0x1ffff500    0x4  Data  Gb  sensor.o [1]
offset_AngleSpeed       0x1ffff4f8    0x4  Data  Gb  sensor.o [1]
option_enable_list      0x1ffff930   0x10  Data  Gb  SOLGUI_Widget.o [1]
pendsv_handler_default  0x00008ee5    0x8  Code  Lc  vectors.o [1]
pit0_irq                0x00007c67   0xae  Code  Gb  main.o [1]
pit0_irq::index         0x1ffff4f0    0x4  Data  Lc  main.o [1]
pit1_irq                0x00007d15   0x2a  Code  Gb  main.o [1]
pit_init                0x0000883d   0x84  Code  Gb  KEA_PIT.o [1]
pixelC_HW_OLED_FillScreen
                        0x00006449   0x42  Code  Gb  MyOLED.o [1]
pmc_irqhandler_default  0x00008f25    0x8  Code  Lc  vectors.o [1]
port_pull               0x00006975   0x76  Code  Gb  KEA_port.o [1]
pwt_irqhandler_default  0x00008fcd    0x8  Code  Lc  vectors.o [1]
read_ch                 0x00007b29   0x7c  Code  Gb  IIC.o [1]
rtc_irqhandler_default  0x00008f95    0x8  Code  Lc  vectors.o [1]
send_ch                 0x00007ae1   0x48  Code  Gb  IIC.o [1]
simiic_delay            0x000079d9   0x10  Code  Gb  IIC.o [1]
simiic_read_regs        0x00007bcf   0x62  Code  Gb  IIC.o [1]
simiic_write_reg        0x00007ba5   0x2a  Code  Gb  IIC.o [1]
soft_delay_ms           0x00006801   0x1a  Code  Gb  misc.o [1]
soft_delay_us           0x000067dd   0x24  Code  Gb  misc.o [1]
spi0_irqhandler_default
                        0x00008f45    0x8  Code  Lc  vectors.o [1]
spi1_irqhandler_default
                        0x00008f4d    0x8  Code  Lc  vectors.o [1]
sqrt                    0x00008aa3         Code  Gb  sqrt.o [4]
sqrtl                   0x00008aa3         Code  Gb  sqrt.o [4]
start                   0x00008fe5   0x14  Code  Gb  system_SKEAZ1284.o [1]
svc_handler_default     0x00008ecd    0x8  Code  Lc  vectors.o [1]
sysinit                 0x00009053   0x12  Code  Gb  system_SKEAZ1284.o [1]
systick_delay           0x000087d9   0x38  Code  Gb  KEA_SysTick.o [1]
systick_delay_ms        0x00008811   0x18  Code  Gb  KEA_SysTick.o [1]
systick_handler_default
                        0x00008eed    0x8  Code  Lc  vectors.o [1]
timer_clk_khz           0x1ffff984    0x4  Data  Gb  system_SKEAZ1284.o [1]
uart0_irqhandler_default
                        0x00008f55    0x8  Code  Lc  vectors.o [1]
uart1_irqhandler_default
                        0x00008f5d    0x8  Code  Lc  vectors.o [1]
uart2_irqhandler_default
                        0x00008f65    0x8  Code  Lc  vectors.o [1]
uart_init               0x00006849   0xd6  Code  Gb  KEA_uart.o [1]
uart_putbuff            0x0000692b   0x22  Code  Gb  KEA_uart.o [1]
uart_putchar            0x0000691f    0xc  Code  Gb  KEA_uart.o [1]
vcan_send_buff          0x1ffff4e0   0x10  Data  Gb  main.o [1]
vcan_sendware           0x00008975   0x3a  Code  Gb  VCAN_computer.o [1]
vector_004_default      0x00008e95    0x8  Code  Lc  vectors.o [1]
vector_005_default      0x00008e9d    0x8  Code  Lc  vectors.o [1]
vector_006_default      0x00008ea5    0x8  Code  Lc  vectors.o [1]
vector_007_default      0x00008ead    0x8  Code  Lc  vectors.o [1]
vector_008_default      0x00008eb5    0x8  Code  Lc  vectors.o [1]
vector_009_default      0x00008ebd    0x8  Code  Lc  vectors.o [1]
vector_010_default      0x00008ec5    0x8  Code  Lc  vectors.o [1]
vector_012_default      0x00008ed5    0x8  Code  Lc  vectors.o [1]
vector_013_default      0x00008edd    0x8  Code  Lc  vectors.o [1]
vector_016_default      0x00008ef5    0x8  Code  Lc  vectors.o [1]
vector_017_default      0x00008efd    0x8  Code  Lc  vectors.o [1]
vector_018_default      0x00008f05    0x8  Code  Lc  vectors.o [1]
vector_019_default      0x00008f0d    0x8  Code  Lc  vectors.o [1]
vector_020_default      0x00008f15    0x8  Code  Lc  vectors.o [1]
vector_042_default      0x00008fb5    0x8  Code  Lc  vectors.o [1]
wdog_disable            0x00009111   0x1a  Code  Gb  KEA_wdog.o [1]
wdog_irqhandler_default
                        0x00008fc5    0x8  Code  Lc  vectors.o [1]
wdog_unlock             0x0000912b   0x1c  Code  Lc  KEA_wdog.o [1]
write_vtor              0x0000681b   0x20  Code  Gb  misc.o [1]


[1] = E:\2018飞卡\smart_car\2018_13th_NXP_Smartcar\Smartcar_直立\Prj\IAR\KEA128_Debug\Obj
[2] = command line
[3] = dl6M_tlf.a
[4] = m6M_tl.a
[5] = rt6M_tl.a

  17 332 bytes of readonly  code memory
   4 410 bytes of readonly  data memory
   2 456 bytes of readwrite data memory

Errors: none
Warnings: none
